znpsw	퀝
znpsg	퀞
znprt	퀛
znpqt	퀪
znpfx	퀥
znpfv	퀦
znpft	퀤
znpfr	퀡
znpfq	퀣
znpfg	퀧
znpfa	퀢
znlsw	퀹
znlsg	퀺
znlrt	퀷
znlqt	큆
znlfx	큁
znlfv	큂
znlft	큀
znlfr	퀽
znlfq	퀿
znlfg	큃
znlfa	퀾
znjsw	퀁
znjsg	퀂
znjrt	쿿
znjqt	퀎
znjfx	퀉
znjfv	퀊
znjft	퀈
znjfr	퀅
znjfq	퀇
znjfg	퀋
znjfa	퀆
zmlsw	킍
zmlsg	킎
zmlrt	킋
zmlqt	킚
zmlfx	킕
zmlfv	킖
zmlft	킔
zmlfr	킑
zmlfq	킓
zmlfg	킗
zmlfa	킒
zhosw	쾑
zhosg	쾒
zhort	쾏
zhoqt	쾞
zhofx	쾙
zhofv	쾚
zhoft	쾘
zhofr	쾕
zhofq	쾗
zhofg	쾛
zhofa	쾖
zhlsw	쾭
zhlsg	쾮
zhlrt	쾫
zhlqt	쾺
zhlfx	쾵
zhlfv	쾶
zhlft	쾴
zhlfr	쾱
zhlfq	쾳
zhlfg	쾷
zhlfa	쾲
zhksw	콵
zhksg	콶
zhkrt	콳
zhkqt	쾂
zhkfx	콽
zhkfv	콾
zhkft	콼
zhkfr	콹
zhkfq	콻
zhkfg	콿
zhkfa	콺
xnpsw	퉩
xnpsg	퉪
xnprt	퉧
xnpqt	퉶
xnpfx	퉱
xnpfv	퉲
xnpft	퉰
xnpfr	퉭
xnpfq	퉯
xnpfg	퉳
xnpfa	퉮
xnlsw	튅
xnlsg	튆
xnlrt	튃
xnlqt	튒
xnlfx	튍
xnlfv	튎
xnlft	튌
xnlfr	튉
xnlfq	튋
xnlfg	튏
xnlfa	튊
xnjsw	퉍
xnjsg	퉎
xnjrt	퉋
xnjqt	퉚
xnjfx	퉕
xnjfv	퉖
xnjft	퉔
xnjfr	퉑
xnjfq	퉓
xnjfg	퉗
xnjfa	퉒
xmlsw	틙
xmlsg	틚
xmlrt	틗
xmlqt	틦
xmlfx	틡
xmlfv	틢
xmlft	틠
xmlfr	틝
xmlfq	틟
xmlfg	틣
xmlfa	틞
xhosw	퇝
xhosg	퇞
xhort	퇛
xhoqt	퇪
xhofx	퇥
xhofv	퇦
xhoft	퇤
xhofr	퇡
xhofq	퇣
xhofg	퇧
xhofa	퇢
xhlsw	퇹
xhlsg	퇺
xhlrt	퇷
xhlqt	툆
xhlfx	툁
xhlfv	툂
xhlft	툀
xhlfr	퇽
xhlfq	퇿
xhlfg	툃
xhlfa	퇾
xhksw	퇁
xhksg	퇂
xhkrt	톿
xhkqt	퇎
xhkfx	퇉
xhkfv	퇊
xhkft	퇈
xhkfr	퇅
xhkfq	퇇
xhkfg	퇋
xhkfa	퇆
Wnpsw	쮅
wnpsw	줹
Wnpsg	쮆
wnpsg	줺
Wnprt	쮃
wnprt	줷
Wnpqt	쮒
wnpqt	쥆
Wnpfx	쮍
wnpfx	쥁
Wnpfv	쮎
wnpfv	쥂
Wnpft	쮌
wnpft	쥀
Wnpfr	쮉
wnpfr	줽
Wnpfq	쮋
wnpfq	줿
Wnpfg	쮏
wnpfg	쥃
Wnpfa	쮊
wnpfa	줾
Wnlsw	쮡
wnlsw	쥕
Wnlsg	쮢
wnlsg	쥖
Wnlrt	쮟
wnlrt	쥓
Wnlqt	쮮
wnlqt	쥢
Wnlfx	쮩
wnlfx	쥝
Wnlfv	쮪
wnlfv	쥞
Wnlft	쮨
wnlft	쥜
Wnlfr	쮥
wnlfr	쥙
Wnlfq	쮧
wnlfq	쥛
Wnlfg	쮫
wnlfg	쥟
Wnlfa	쮦
wnlfa	쥚
Wnjsw	쭩
wnjsw	줝
Wnjsg	쭪
wnjsg	줞
Wnjrt	쭧
wnjrt	줛
Wnjqt	쭶
wnjqt	줪
Wnjfx	쭱
wnjfx	줥
Wnjfv	쭲
wnjfv	줦
Wnjft	쭰
wnjft	줤
Wnjfr	쭭
wnjfr	줡
Wnjfq	쭯
wnjfq	줣
Wnjfg	쭳
wnjfg	줧
Wnjfa	쭮
wnjfa	줢
Wmlsw	쯵
wmlsw	즩
Wmlsg	쯶
wmlsg	즪
Wmlrt	쯳
wmlrt	즧
Wmlqt	찂
wmlqt	즶
Wmlfx	쯽
wmlfx	즱
Wmlfv	쯾
wmlfv	즲
Wmlft	쯼
wmlft	즰
Wmlfr	쯹
wmlfr	즭
Wmlfq	쯻
wmlfq	즯
Wmlfg	쯿
wmlfg	즳
Wmlfa	쯺
wmlfa	즮
Whosw	쫹
whosw	좭
Whosg	쫺
whosg	좮
Whort	쫷
whort	좫
Whoqt	쬆
whoqt	좺
Whofx	쬁
whofx	좵
Whofv	쬂
whofv	좶
Whoft	쬀
whoft	좴
Whofr	쫽
whofr	좱
Whofq	쫿
whofq	좳
Whofg	쬃
whofg	좷
Whofa	쫾
whofa	좲
Whlsw	쬕
whlsw	죉
Whlsg	쬖
whlsg	죊
Whlrt	쬓
whlrt	죇
Whlqt	쬢
whlqt	죖
Whlfx	쬝
whlfx	죑
Whlfv	쬞
whlfv	죒
Whlft	쬜
whlft	죐
Whlfr	쬙
whlfr	죍
Whlfq	쬛
whlfq	죏
Whlfg	쬟
whlfg	죓
Whlfa	쬚
whlfa	죎
Whksw	쫝
whksw	좑
Whksg	쫞
whksg	좒
Whkrt	쫛
whkrt	좏
Whkqt	쫪
whkqt	좞
Whkfx	쫥
whkfx	좙
Whkfv	쫦
whkfv	좚
Whkft	쫤
whkft	좘
Whkfr	쫡
whkfr	좕
Whkfq	쫣
whkfq	좗
Whkfg	쫧
whkfg	좛
Whkfa	쫢
whkfa	좖
vnpsw	풵
vnpsg	풶
vnprt	풳
vnpqt	퓂
vnpfx	풽
vnpfv	풾
vnpft	풼
vnpfr	풹
vnpfq	풻
vnpfg	풿
vnpfa	풺
vnlsw	퓑
vnlsg	퓒
vnlrt	퓏
vnlqt	퓞
vnlfx	퓙
vnlfv	퓚
vnlft	퓘
vnlfr	퓕
vnlfq	퓗
vnlfg	퓛
vnlfa	퓖
vnjsw	풙
vnjsg	풚
vnjrt	풗
vnjqt	풦
vnjfx	풡
vnjfv	풢
vnjft	풠
vnjfr	풝
vnjfq	풟
vnjfg	풣
vnjfa	풞
vmlsw	픥
vmlsg	픦
vmlrt	픣
vmlqt	픲
vmlfx	픭
vmlfv	픮
vmlft	픬
vmlfr	픩
vmlfq	픫
vmlfg	픯
vmlfa	픪
vhosw	퐩
vhosg	퐪
vhort	퐧
vhoqt	퐶
vhofx	퐱
vhofv	퐲
vhoft	퐰
vhofr	퐭
vhofq	퐯
vhofg	퐳
vhofa	퐮
vhlsw	푅
vhlsg	푆
vhlrt	푃
vhlqt	푒
vhlfx	푍
vhlfv	푎
vhlft	푌
vhlfr	푉
vhlfq	푋
vhlfg	푏
vhlfa	푊
vhksw	퐍
vhksg	퐎
vhkrt	퐋
vhkqt	퐚
vhkfx	퐕
vhkfv	퐖
vhkft	퐔
vhkfr	퐑
vhkfq	퐓
vhkfg	퐗
vhkfa	퐒
Tnpsw	쒡
tnpsw	쉕
Tnpsg	쒢
tnpsg	쉖
Tnprt	쒟
tnprt	쉓
Tnpqt	쒮
tnpqt	쉢
Tnpfx	쒩
tnpfx	쉝
Tnpfv	쒪
tnpfv	쉞
Tnpft	쒨
tnpft	쉜
Tnpfr	쒥
tnpfr	쉙
Tnpfq	쒧
tnpfq	쉛
Tnpfg	쒫
tnpfg	쉟
Tnpfa	쒦
tnpfa	쉚
Tnlsw	쒽
tnlsw	쉱
Tnlsg	쒾
tnlsg	쉲
Tnlrt	쒻
tnlrt	쉯
Tnlqt	쓊
tnlqt	쉾
Tnlfx	쓅
tnlfx	쉹
Tnlfv	쓆
tnlfv	쉺
Tnlft	쓄
tnlft	쉸
Tnlfr	쓁
tnlfr	쉵
Tnlfq	쓃
tnlfq	쉷
Tnlfg	쓇
tnlfg	쉻
Tnlfa	쓂
tnlfa	쉶
Tnjsw	쒅
tnjsw	숹
Tnjsg	쒆
tnjsg	숺
Tnjrt	쒃
tnjrt	숷
Tnjqt	쒒
tnjqt	쉆
Tnjfx	쒍
tnjfx	쉁
Tnjfv	쒎
tnjfv	쉂
Tnjft	쒌
tnjft	쉀
Tnjfr	쒉
tnjfr	숽
Tnjfq	쒋
tnjfq	숿
Tnjfg	쒏
tnjfg	쉃
Tnjfa	쒊
tnjfa	숾
Tmlsw	씑
tmlsw	싅
Tmlsg	씒
tmlsg	싆
Tmlrt	씏
tmlrt	싃
Tmlqt	씞
tmlqt	싒
Tmlfx	씙
tmlfx	싍
Tmlfv	씚
tmlfv	싎
Tmlft	씘
tmlft	싌
Tmlfr	씕
tmlfr	싉
Tmlfq	씗
tmlfq	싋
Tmlfg	씛
tmlfg	싏
Tmlfa	씖
tmlfa	싊
Thosw	쐕
thosw	쇉
Thosg	쐖
thosg	쇊
Thort	쐓
thort	쇇
Thoqt	쐢
thoqt	쇖
Thofx	쐝
thofx	쇑
Thofv	쐞
thofv	쇒
Thoft	쐜
thoft	쇐
Thofr	쐙
thofr	쇍
Thofq	쐛
thofq	쇏
Thofg	쐟
thofg	쇓
Thofa	쐚
thofa	쇎
Thlsw	쐱
thlsw	쇥
Thlsg	쐲
thlsg	쇦
Thlrt	쐯
thlrt	쇣
Thlqt	쐾
thlqt	쇲
Thlfx	쐹
thlfx	쇭
Thlfv	쐺
thlfv	쇮
Thlft	쐸
thlft	쇬
Thlfr	쐵
thlfr	쇩
Thlfq	쐷
thlfq	쇫
Thlfg	쐻
thlfg	쇯
Thlfa	쐶
thlfa	쇪
Thksw	쏹
thksw	솭
Thksg	쏺
thksg	솮
Thkrt	쏷
thkrt	솫
Thkqt	쐆
thkqt	솺
Thkfx	쐁
thkfx	솵
Thkfv	쐂
thkfv	솶
Thkft	쐀
thkft	솴
Thkfr	쏽
thkfr	솱
Thkfq	쏿
thkfq	솳
Thkfg	쐃
thkfg	솷
Thkfa	쏾
thkfa	솲
snpsw	뉁
snpsg	뉂
snprt	눿
snpqt	뉎
snpfx	뉉
snpfv	뉊
snpft	뉈
snpfr	뉅
snpfq	뉇
snpfg	뉋
snpfa	뉆
snlsw	뉝
snlsg	뉞
snlrt	뉛
snlqt	뉪
snlfx	뉥
snlfv	뉦
snlft	뉤
snlfr	뉡
snlfq	뉣
snlfg	뉧
snlfa	뉢
snjsw	눥
snjsg	눦
snjrt	눣
snjqt	눲
snjfx	눭
snjfv	눮
snjft	눬
snjfr	눩
snjfq	눫
snjfg	눯
snjfa	눪
smlsw	늱
smlsg	늲
smlrt	늯
smlqt	늾
smlfx	늹
smlfv	늺
smlft	늸
smlfr	늵
smlfq	늷
smlfg	늻
smlfa	늶
shosw	놵
shosg	놶
short	놳
shoqt	뇂
shofx	놽
shofv	놾
shoft	놼
shofr	놹
shofq	놻
shofg	놿
shofa	놺
shlsw	뇑
shlsg	뇒
shlrt	뇏
shlqt	뇞
shlfx	뇙
shlfv	뇚
shlft	뇘
shlfr	뇕
shlfq	뇗
shlfg	뇛
shlfa	뇖
shksw	놙
shksg	놚
shkrt	놗
shkqt	놦
shkfx	놡
shkfv	놢
shkft	놠
shkfr	놝
shkfq	놟
shkfg	놣
shkfa	놞
Rnpsw	꿵
rnpsw	궩
Rnpsg	꿶
rnpsg	궪
Rnprt	꿳
rnprt	궧
Rnpqt	뀂
rnpqt	궶
Rnpfx	꿽
rnpfx	궱
Rnpfv	꿾
rnpfv	궲
Rnpft	꿼
rnpft	궰
Rnpfr	꿹
rnpfr	궭
Rnpfq	꿻
rnpfq	궯
Rnpfg	꿿
rnpfg	궳
Rnpfa	꿺
rnpfa	궮
Rnlsw	뀑
rnlsw	귅
Rnlsg	뀒
rnlsg	귆
Rnlrt	뀏
rnlrt	귃
Rnlqt	뀞
rnlqt	귒
Rnlfx	뀙
rnlfx	귍
Rnlfv	뀚
rnlfv	귎
Rnlft	뀘
rnlft	귌
Rnlfr	뀕
rnlfr	귉
Rnlfq	뀗
rnlfq	귋
Rnlfg	뀛
rnlfg	귏
Rnlfa	뀖
rnlfa	귊
Rnjsw	꿙
rnjsw	궍
Rnjsg	꿚
rnjsg	궎
Rnjrt	꿗
rnjrt	궋
Rnjqt	꿦
rnjqt	궚
Rnjfx	꿡
rnjfx	궕
Rnjfv	꿢
rnjfv	궖
Rnjft	꿠
rnjft	궔
Rnjfr	꿝
rnjfr	궑
Rnjfq	꿟
rnjfq	궓
Rnjfg	꿣
rnjfg	궗
Rnjfa	꿞
rnjfa	궒
Rmlsw	끥
rmlsw	긙
Rmlsg	끦
rmlsg	긚
Rmlrt	끣
rmlrt	긗
Rmlqt	끲
rmlqt	긦
Rmlfx	끭
rmlfx	긡
Rmlfv	끮
rmlfv	긢
Rmlft	끬
rmlft	긠
Rmlfr	끩
rmlfr	긝
Rmlfq	끫
rmlfq	긟
Rmlfg	끯
rmlfg	긣
Rmlfa	끪
rmlfa	긞
Rhosw	꽩
rhosw	괝
Rhosg	꽪
rhosg	괞
Rhort	꽧
rhort	괛
Rhoqt	꽶
rhoqt	괪
Rhofx	꽱
rhofx	괥
Rhofv	꽲
rhofv	괦
Rhoft	꽰
rhoft	괤
Rhofr	꽭
rhofr	괡
Rhofq	꽯
rhofq	괣
Rhofg	꽳
rhofg	괧
Rhofa	꽮
rhofa	괢
Rhlsw	꾅
rhlsw	괹
Rhlsg	꾆
rhlsg	괺
Rhlrt	꾃
rhlrt	괷
Rhlqt	꾒
rhlqt	굆
Rhlfx	꾍
rhlfx	굁
Rhlfv	꾎
rhlfv	굂
Rhlft	꾌
rhlft	굀
Rhlfr	꾉
rhlfr	괽
Rhlfq	꾋
rhlfq	괿
Rhlfg	꾏
rhlfg	굃
Rhlfa	꾊
rhlfa	괾
Rhksw	꽍
rhksw	괁
Rhksg	꽎
rhksg	괂
Rhkrt	꽋
rhkrt	곿
Rhkqt	꽚
rhkqt	괎
Rhkfx	꽕
rhkfx	괉
Rhkfv	꽖
rhkfv	괊
Rhkft	꽔
rhkft	괈
Rhkfr	꽑
rhkfr	괅
Rhkfq	꽓
rhkfq	괇
Rhkfg	꽗
rhkfg	괋
Rhkfa	꽒
rhkfa	괆
Qnpsw	쀉
qnpsw	붽
Qnpsg	쀊
qnpsg	붾
Qnprt	쀇
qnprt	붻
Qnpqt	쀖
qnpqt	뷊
Qnpfx	쀑
qnpfx	뷅
Qnpfv	쀒
qnpfv	뷆
Qnpft	쀐
qnpft	뷄
Qnpfr	쀍
qnpfr	뷁
Qnpfq	쀏
qnpfq	뷃
Qnpfg	쀓
qnpfg	뷇
Qnpfa	쀎
qnpfa	뷂
Qnlsw	쀥
qnlsw	뷙
Qnlsg	쀦
qnlsg	뷚
Qnlrt	쀣
qnlrt	뷗
Qnlqt	쀲
qnlqt	뷦
Qnlfx	쀭
qnlfx	뷡
Qnlfv	쀮
qnlfv	뷢
Qnlft	쀬
qnlft	뷠
Qnlfr	쀩
qnlfr	뷝
Qnlfq	쀫
qnlfq	뷟
Qnlfg	쀯
qnlfg	뷣
Qnlfa	쀪
qnlfa	뷞
Qnjsw	뿭
qnjsw	붡
Qnjsg	뿮
qnjsg	붢
Qnjrt	뿫
qnjrt	붟
Qnjqt	뿺
qnjqt	붮
Qnjfx	뿵
qnjfx	붩
Qnjfv	뿶
qnjfv	붪
Qnjft	뿴
qnjft	붨
Qnjfr	뿱
qnjfr	붥
Qnjfq	뿳
qnjfq	붧
Qnjfg	뿷
qnjfg	붫
Qnjfa	뿲
qnjfa	붦
Qmlsw	쁹
qmlsw	븭
Qmlsg	쁺
qmlsg	븮
Qmlrt	쁷
qmlrt	븫
Qmlqt	삆
qmlqt	븺
Qmlfx	삁
qmlfx	븵
Qmlfv	삂
qmlfv	븶
Qmlft	삀
qmlft	븴
Qmlfr	쁽
qmlfr	븱
Qmlfq	쁿
qmlfq	븳
Qmlfg	삃
qmlfg	븷
Qmlfa	쁾
qmlfa	븲
Qhosw	뽽
qhosw	봱
Qhosg	뽾
qhosg	봲
Qhort	뽻
qhort	봯
Qhoqt	뾊
qhoqt	봾
Qhofx	뾅
qhofx	봹
Qhofv	뾆
qhofv	봺
Qhoft	뾄
qhoft	봸
Qhofr	뾁
qhofr	봵
Qhofq	뾃
qhofq	봷
Qhofg	뾇
qhofg	봻
Qhofa	뾂
qhofa	봶
Qhlsw	뾙
qhlsw	뵍
Qhlsg	뾚
qhlsg	뵎
Qhlrt	뾗
qhlrt	뵋
Qhlqt	뾦
qhlqt	뵚
Qhlfx	뾡
qhlfx	뵕
Qhlfv	뾢
qhlfv	뵖
Qhlft	뾠
qhlft	뵔
Qhlfr	뾝
qhlfr	뵑
Qhlfq	뾟
qhlfq	뵓
Qhlfg	뾣
qhlfg	뵗
Qhlfa	뾞
qhlfa	뵒
Qhksw	뽡
qhksw	봕
Qhksg	뽢
qhksg	봖
Qhkrt	뽟
qhkrt	봓
Qhkqt	뽮
qhkqt	봢
Qhkfx	뽩
qhkfx	봝
Qhkfv	뽪
qhkfv	봞
Qhkft	뽨
qhkft	봜
Qhkfr	뽥
qhkfr	봙
Qhkfq	뽧
qhkfq	봛
Qhkfg	뽫
qhkfg	봟
Qhkfa	뽦
qhkfa	봚
gnpsw	휁
gnpsg	휂
gnprt	훿
gnpqt	휎
gnpfx	휉
gnpfv	휊
gnpft	휈
gnpfr	휅
gnpfq	휇
gnpfg	휋
gnpfa	휆
gnlsw	휝
gnlsg	휞
gnlrt	휛
gnlqt	휪
gnlfx	휥
gnlfv	휦
gnlft	휤
gnlfr	휡
gnlfq	휣
gnlfg	휧
gnlfa	휢
gnjsw	훥
gnjsg	훦
gnjrt	훣
gnjqt	훲
gnjfx	훭
gnjfv	훮
gnjft	훬
gnjfr	훩
gnjfq	훫
gnjfg	훯
gnjfa	훪
gmlsw	흱
gmlsg	흲
gmlrt	흯
gmlqt	흾
gmlfx	흹
gmlfv	흺
gmlft	흸
gmlfr	흵
gmlfq	흷
gmlfg	흻
gmlfa	흶
ghosw	홵
ghosg	홶
ghort	홳
ghoqt	횂
ghofx	홽
ghofv	홾
ghoft	홼
ghofr	홹
ghofq	홻
ghofg	홿
ghofa	홺
ghlsw	횑
ghlsg	횒
ghlrt	횏
ghlqt	횞
ghlfx	횙
ghlfv	횚
ghlft	횘
ghlfr	횕
ghlfq	횗
ghlfg	횛
ghlfa	횖
ghksw	홙
ghksg	홚
ghkrt	홗
ghkqt	홦
ghkfx	홡
ghkfv	홢
ghkft	홠
ghkfr	홝
ghkfq	홟
ghkfg	홣
ghkfa	홞
fnpsw	뤥
fnpsg	뤦
fnprt	뤣
fnpqt	뤲
fnpfx	뤭
fnpfv	뤮
fnpft	뤬
fnpfr	뤩
fnpfq	뤫
fnpfg	뤯
fnpfa	뤪
fnlsw	륁
fnlsg	륂
fnlrt	뤿
fnlqt	륎
fnlfx	륉
fnlfv	륊
fnlft	륈
fnlfr	륅
fnlfq	륇
fnlfg	륋
fnlfa	륆
fnjsw	뤉
fnjsg	뤊
fnjrt	뤇
fnjqt	뤖
fnjfx	뤑
fnjfv	뤒
fnjft	뤐
fnjfr	뤍
fnjfq	뤏
fnjfg	뤓
fnjfa	뤎
fmlsw	릕
fmlsg	릖
fmlrt	릓
fmlqt	릢
fmlfx	릝
fmlfv	릞
fmlft	릜
fmlfr	릙
fmlfq	릛
fmlfg	릟
fmlfa	릚
fhosw	뢙
fhosg	뢚
fhort	뢗
fhoqt	뢦
fhofx	뢡
fhofv	뢢
fhoft	뢠
fhofr	뢝
fhofq	뢟
fhofg	뢣
fhofa	뢞
fhlsw	뢵
fhlsg	뢶
fhlrt	뢳
fhlqt	룂
fhlfx	뢽
fhlfv	뢾
fhlft	뢼
fhlfr	뢹
fhlfq	뢻
fhlfg	뢿
fhlfa	뢺
fhksw	롽
fhksg	롾
fhkrt	롻
fhkqt	뢊
fhkfx	뢅
fhkfv	뢆
fhkft	뢄
fhkfr	뢁
fhkfq	뢃
fhkfg	뢇
fhkfa	뢂
Enpsw	뛙
enpsw	뒍
Enpsg	뛚
enpsg	뒎
Enprt	뛗
enprt	뒋
Enpqt	뛦
enpqt	뒚
Enpfx	뛡
enpfx	뒕
Enpfv	뛢
enpfv	뒖
Enpft	뛠
enpft	뒔
Enpfr	뛝
enpfr	뒑
Enpfq	뛟
enpfq	뒓
Enpfg	뛣
enpfg	뒗
Enpfa	뛞
enpfa	뒒
Enlsw	뛵
enlsw	뒩
Enlsg	뛶
enlsg	뒪
Enlrt	뛳
enlrt	뒧
Enlqt	뜂
enlqt	뒶
Enlfx	뛽
enlfx	뒱
Enlfv	뛾
enlfv	뒲
Enlft	뛼
enlft	뒰
Enlfr	뛹
enlfr	뒭
Enlfq	뛻
enlfq	뒯
Enlfg	뛿
enlfg	뒳
Enlfa	뛺
enlfa	뒮
Enjsw	뚽
enjsw	둱
Enjsg	뚾
enjsg	둲
Enjrt	뚻
enjrt	둯
Enjqt	뛊
enjqt	둾
Enjfx	뛅
enjfx	둹
Enjfv	뛆
enjfv	둺
Enjft	뛄
enjft	둸
Enjfr	뛁
enjfr	둵
Enjfq	뛃
enjfq	둷
Enjfg	뛇
enjfg	둻
Enjfa	뛂
enjfa	둶
Emlsw	띉
emlsw	듽
Emlsg	띊
emlsg	듾
Emlrt	띇
emlrt	듻
Emlqt	띖
emlqt	딊
Emlfx	띑
emlfx	딅
Emlfv	띒
emlfv	딆
Emlft	띐
emlft	딄
Emlfr	띍
emlfr	딁
Emlfq	띏
emlfq	딃
Emlfg	띓
emlfg	딇
Emlfa	띎
emlfa	딂
Ehosw	뙍
ehosw	됁
Ehosg	뙎
ehosg	됂
Ehort	뙋
ehort	돿
Ehoqt	뙚
ehoqt	됎
Ehofx	뙕
ehofx	됉
Ehofv	뙖
ehofv	됊
Ehoft	뙔
ehoft	됈
Ehofr	뙑
ehofr	됅
Ehofq	뙓
ehofq	됇
Ehofg	뙗
ehofg	됋
Ehofa	뙒
ehofa	됆
Ehlsw	뙩
ehlsw	됝
Ehlsg	뙪
ehlsg	됞
Ehlrt	뙧
ehlrt	됛
Ehlqt	뙶
ehlqt	됪
Ehlfx	뙱
ehlfx	됥
Ehlfv	뙲
ehlfv	됦
Ehlft	뙰
ehlft	됤
Ehlfr	뙭
ehlfr	됡
Ehlfq	뙯
ehlfq	됣
Ehlfg	뙳
ehlfg	됧
Ehlfa	뙮
ehlfa	됢
Ehksw	똱
ehksw	돥
Ehksg	똲
ehksg	돦
Ehkrt	똯
ehkrt	돣
Ehkqt	똾
ehkqt	돲
Ehkfx	똹
ehkfx	돭
Ehkfv	똺
ehkfv	돮
Ehkft	똸
ehkft	돬
Ehkfr	똵
ehkfr	돩
Ehkfq	똷
ehkfq	돫
Ehkfg	똻
ehkfg	돯
Ehkfa	똶
ehkfa	돪
dnpsw	웭
dnpsg	웮
dnprt	웫
dnpqt	웺
dnpfx	웵
dnpfv	웶
dnpft	웴
dnpfr	웱
dnpfq	웳
dnpfg	웷
dnpfa	웲
dnlsw	윉
dnlsg	윊
dnlrt	윇
dnlqt	윖
dnlfx	윑
dnlfv	윒
dnlft	윐
dnlfr	윍
dnlfq	윏
dnlfg	윓
dnlfa	윎
dnjsw	웑
dnjsg	웒
dnjrt	웏
dnjqt	웞
dnjfx	웙
dnjfv	웚
dnjft	웘
dnjfr	웕
dnjfq	웗
dnjfg	웛
dnjfa	웖
dmlsw	읝
dmlsg	읞
dmlrt	읛
dmlqt	읪
dmlfx	읥
dmlfv	읦
dmlft	읤
dmlfr	읡
dmlfq	읣
dmlfg	읧
dmlfa	읢
dhosw	왡
dhosg	왢
dhort	왟
dhoqt	왮
dhofx	왩
dhofv	왪
dhoft	왨
dhofr	왥
dhofq	왧
dhofg	왫
dhofa	왦
dhlsw	왽
dhlsg	왾
dhlrt	왻
dhlqt	욊
dhlfx	욅
dhlfv	욆
dhlft	욄
dhlfr	욁
dhlfq	욃
dhlfg	욇
dhlfa	욂
dhksw	왅
dhksg	왆
dhkrt	왃
dhkqt	왒
dhkfx	왍
dhkfv	왎
dhkft	왌
dhkfr	왉
dhkfq	왋
dhkfg	왏
dhkfa	왊
cnpsw	췑
cnpsg	췒
cnprt	췏
cnpqt	췞
cnpfx	췙
cnpfv	췚
cnpft	췘
cnpfr	췕
cnpfq	췗
cnpfg	췛
cnpfa	췖
cnlsw	췭
cnlsg	췮
cnlrt	췫
cnlqt	췺
cnlfx	췵
cnlfv	췶
cnlft	췴
cnlfr	췱
cnlfq	췳
cnlfg	췷
cnlfa	췲
cnjsw	춵
cnjsg	춶
cnjrt	춳
cnjqt	췂
cnjfx	춽
cnjfv	춾
cnjft	춼
cnjfr	춹
cnjfq	춻
cnjfg	춿
cnjfa	춺
cmlsw	칁
cmlsg	칂
cmlrt	츿
cmlqt	칎
cmlfx	칉
cmlfv	칊
cmlft	칈
cmlfr	칅
cmlfq	칇
cmlfg	칋
cmlfa	칆
chosw	쵅
chosg	쵆
chort	쵃
choqt	쵒
chofx	쵍
chofv	쵎
choft	쵌
chofr	쵉
chofq	쵋
chofg	쵏
chofa	쵊
chlsw	쵡
chlsg	쵢
chlrt	쵟
chlqt	쵮
chlfx	쵩
chlfv	쵪
chlft	쵨
chlfr	쵥
chlfq	쵧
chlfg	쵫
chlfa	쵦
chksw	촩
chksg	촪
chkrt	촧
chkqt	촶
chkfx	촱
chkfv	촲
chkft	촰
chkfr	촭
chkfq	촯
chkfg	촳
chkfa	촮
anpsw	뭱
anpsg	뭲
anprt	뭯
anpqt	뭾
anpfx	뭹
anpfv	뭺
anpft	뭸
anpfr	뭵
anpfq	뭷
anpfg	뭻
anpfa	뭶
anlsw	뮍
anlsg	뮎
anlrt	뮋
anlqt	뮚
anlfx	뮕
anlfv	뮖
anlft	뮔
anlfr	뮑
anlfq	뮓
anlfg	뮗
anlfa	뮒
anjsw	뭕
anjsg	뭖
anjrt	뭓
anjqt	뭢
anjfx	뭝
anjfv	뭞
anjft	뭜
anjfr	뭙
anjfq	뭛
anjfg	뭟
anjfa	뭚
amlsw	믡
amlsg	믢
amlrt	믟
amlqt	믮
amlfx	믩
amlfv	믪
amlft	믨
amlfr	믥
amlfq	믧
amlfg	믫
amlfa	믦
ahosw	뫥
ahosg	뫦
ahort	뫣
ahoqt	뫲
ahofx	뫭
ahofv	뫮
ahoft	뫬
ahofr	뫩
ahofq	뫫
ahofg	뫯
ahofa	뫪
ahlsw	묁
ahlsg	묂
ahlrt	뫿
ahlqt	묎
ahlfx	묉
ahlfv	묊
ahlft	묈
ahlfr	묅
ahlfq	묇
ahlfg	묋
ahlfa	묆
ahksw	뫉
ahksg	뫊
ahkrt	뫇
ahkqt	뫖
ahkfx	뫑
ahkfv	뫒
ahkft	뫐
ahkfr	뫍
ahkfq	뫏
ahkfg	뫓
ahkfa	뫎
zysw	쿉
zysg	쿊
zyrt	쿇
zyqt	쿖
zyfx	쿑
zyfv	쿒
zyft	쿐
zyfr	쿍
zyfq	쿏
zyfg	쿓
zyfa	쿎
zusw	켡
zusg	켢
zurt	켟
zuqt	켮
zufx	켩
zufv	켪
zuft	켨
zufr	켥
zufq	켧
zufg	켫
zufa	켦
zPsw	켽
zpsw	켅
zPsg	켾
zpsg	켆
zPrt	켻
zprt	켃
zPqt	콊
zpqt	켒
zPfx	콅
zpfx	켍
zPfv	콆
zpfv	켎
zPft	콄
zpft	켌
zPfr	콁
zpfr	켉
zPfq	콃
zpfq	켋
zPfg	콇
zpfg	켏
zPfa	콂
zpfa	켊
zOsw	컍
zosw	캕
zOsg	컎
zosg	캖
zOrt	컋
zort	캓
zOqt	컚
zoqt	캢
zOfx	컕
zofx	캝
zOfv	컖
zofv	캞
zOft	컔
zoft	캜
zOfr	컑
zofr	캙
zOfq	컓
zofq	캛
zOfg	컗
zofg	캟
zOfa	컒
zofa	캚
znsw	쿥
znsg	쿦
znrt	쿣
znqt	쿲
znpz	퀰
znpx	퀱
znpw	퀮
znpv	퀲
znpT	퀬
znpt	퀫
znps	퀜
znpR	퀚
znpr	퀙
znpq	퀩
znpg	퀳
znpf	퀠
znpe	퀟
znpd	퀭
znpc	퀯
znpa	퀨
znlz	큌
znlx	큍
znlw	큊
znlv	큎
znlT	큈
znlt	큇
znls	퀸
znlR	퀶
znlr	퀵
znlq	큅
znlg	큏
znlf	퀼
znle	퀻
znld	큉
znlc	큋
znla	큄
znjz	퀔
znjx	퀕
znjw	퀒
znjv	퀖
znjT	퀐
znjt	퀏
znjs	퀀
znjR	쿾
znjr	쿽
znjq	퀍
znjg	퀗
znjf	퀄
znje	퀃
znjd	퀑
znjc	퀓
znja	퀌
znfx	쿭
znfv	쿮
znft	쿬
znfr	쿩
znfq	쿫
znfg	쿯
znfa	쿪
zmsw	큱
zmsg	큲
zmrt	큯
zmqt	큾
zmlz	킠
zmlx	킡
zmlw	킞
zmlv	킢
zmlT	킜
zmlt	킛
zmls	킌
zmlR	킊
zmlr	킉
zmlq	킙
zmlg	킣
zmlf	킐
zmle	킏
zmld	킝
zmlc	킟
zmla	킘
zmfx	큹
zmfv	큺
zmft	큸
zmfr	큵
zmfq	큷
zmfg	큻
zmfa	큶
zlsw	킩
zlsg	킪
zlrt	킧
zlqt	킶
zlfx	킱
zlfv	킲
zlft	킰
zlfr	킭
zlfq	킯
zlfg	킳
zlfa	킮
zksw	칹
zksg	칺
zkrt	칷
zkqt	캆
zkfx	캁
zkfv	캂
zkft	캀
zkfr	칽
zkfq	칿
zkfg	캃
zkfa	칾
zjsw	컩
zjsg	컪
zjrt	컧
zjqt	컶
zjfx	컱
zjfv	컲
zjft	컰
zjfr	컭
zjfq	컯
zjfg	컳
zjfa	컮
zisw	캱
zisg	캲
zirt	캯
ziqt	캾
zifx	캹
zifv	캺
zift	캸
zifr	캵
zifq	캷
zifg	캻
zifa	캶
zhsw	콙
zhsg	콚
zhrt	콗
zhqt	콦
zhoz	쾤
zhox	쾥
zhow	쾢
zhov	쾦
zhoT	쾠
zhot	쾟
zhos	쾐
zhoR	쾎
zhor	쾍
zhoq	쾝
zhog	쾧
zhof	쾔
zhoe	쾓
zhod	쾡
zhoc	쾣
zhoa	쾜
zhlz	쿀
zhlx	쿁
zhlw	쾾
zhlv	쿂
zhlT	쾼
zhlt	쾻
zhls	쾬
zhlR	쾪
zhlr	쾩
zhlq	쾹
zhlg	쿃
zhlf	쾰
zhle	쾯
zhld	쾽
zhlc	쾿
zhla	쾸
zhkz	쾈
zhkx	쾉
zhkw	쾆
zhkv	쾊
zhkT	쾄
zhkt	쾃
zhks	콴
zhkR	콲
zhkr	콱
zhkq	쾁
zhkg	쾋
zhkf	콸
zhke	콷
zhkd	쾅
zhkc	쾇
zhka	쾀
zhfx	콡
zhfv	콢
zhft	콠
zhfr	콝
zhfq	콟
zhfg	콣
zhfa	콞
zbsw	큕
zbsg	큖
zbrt	큓
zbqt	큢
zbfx	큝
zbfv	큞
zbft	큜
zbfr	큙
zbfq	큛
zbfg	큟
zbfa	큚
xysw	툕
xysg	툖
xyrt	툓
xyqt	툢
xyfx	툝
xyfv	툞
xyft	툜
xyfr	툙
xyfq	툛
xyfg	툟
xyfa	툚
xusw	텭
xusg	텮
xurt	텫
xuqt	텺
xufx	텵
xufv	텶
xuft	텴
xufr	텱
xufq	텳
xufg	텷
xufa	텲
xPsw	톉
xpsw	텑
xPsg	톊
xpsg	텒
xPrt	톇
xprt	텏
xPqt	톖
xpqt	텞
xPfx	톑
xpfx	텙
xPfv	톒
xpfv	텚
xPft	톐
xpft	텘
xPfr	톍
xpfr	텕
xPfq	톏
xpfq	텗
xPfg	톓
xpfg	텛
xPfa	톎
xpfa	텖
xOsw	턙
xosw	탡
xOsg	턚
xosg	탢
xOrt	턗
xort	탟
xOqt	턦
xoqt	탮
xOfx	턡
xofx	탩
xOfv	턢
xofv	탪
xOft	턠
xoft	탨
xOfr	턝
xofr	탥
xOfq	턟
xofq	탧
xOfg	턣
xofg	탫
xOfa	턞
xofa	탦
xnsw	툱
xnsg	툲
xnrt	툯
xnqt	툾
xnpz	퉼
xnpx	퉽
xnpw	퉺
xnpv	퉾
xnpT	퉸
xnpt	퉷
xnps	퉨
xnpR	퉦
xnpr	퉥
xnpq	퉵
xnpg	퉿
xnpf	퉬
xnpe	퉫
xnpd	퉹
xnpc	퉻
xnpa	퉴
xnlz	튘
xnlx	튙
xnlw	튖
xnlv	튚
xnlT	튔
xnlt	튓
xnls	튄
xnlR	튂
xnlr	튁
xnlq	튑
xnlg	튛
xnlf	튈
xnle	튇
xnld	튕
xnlc	튗
xnla	튐
xnjz	퉠
xnjx	퉡
xnjw	퉞
xnjv	퉢
xnjT	퉜
xnjt	퉛
xnjs	퉌
xnjR	퉊
xnjr	퉉
xnjq	퉙
xnjg	퉣
xnjf	퉐
xnje	퉏
xnjd	퉝
xnjc	퉟
xnja	퉘
xnfx	툹
xnfv	툺
xnft	툸
xnfr	툵
xnfq	툷
xnfg	툻
xnfa	툶
xmsw	튽
xmsg	튾
xmrt	튻
xmqt	틊
xmlz	틬
xmlx	틭
xmlw	틪
xmlv	틮
xmlT	틨
xmlt	틧
xmls	틘
xmlR	틖
xmlr	틕
xmlq	틥
xmlg	틯
xmlf	틜
xmle	틛
xmld	틩
xmlc	틫
xmla	틤
xmfx	틅
xmfv	틆
xmft	틄
xmfr	틁
xmfq	틃
xmfg	틇
xmfa	틂
xlsw	틵
xlsg	틶
xlrt	틳
xlqt	팂
xlfx	틽
xlfv	틾
xlft	틼
xlfr	틹
xlfq	틻
xlfg	틿
xlfa	틺
xksw	탅
xksg	탆
xkrt	탃
xkqt	탒
xkfx	탍
xkfv	탎
xkft	탌
xkfr	탉
xkfq	탋
xkfg	탏
xkfa	탊
xjsw	턵
xjsg	턶
xjrt	턳
xjqt	텂
xjfx	턽
xjfv	턾
xjft	턼
xjfr	턹
xjfq	턻
xjfg	턿
xjfa	턺
xisw	탽
xisg	탾
xirt	탻
xiqt	턊
xifx	턅
xifv	턆
xift	턄
xifr	턁
xifq	턃
xifg	턇
xifa	턂
xhsw	톥
xhsg	톦
xhrt	톣
xhqt	톲
xhoz	퇰
xhox	퇱
xhow	퇮
xhov	퇲
xhoT	퇬
xhot	퇫
xhos	퇜
xhoR	퇚
xhor	퇙
xhoq	퇩
xhog	퇳
xhof	퇠
xhoe	퇟
xhod	퇭
xhoc	퇯
xhoa	퇨
xhlz	툌
xhlx	툍
xhlw	툊
xhlv	툎
xhlT	툈
xhlt	툇
xhls	퇸
xhlR	퇶
xhlr	퇵
xhlq	툅
xhlg	툏
xhlf	퇼
xhle	퇻
xhld	툉
xhlc	툋
xhla	툄
xhkz	퇔
xhkx	퇕
xhkw	퇒
xhkv	퇖
xhkT	퇐
xhkt	퇏
xhks	퇀
xhkR	톾
xhkr	톽
xhkq	퇍
xhkg	퇗
xhkf	퇄
xhke	퇃
xhkd	퇑
xhkc	퇓
xhka	퇌
xhfx	톭
xhfv	톮
xhft	톬
xhfr	톩
xhfq	톫
xhfg	톯
xhfa	톪
xbsw	튡
xbsg	튢
xbrt	튟
xbqt	튮
xbfx	튩
xbfv	튪
xbft	튨
xbfr	튥
xbfq	튧
xbfg	튫
xbfa	튦
Wysw	쬱
wysw	죥
Wysg	쬲
wysg	죦
Wyrt	쬯
wyrt	죣
Wyqt	쬾
wyqt	죲
Wyfx	쬹
wyfx	죭
Wyfv	쬺
wyfv	죮
Wyft	쬸
wyft	죬
Wyfr	쬵
wyfr	죩
Wyfq	쬷
wyfq	죫
Wyfg	쬻
wyfg	죯
Wyfa	쬶
wyfa	죪
Wusw	쪉
wusw	젽
Wusg	쪊
wusg	젾
Wurt	쪇
wurt	젻
Wuqt	쪖
wuqt	졊
Wufx	쪑
wufx	졅
Wufv	쪒
wufv	졆
Wuft	쪐
wuft	졄
Wufr	쪍
wufr	졁
Wufq	쪏
wufq	졃
Wufg	쪓
wufg	졇
Wufa	쪎
wufa	졂
WPsw	쪥
Wpsw	쩭
wPsw	졙
wpsw	젡
WPsg	쪦
Wpsg	쩮
wPsg	졚
wpsg	젢
WPrt	쪣
Wprt	쩫
wPrt	졗
wprt	젟
WPqt	쪲
Wpqt	쩺
wPqt	졦
wpqt	젮
WPfx	쪭
Wpfx	쩵
wPfx	졡
wpfx	젩
WPfv	쪮
Wpfv	쩶
wPfv	졢
wpfv	젪
WPft	쪬
Wpft	쩴
wPft	졠
wpft	젨
WPfr	쪩
Wpfr	쩱
wPfr	졝
wpfr	젥
WPfq	쪫
Wpfq	쩳
wPfq	졟
wpfq	젧
WPfg	쪯
Wpfg	쩷
wPfg	졣
wpfg	젫
WPfa	쪪
Wpfa	쩲
wPfa	졞
wpfa	젦
WOsw	쨵
Wosw	짽
wOsw	쟩
wosw	잱
WOsg	쨶
Wosg	짾
wOsg	쟪
wosg	잲
WOrt	쨳
Wort	짻
wOrt	쟧
wort	잯
WOqt	쩂
Woqt	쨊
wOqt	쟶
woqt	잾
WOfx	쨽
Wofx	쨅
wOfx	쟱
wofx	잹
WOfv	쨾
Wofv	쨆
wOfv	쟲
wofv	잺
WOft	쨼
Woft	쨄
wOft	쟰
woft	잸
WOfr	쨹
Wofr	쨁
wOfr	쟭
wofr	잵
WOfq	쨻
Wofq	쨃
wOfq	쟯
wofq	잷
WOfg	쨿
Wofg	쨇
wOfg	쟳
wofg	잻
WOfa	쨺
Wofa	쨂
wOfa	쟮
wofa	잶
Wnsw	쭍
wnsw	줁
Wnsg	쭎
wnsg	줂
Wnrt	쭋
wnrt	죿
Wnqt	쭚
wnqt	줎
Wnpz	쮘
wnpz	쥌
Wnpx	쮙
wnpx	쥍
Wnpw	쮖
wnpw	쥊
Wnpv	쮚
wnpv	쥎
WnpT	쮔
Wnpt	쮓
wnpT	쥈
wnpt	쥇
Wnps	쮄
wnps	줸
WnpR	쮂
Wnpr	쮁
wnpR	줶
wnpr	줵
Wnpq	쮑
wnpq	쥅
Wnpg	쮛
wnpg	쥏
Wnpf	쮈
wnpf	줼
Wnpe	쮇
wnpe	줻
Wnpd	쮕
wnpd	쥉
Wnpc	쮗
wnpc	쥋
Wnpa	쮐
wnpa	쥄
Wnlz	쮴
wnlz	쥨
Wnlx	쮵
wnlx	쥩
Wnlw	쮲
wnlw	쥦
Wnlv	쮶
wnlv	쥪
WnlT	쮰
Wnlt	쮯
wnlT	쥤
wnlt	쥣
Wnls	쮠
wnls	쥔
WnlR	쮞
Wnlr	쮝
wnlR	쥒
wnlr	쥑
Wnlq	쮭
wnlq	쥡
Wnlg	쮷
wnlg	쥫
Wnlf	쮤
wnlf	쥘
Wnle	쮣
wnle	쥗
Wnld	쮱
wnld	쥥
Wnlc	쮳
wnlc	쥧
Wnla	쮬
wnla	쥠
Wnjz	쭼
wnjz	줰
Wnjx	쭽
wnjx	줱
Wnjw	쭺
wnjw	줮
Wnjv	쭾
wnjv	줲
WnjT	쭸
Wnjt	쭷
wnjT	줬
wnjt	줫
Wnjs	쭨
wnjs	줜
WnjR	쭦
Wnjr	쭥
wnjR	줚
wnjr	줙
Wnjq	쭵
wnjq	줩
Wnjg	쭿
wnjg	줳
Wnjf	쭬
wnjf	줠
Wnje	쭫
wnje	줟
Wnjd	쭹
wnjd	줭
Wnjc	쭻
wnjc	줯
Wnja	쭴
wnja	줨
Wnfx	쭕
wnfx	줉
Wnfv	쭖
wnfv	줊
Wnft	쭔
wnft	줈
Wnfr	쭑
wnfr	줅
Wnfq	쭓
wnfq	줇
Wnfg	쭗
wnfg	줋
Wnfa	쭒
wnfa	줆
Wmsw	쯙
wmsw	즍
Wmsg	쯚
wmsg	즎
Wmrt	쯗
wmrt	즋
Wmqt	쯦
wmqt	즚
Wmlz	찈
wmlz	즼
Wmlx	찉
wmlx	즽
Wmlw	찆
wmlw	즺
Wmlv	찊
wmlv	즾
WmlT	찄
Wmlt	찃
wmlT	즸
wmlt	즷
Wmls	쯴
wmls	즨
WmlR	쯲
Wmlr	쯱
wmlR	즦
wmlr	즥
Wmlq	찁
wmlq	즵
Wmlg	찋
wmlg	즿
Wmlf	쯸
wmlf	즬
Wmle	쯷
wmle	즫
Wmld	찅
wmld	즹
Wmlc	찇
wmlc	즻
Wmla	찀
wmla	즴
Wmfx	쯡
wmfx	즕
Wmfv	쯢
wmfv	즖
Wmft	쯠
wmft	즔
Wmfr	쯝
wmfr	즑
Wmfq	쯟
wmfq	즓
Wmfg	쯣
wmfg	즗
Wmfa	쯞
wmfa	즒
Wlsw	찑
wlsw	짅
Wlsg	찒
wlsg	짆
Wlrt	찏
wlrt	짃
Wlqt	찞
wlqt	짒
Wlfx	찙
wlfx	짍
Wlfv	찚
wlfv	짎
Wlft	찘
wlft	짌
Wlfr	찕
wlfr	짉
Wlfq	찗
wlfq	짋
Wlfg	찛
wlfg	짏
Wlfa	찖
wlfa	짊
Wksw	짡
wksw	잕
Wksg	짢
wksg	잖
Wkrt	짟
wkrt	잓
Wkqt	짮
wkqt	잢
Wkfx	짩
wkfx	잝
Wkfv	짪
wkfv	잞
Wkft	짨
wkft	잜
Wkfr	짥
wkfr	잙
Wkfq	짧
wkfq	잛
Wkfg	짫
wkfg	잟
Wkfa	짦
wkfa	잚
Wjsw	쩑
wjsw	젅
Wjsg	쩒
wjsg	젆
Wjrt	쩏
wjrt	젃
Wjqt	쩞
wjqt	젒
Wjfx	쩙
wjfx	젍
Wjfv	쩚
wjfv	젎
Wjft	쩘
wjft	젌
Wjfr	쩕
wjfr	젉
Wjfq	쩗
wjfq	젋
Wjfg	쩛
wjfg	젏
Wjfa	쩖
wjfa	젊
Wisw	쨙
wisw	쟍
Wisg	쨚
wisg	쟎
Wirt	쨗
wirt	쟋
Wiqt	쨦
wiqt	쟚
Wifx	쨡
wifx	쟕
Wifv	쨢
wifv	쟖
Wift	쨠
wift	쟔
Wifr	쨝
wifr	쟑
Wifq	쨟
wifq	쟓
Wifg	쨣
wifg	쟗
Wifa	쨞
wifa	쟒
Whsw	쫁
whsw	졵
Whsg	쫂
whsg	졶
Whrt	쪿
whrt	졳
Whqt	쫎
whqt	좂
Whoz	쬌
whoz	죀
Whox	쬍
whox	죁
Whow	쬊
whow	좾
Whov	쬎
whov	죂
WhoT	쬈
Whot	쬇
whoT	좼
whot	좻
Whos	쫸
whos	좬
WhoR	쫶
Whor	쫵
whoR	좪
whor	좩
Whoq	쬅
whoq	좹
Whog	쬏
whog	죃
Whof	쫼
whof	좰
Whoe	쫻
whoe	좯
Whod	쬉
whod	좽
Whoc	쬋
whoc	좿
Whoa	쬄
whoa	좸
Whlz	쬨
whlz	죜
Whlx	쬩
whlx	죝
Whlw	쬦
whlw	죚
Whlv	쬪
whlv	죞
WhlT	쬤
Whlt	쬣
whlT	죘
whlt	죗
Whls	쬔
whls	죈
WhlR	쬒
Whlr	쬑
whlR	죆
whlr	죅
Whlq	쬡
whlq	죕
Whlg	쬫
whlg	죟
Whlf	쬘
whlf	죌
Whle	쬗
whle	죋
Whld	쬥
whld	죙
Whlc	쬧
whlc	죛
Whla	쬠
whla	죔
Whkz	쫰
whkz	좤
Whkx	쫱
whkx	좥
Whkw	쫮
whkw	좢
Whkv	쫲
whkv	좦
WhkT	쫬
Whkt	쫫
whkT	좠
whkt	좟
Whks	쫜
whks	좐
WhkR	쫚
Whkr	쫙
whkR	좎
whkr	좍
Whkq	쫩
whkq	좝
Whkg	쫳
whkg	좧
Whkf	쫠
whkf	좔
Whke	쫟
whke	좓
Whkd	쫭
whkd	좡
Whkc	쫯
whkc	좣
Whka	쫨
whka	좜
Whfx	쫉
whfx	졽
Whfv	쫊
whfv	졾
Whft	쫈
whft	졼
Whfr	쫅
whfr	졹
Whfq	쫇
whfq	졻
Whfg	쫋
whfg	졿
Whfa	쫆
whfa	졺
Wbsw	쮽
wbsw	쥱
Wbsg	쮾
wbsg	쥲
Wbrt	쮻
wbrt	쥯
Wbqt	쯊
wbqt	쥾
Wbfx	쯅
wbfx	쥹
Wbfv	쯆
wbfv	쥺
Wbft	쯄
wbft	쥸
Wbfr	쯁
wbfr	쥵
Wbfq	쯃
wbfq	쥷
Wbfg	쯇
wbfg	쥻
Wbfa	쯂
wbfa	쥶
vysw	푡
vysg	푢
vyrt	푟
vyqt	푮
vyfx	푩
vyfv	푪
vyft	푨
vyfr	푥
vyfq	푧
vyfg	푫
vyfa	푦
vusw	펹
vusg	펺
vurt	펷
vuqt	폆
vufx	폁
vufv	폂
vuft	폀
vufr	펽
vufq	펿
vufg	폃
vufa	펾
vPsw	폕
vpsw	펝
vPsg	폖
vpsg	펞
vPrt	폓
vprt	펛
vPqt	폢
vpqt	펪
vPfx	폝
vpfx	펥
vPfv	폞
vpfv	펦
vPft	폜
vpft	펤
vPfr	폙
vpfr	펡
vPfq	폛
vpfq	펣
vPfg	폟
vpfg	펧
vPfa	폚
vpfa	펢
vOsw	퍥
vosw	팭
vOsg	퍦
vosg	팮
vOrt	퍣
vort	팫
vOqt	퍲
voqt	팺
vOfx	퍭
vofx	팵
vOfv	퍮
vofv	팶
vOft	퍬
voft	팴
vOfr	퍩
vofr	팱
vOfq	퍫
vofq	팳
vOfg	퍯
vofg	팷
vOfa	퍪
vofa	팲
vnsw	푽
vnsg	푾
vnrt	푻
vnqt	풊
vnpz	퓈
vnpx	퓉
vnpw	퓆
vnpv	퓊
vnpT	퓄
vnpt	퓃
vnps	풴
vnpR	풲
vnpr	풱
vnpq	퓁
vnpg	퓋
vnpf	풸
vnpe	풷
vnpd	퓅
vnpc	퓇
vnpa	퓀
vnlz	퓤
vnlx	퓥
vnlw	퓢
vnlv	퓦
vnlT	퓠
vnlt	퓟
vnls	퓐
vnlR	퓎
vnlr	퓍
vnlq	퓝
vnlg	퓧
vnlf	퓔
vnle	퓓
vnld	퓡
vnlc	퓣
vnla	퓜
vnjz	풬
vnjx	풭
vnjw	풪
vnjv	풮
vnjT	풨
vnjt	풧
vnjs	풘
vnjR	풖
vnjr	풕
vnjq	풥
vnjg	풯
vnjf	풜
vnje	풛
vnjd	풩
vnjc	풫
vnja	풤
vnfx	풅
vnfv	풆
vnft	풄
vnfr	풁
vnfq	풃
vnfg	풇
vnfa	풂
vmsw	픉
vmsg	픊
vmrt	픇
vmqt	픖
vmlz	픸
vmlx	픹
vmlw	픶
vmlv	픺
vmlT	픴
vmlt	픳
vmls	픤
vmlR	픢
vmlr	픡
vmlq	픱
vmlg	픻
vmlf	픨
vmle	픧
vmld	픵
vmlc	픷
vmla	픰
vmfx	픑
vmfv	픒
vmft	픐
vmfr	픍
vmfq	픏
vmfg	픓
vmfa	픎
vlsw	핁
vlsg	핂
vlrt	픿
vlqt	핎
vlfx	핉
vlfv	핊
vlft	핈
vlfr	핅
vlfq	핇
vlfg	핋
vlfa	핆
vksw	팑
vksg	팒
vkrt	팏
vkqt	팞
vkfx	팙
vkfv	팚
vkft	팘
vkfr	팕
vkfq	팗
vkfg	팛
vkfa	팖
vjsw	펁
vjsg	펂
vjrt	퍿
vjqt	펎
vjfx	펉
vjfv	펊
vjft	펈
vjfr	펅
vjfq	펇
vjfg	펋
vjfa	펆
visw	퍉
visg	퍊
virt	퍇
viqt	퍖
vifx	퍑
vifv	퍒
vift	퍐
vifr	퍍
vifq	퍏
vifg	퍓
vifa	퍎
vhsw	폱
vhsg	폲
vhrt	폯
vhqt	폾
vhoz	퐼
vhox	퐽
vhow	퐺
vhov	퐾
vhoT	퐸
vhot	퐷
vhos	퐨
vhoR	퐦
vhor	퐥
vhoq	퐵
vhog	퐿
vhof	퐬
vhoe	퐫
vhod	퐹
vhoc	퐻
vhoa	퐴
vhlz	푘
vhlx	푙
vhlw	푖
vhlv	푚
vhlT	푔
vhlt	푓
vhls	푄
vhlR	푂
vhlr	푁
vhlq	푑
vhlg	푛
vhlf	푈
vhle	푇
vhld	푕
vhlc	푗
vhla	푐
vhkz	퐠
vhkx	퐡
vhkw	퐞
vhkv	퐢
vhkT	퐜
vhkt	퐛
vhks	퐌
vhkR	퐊
vhkr	퐉
vhkq	퐙
vhkg	퐣
vhkf	퐐
vhke	퐏
vhkd	퐝
vhkc	퐟
vhka	퐘
vhfx	폹
vhfv	폺
vhft	폸
vhfr	폵
vhfq	폷
vhfg	폻
vhfa	폶
vbsw	퓭
vbsg	퓮
vbrt	퓫
vbqt	퓺
vbfx	퓵
vbfv	퓶
vbft	퓴
vbfr	퓱
vbfq	퓳
vbfg	퓷
vbfa	퓲
Tysw	쑍
tysw	숁
Tysg	쑎
tysg	숂
Tyrt	쑋
tyrt	쇿
Tyqt	쑚
tyqt	숎
Tyfx	쑕
tyfx	숉
Tyfv	쑖
tyfv	숊
Tyft	쑔
tyft	숈
Tyfr	쑑
tyfr	숅
Tyfq	쑓
tyfq	숇
Tyfg	쑗
tyfg	숋
Tyfa	쑒
tyfa	숆
Tusw	쎥
tusw	셙
Tusg	쎦
tusg	셚
Turt	쎣
turt	셗
Tuqt	쎲
tuqt	셦
Tufx	쎭
tufx	셡
Tufv	쎮
tufv	셢
Tuft	쎬
tuft	셠
Tufr	쎩
tufr	셝
Tufq	쎫
tufq	셟
Tufg	쎯
tufg	셣
Tufa	쎪
tufa	셞
TPsw	쏁
Tpsw	쎉
tPsw	셵
tpsw	섽
TPsg	쏂
Tpsg	쎊
tPsg	셶
tpsg	섾
TPrt	쎿
Tprt	쎇
tPrt	셳
tprt	섻
TPqt	쏎
Tpqt	쎖
tPqt	솂
tpqt	셊
TPfx	쏉
Tpfx	쎑
tPfx	셽
tpfx	셅
TPfv	쏊
Tpfv	쎒
tPfv	셾
tpfv	셆
TPft	쏈
Tpft	쎐
tPft	셼
tpft	셄
TPfr	쏅
Tpfr	쎍
tPfr	셹
tpfr	셁
TPfq	쏇
Tpfq	쎏
tPfq	셻
tpfq	셃
TPfg	쏋
Tpfg	쎓
tPfg	셿
tpfg	셇
TPfa	쏆
Tpfa	쎎
tPfa	셺
tpfa	셂
TOsw	썑
Tosw	쌙
tOsw	섅
tosw	샍
TOsg	썒
Tosg	쌚
tOsg	섆
tosg	샎
TOrt	썏
Tort	쌗
tOrt	섃
tort	샋
TOqt	썞
Toqt	쌦
tOqt	섒
toqt	샚
TOfx	썙
Tofx	쌡
tOfx	섍
tofx	샕
TOfv	썚
Tofv	쌢
tOfv	섎
tofv	샖
TOft	썘
Toft	쌠
tOft	섌
toft	샔
TOfr	썕
Tofr	쌝
tOfr	섉
tofr	샑
TOfq	썗
Tofq	쌟
tOfq	섋
tofq	샓
TOfg	썛
Tofg	쌣
tOfg	섏
tofg	샗
TOfa	썖
Tofa	쌞
tOfa	섊
tofa	샒
Tnsw	쑩
tnsw	숝
Tnsg	쑪
tnsg	숞
Tnrt	쑧
tnrt	숛
Tnqt	쑶
tnqt	숪
Tnpz	쒴
tnpz	쉨
Tnpx	쒵
tnpx	쉩
Tnpw	쒲
tnpw	쉦
Tnpv	쒶
tnpv	쉪
TnpT	쒰
Tnpt	쒯
tnpT	쉤
tnpt	쉣
Tnps	쒠
tnps	쉔
TnpR	쒞
Tnpr	쒝
tnpR	쉒
tnpr	쉑
Tnpq	쒭
tnpq	쉡
Tnpg	쒷
tnpg	쉫
Tnpf	쒤
tnpf	쉘
Tnpe	쒣
tnpe	쉗
Tnpd	쒱
tnpd	쉥
Tnpc	쒳
tnpc	쉧
Tnpa	쒬
tnpa	쉠
Tnlz	쓐
tnlz	슄
Tnlx	쓑
tnlx	슅
Tnlw	쓎
tnlw	슂
Tnlv	쓒
tnlv	슆
TnlT	쓌
Tnlt	쓋
tnlT	슀
tnlt	쉿
Tnls	쒼
tnls	쉰
TnlR	쒺
Tnlr	쒹
tnlR	쉮
tnlr	쉭
Tnlq	쓉
tnlq	쉽
Tnlg	쓓
tnlg	슇
Tnlf	쓀
tnlf	쉴
Tnle	쒿
tnle	쉳
Tnld	쓍
tnld	슁
Tnlc	쓏
tnlc	슃
Tnla	쓈
tnla	쉼
Tnjz	쒘
tnjz	쉌
Tnjx	쒙
tnjx	쉍
Tnjw	쒖
tnjw	쉊
Tnjv	쒚
tnjv	쉎
TnjT	쒔
Tnjt	쒓
tnjT	쉈
tnjt	쉇
Tnjs	쒄
tnjs	숸
TnjR	쒂
Tnjr	쒁
tnjR	숶
tnjr	숵
Tnjq	쒑
tnjq	쉅
Tnjg	쒛
tnjg	쉏
Tnjf	쒈
tnjf	숼
Tnje	쒇
tnje	숻
Tnjd	쒕
tnjd	쉉
Tnjc	쒗
tnjc	쉋
Tnja	쒐
tnja	쉄
Tnfx	쑱
tnfx	숥
Tnfv	쑲
tnfv	숦
Tnft	쑰
tnft	숤
Tnfr	쑭
tnfr	숡
Tnfq	쑯
tnfq	숣
Tnfg	쑳
tnfg	숧
Tnfa	쑮
tnfa	숢
Tmsw	쓵
tmsw	슩
Tmsg	쓶
tmsg	슪
Tmrt	쓳
tmrt	슧
Tmqt	씂
tmqt	슶
Tmlz	씤
tmlz	싘
Tmlx	씥
tmlx	싙
Tmlw	씢
tmlw	싖
Tmlv	씦
tmlv	싚
TmlT	씠
Tmlt	씟
tmlT	싔
tmlt	싓
Tmls	씐
tmls	싄
TmlR	씎
Tmlr	씍
tmlR	싂
tmlr	싁
Tmlq	씝
tmlq	싑
Tmlg	씧
tmlg	싛
Tmlf	씔
tmlf	싈
Tmle	씓
tmle	싇
Tmld	씡
tmld	싕
Tmlc	씣
tmlc	싗
Tmla	씜
tmla	싐
Tmfx	쓽
tmfx	슱
Tmfv	쓾
tmfv	슲
Tmft	쓼
tmft	슰
Tmfr	쓹
tmfr	슭
Tmfq	쓻
tmfq	슯
Tmfg	쓿
tmfg	슳
Tmfa	쓺
tmfa	슮
Tlsw	씭
tlsw	싡
Tlsg	씮
tlsg	싢
Tlrt	씫
tlrt	싟
Tlqt	씺
tlqt	싮
Tlfx	씵
tlfx	싩
Tlfv	씶
tlfv	싪
Tlft	씴
tlft	싨
Tlfr	씱
tlfr	싥
Tlfq	씳
tlfq	싧
Tlfg	씷
tlfg	싫
Tlfa	씲
tlfa	싦
Tksw	싽
tksw	삱
Tksg	싾
tksg	삲
Tkrt	싻
tkrt	삯
Tkqt	쌊
tkqt	삾
Tkfx	쌅
tkfx	삹
Tkfv	쌆
tkfv	삺
Tkft	쌄
tkft	삸
Tkfr	쌁
tkfr	삵
Tkfq	쌃
tkfq	삷
Tkfg	쌇
tkfg	삻
Tkfa	쌂
tkfa	삶
Tjsw	썭
tjsw	섡
Tjsg	썮
tjsg	섢
Tjrt	썫
tjrt	섟
Tjqt	썺
tjqt	섮
Tjfx	썵
tjfx	섩
Tjfv	썶
tjfv	섪
Tjft	썴
tjft	섨
Tjfr	썱
tjfr	섥
Tjfq	썳
tjfq	섧
Tjfg	썷
tjfg	섫
Tjfa	썲
tjfa	섦
Tisw	쌵
tisw	샩
Tisg	쌶
tisg	샪
Tirt	쌳
tirt	샧
Tiqt	썂
tiqt	샶
Tifx	쌽
tifx	샱
Tifv	쌾
tifv	샲
Tift	쌼
tift	샰
Tifr	쌹
tifr	샭
Tifq	쌻
tifq	샯
Tifg	쌿
tifg	샳
Tifa	쌺
tifa	샮
Thsw	쏝
thsw	솑
Thsg	쏞
thsg	솒
Thrt	쏛
thrt	솏
Thqt	쏪
thqt	솞
Thoz	쐨
thoz	쇜
Thox	쐩
thox	쇝
Thow	쐦
thow	쇚
Thov	쐪
thov	쇞
ThoT	쐤
Thot	쐣
thoT	쇘
thot	쇗
Thos	쐔
thos	쇈
ThoR	쐒
Thor	쐑
thoR	쇆
thor	쇅
Thoq	쐡
thoq	쇕
Thog	쐫
thog	쇟
Thof	쐘
thof	쇌
Thoe	쐗
thoe	쇋
Thod	쐥
thod	쇙
Thoc	쐧
thoc	쇛
Thoa	쐠
thoa	쇔
Thlz	쑄
thlz	쇸
Thlx	쑅
thlx	쇹
Thlw	쑂
thlw	쇶
Thlv	쑆
thlv	쇺
ThlT	쑀
Thlt	쐿
thlT	쇴
thlt	쇳
Thls	쐰
thls	쇤
ThlR	쐮
Thlr	쐭
thlR	쇢
thlr	쇡
Thlq	쐽
thlq	쇱
Thlg	쑇
thlg	쇻
Thlf	쐴
thlf	쇨
Thle	쐳
thle	쇧
Thld	쑁
thld	쇵
Thlc	쑃
thlc	쇷
Thla	쐼
thla	쇰
Thkz	쐌
thkz	쇀
Thkx	쐍
thkx	쇁
Thkw	쐊
thkw	솾
Thkv	쐎
thkv	쇂
ThkT	쐈
Thkt	쐇
thkT	솼
thkt	솻
Thks	쏸
thks	솬
ThkR	쏶
Thkr	쏵
thkR	솪
thkr	솩
Thkq	쐅
thkq	솹
Thkg	쐏
thkg	쇃
Thkf	쏼
thkf	솰
Thke	쏻
thke	솯
Thkd	쐉
thkd	솽
Thkc	쐋
thkc	솿
Thka	쐄
thka	솸
Thfx	쏥
thfx	솙
Thfv	쏦
thfv	솚
Thft	쏤
thft	솘
Thfr	쏡
thfr	솕
Thfq	쏣
thfq	솗
Thfg	쏧
thfg	솛
Thfa	쏢
thfa	솖
Tbsw	쓙
tbsw	슍
Tbsg	쓚
tbsg	슎
Tbrt	쓗
tbrt	슋
Tbqt	쓦
tbqt	슚
Tbfx	쓡
tbfx	슕
Tbfv	쓢
tbfv	슖
Tbft	쓠
tbft	슔
Tbfr	쓝
tbfr	슑
Tbfq	쓟
tbfq	슓
Tbfg	쓣
tbfg	슗
Tbfa	쓞
tbfa	슒
sysw	뇭
sysg	뇮
syrt	뇫
syqt	뇺
syfx	뇵
syfv	뇶
syft	뇴
syfr	뇱
syfq	뇳
syfg	뇷
syfa	뇲
susw	녅
susg	녆
surt	녃
suqt	녒
sufx	녍
sufv	녎
suft	녌
sufr	녉
sufq	녋
sufg	녏
sufa	녊
sPsw	녡
spsw	넩
sPsg	녢
spsg	넪
sPrt	녟
sprt	넧
sPqt	녮
spqt	넶
sPfx	녩
spfx	넱
sPfv	녪
spfv	넲
sPft	녨
spft	넰
sPfr	녥
spfr	넭
sPfq	녧
spfq	넯
sPfg	녫
spfg	넳
sPfa	녦
spfa	넮
sOsw	냱
sosw	낹
sOsg	냲
sosg	낺
sOrt	냯
sort	낷
sOqt	냾
soqt	냆
sOfx	냹
sofx	냁
sOfv	냺
sofv	냂
sOft	냸
soft	냀
sOfr	냵
sofr	낽
sOfq	냷
sofq	낿
sOfg	냻
sofg	냃
sOfa	냶
sofa	낾
snsw	눉
snsg	눊
snrt	눇
snqt	눖
snpz	뉔
snpx	뉕
snpw	뉒
snpv	뉖
snpT	뉐
snpt	뉏
snps	뉀
snpR	눾
snpr	눽
snpq	뉍
snpg	뉗
snpf	뉄
snpe	뉃
snpd	뉑
snpc	뉓
snpa	뉌
snlz	뉰
snlx	뉱
snlw	뉮
snlv	뉲
snlT	뉬
snlt	뉫
snls	뉜
snlR	뉚
snlr	뉙
snlq	뉩
snlg	뉳
snlf	뉠
snle	뉟
snld	뉭
snlc	뉯
snla	뉨
snjz	눸
snjx	눹
snjw	눶
snjv	눺
snjT	눴
snjt	눳
snjs	눤
snjR	눢
snjr	눡
snjq	눱
snjg	눻
snjf	눨
snje	눧
snjd	눵
snjc	눷
snja	눰
snfx	눑
snfv	눒
snft	눐
snfr	눍
snfq	눏
snfg	눓
snfa	눎
smsw	늕
smsg	늖
smrt	늓
smqt	늢
smlz	닄
smlx	닅
smlw	닂
smlv	닆
smlT	닀
smlt	늿
smls	늰
smlR	늮
smlr	늭
smlq	늽
smlg	닇
smlf	늴
smle	늳
smld	닁
smlc	닃
smla	늼
smfx	늝
smfv	늞
smft	늜
smfr	늙
smfq	늛
smfg	늟
smfa	늚
slsw	닍
slsg	닎
slrt	닋
slqt	닚
slfx	닕
slfv	닖
slft	닔
slfr	닑
slfq	닓
slfg	닗
slfa	닒
sksw	낝
sksg	낞
skrt	낛
skqt	낪
skfx	낥
skfv	낦
skft	낤
skfr	낡
skfq	낣
skfg	낧
skfa	낢
sjsw	넍
sjsg	넎
sjrt	넋
sjqt	넚
sjfx	넕
sjfv	넖
sjft	넔
sjfr	넑
sjfq	넓
sjfg	넗
sjfa	넒
sisw	냕
sisg	냖
sirt	냓
siqt	냢
sifx	냝
sifv	냞
sift	냜
sifr	냙
sifq	냛
sifg	냟
sifa	냚
shsw	녽
shsg	녾
shrt	녻
shqt	놊
shoz	뇈
shox	뇉
show	뇆
shov	뇊
shoT	뇄
shot	뇃
shos	놴
shoR	놲
shor	놱
shoq	뇁
shog	뇋
shof	놸
shoe	놷
shod	뇅
shoc	뇇
shoa	뇀
shlz	뇤
shlx	뇥
shlw	뇢
shlv	뇦
shlT	뇠
shlt	뇟
shls	뇐
shlR	뇎
shlr	뇍
shlq	뇝
shlg	뇧
shlf	뇔
shle	뇓
shld	뇡
shlc	뇣
shla	뇜
shkz	놬
shkx	놭
shkw	놪
shkv	놮
shkT	놨
shkt	놧
shks	놘
shkR	놖
shkr	놕
shkq	놥
shkg	놯
shkf	놜
shke	놛
shkd	놩
shkc	놫
shka	놤
shfx	놅
shfv	놆
shft	놄
shfr	놁
shfq	놃
shfg	놇
shfa	놂
sbsw	뉹
sbsg	뉺
sbrt	뉷
sbqt	늆
sbfx	늁
sbfv	늂
sbft	늀
sbfr	뉽
sbfq	뉿
sbfg	늃
sbfa	뉾
Rysw	꾡
rysw	굕
Rysg	꾢
rysg	굖
Ryrt	꾟
ryrt	굓
Ryqt	꾮
ryqt	굢
Ryfx	꾩
ryfx	굝
Ryfv	꾪
ryfv	굞
Ryft	꾨
ryft	굜
Ryfr	꾥
ryfr	굙
Ryfq	꾧
ryfq	굛
Ryfg	꾫
ryfg	굟
Ryfa	꾦
ryfa	굚
Rusw	껹
rusw	겭
Rusg	껺
rusg	겮
Rurt	껷
rurt	겫
Ruqt	꼆
ruqt	겺
Rufx	꼁
rufx	겵
Rufv	꼂
rufv	겶
Ruft	꼀
ruft	겴
Rufr	껽
rufr	겱
Rufq	껿
rufq	겳
Rufg	꼃
rufg	겷
Rufa	껾
rufa	겲
RPsw	꼕
Rpsw	껝
rPsw	곉
rpsw	겑
RPsg	꼖
Rpsg	껞
rPsg	곊
rpsg	겒
RPrt	꼓
Rprt	껛
rPrt	곇
rprt	겏
RPqt	꼢
Rpqt	껪
rPqt	곖
rpqt	겞
RPfx	꼝
Rpfx	껥
rPfx	곑
rpfx	겙
RPfv	꼞
Rpfv	껦
rPfv	곒
rpfv	겚
RPft	꼜
Rpft	껤
rPft	곐
rpft	겘
RPfr	꼙
Rpfr	껡
rPfr	곍
rpfr	겕
RPfq	꼛
Rpfq	껣
rPfq	곏
rpfq	겗
RPfg	꼟
Rpfg	껧
rPfg	곓
rpfg	겛
RPfa	꼚
Rpfa	껢
rPfa	곎
rpfa	겖
ROsw	꺥
Rosw	깭
rOsw	걙
rosw	갡
ROsg	꺦
Rosg	깮
rOsg	걚
rosg	갢
ROrt	꺣
Rort	깫
rOrt	걗
rort	갟
ROqt	꺲
Roqt	깺
rOqt	걦
roqt	갮
ROfx	꺭
Rofx	깵
rOfx	걡
rofx	갩
ROfv	꺮
Rofv	깶
rOfv	걢
rofv	갪
ROft	꺬
Roft	깴
rOft	걠
roft	갨
ROfr	꺩
Rofr	깱
rOfr	걝
rofr	갥
ROfq	꺫
Rofq	깳
rOfq	걟
rofq	갧
ROfg	꺯
Rofg	깷
rOfg	걣
rofg	갫
ROfa	꺪
Rofa	깲
rOfa	걞
rofa	갦
Rnsw	꾽
rnsw	굱
Rnsg	꾾
rnsg	굲
Rnrt	꾻
rnrt	굯
Rnqt	꿊
rnqt	굾
Rnpz	뀈
rnpz	궼
Rnpx	뀉
rnpx	궽
Rnpw	뀆
rnpw	궺
Rnpv	뀊
rnpv	궾
RnpT	뀄
Rnpt	뀃
rnpT	궸
rnpt	궷
Rnps	꿴
rnps	궨
RnpR	꿲
Rnpr	꿱
rnpR	궦
rnpr	궥
Rnpq	뀁
rnpq	궵
Rnpg	뀋
rnpg	궿
Rnpf	꿸
rnpf	궬
Rnpe	꿷
rnpe	궫
Rnpd	뀅
rnpd	궹
Rnpc	뀇
rnpc	궻
Rnpa	뀀
rnpa	궴
Rnlz	뀤
rnlz	귘
Rnlx	뀥
rnlx	귙
Rnlw	뀢
rnlw	귖
Rnlv	뀦
rnlv	귚
RnlT	뀠
Rnlt	뀟
rnlT	귔
rnlt	귓
Rnls	뀐
rnls	귄
RnlR	뀎
Rnlr	뀍
rnlR	귂
rnlr	귁
Rnlq	뀝
rnlq	귑
Rnlg	뀧
rnlg	귛
Rnlf	뀔
rnlf	귈
Rnle	뀓
rnle	귇
Rnld	뀡
rnld	귕
Rnlc	뀣
rnlc	귗
Rnla	뀜
rnla	귐
Rnjz	꿬
rnjz	궠
Rnjx	꿭
rnjx	궡
Rnjw	꿪
rnjw	궞
Rnjv	꿮
rnjv	궢
RnjT	꿨
Rnjt	꿧
rnjT	궜
rnjt	궛
Rnjs	꿘
rnjs	권
RnjR	꿖
Rnjr	꿕
rnjR	궊
rnjr	궉
Rnjq	꿥
rnjq	궙
Rnjg	꿯
rnjg	궣
Rnjf	꿜
rnjf	궐
Rnje	꿛
rnje	궏
Rnjd	꿩
rnjd	궝
Rnjc	꿫
rnjc	궟
Rnja	꿤
rnja	궘
Rnfx	꿅
rnfx	굹
Rnfv	꿆
rnfv	굺
Rnft	꿄
rnft	굸
Rnfr	꿁
rnfr	굵
Rnfq	꿃
rnfq	굷
Rnfg	꿇
rnfg	굻
Rnfa	꿂
rnfa	굶
Rmsw	끉
rmsw	귽
Rmsg	끊
rmsg	귾
Rmrt	끇
rmrt	귻
Rmqt	끖
rmqt	긊
Rmlz	끸
rmlz	긬
Rmlx	끹
rmlx	긭
Rmlw	끶
rmlw	긪
Rmlv	끺
rmlv	긮
RmlT	끴
Rmlt	끳
rmlT	긨
rmlt	긧
Rmls	끤
rmls	긘
RmlR	끢
Rmlr	끡
rmlR	긖
rmlr	긕
Rmlq	끱
rmlq	긥
Rmlg	끻
rmlg	긯
Rmlf	끨
rmlf	긜
Rmle	끧
rmle	긛
Rmld	끵
rmld	긩
Rmlc	끷
rmlc	긫
Rmla	끰
rmla	긤
Rmfx	끑
rmfx	긅
Rmfv	끒
rmfv	긆
Rmft	끐
rmft	긄
Rmfr	끍
rmfr	긁
Rmfq	끏
rmfq	긃
Rmfg	끓
rmfg	긇
Rmfa	끎
rmfa	긂
Rlsw	낁
rlsw	긵
Rlsg	낂
rlsg	긶
Rlrt	끿
rlrt	긳
Rlqt	낎
rlqt	깂
Rlfx	낉
rlfx	긽
Rlfv	낊
rlfv	긾
Rlft	낈
rlft	긼
Rlfr	낅
rlfr	긹
Rlfq	낇
rlfq	긻
Rlfg	낋
rlfg	긿
Rlfa	낆
rlfa	긺
Rksw	깑
rksw	갅
Rksg	깒
rksg	갆
Rkrt	깏
rkrt	갃
Rkqt	깞
rkqt	값
Rkfx	깙
rkfx	갍
Rkfv	깚
rkfv	갎
Rkft	깘
rkft	갌
Rkfr	깕
rkfr	갉
Rkfq	깗
rkfq	갋
Rkfg	깛
rkfg	갏
Rkfa	깖
rkfa	갊
Rjsw	껁
rjsw	걵
Rjsg	껂
rjsg	걶
Rjrt	꺿
rjrt	걳
Rjqt	껎
rjqt	겂
Rjfx	껉
rjfx	걽
Rjfv	껊
rjfv	걾
Rjft	껈
rjft	걼
Rjfr	껅
rjfr	걹
Rjfq	껇
rjfq	걻
Rjfg	껋
rjfg	걿
Rjfa	껆
rjfa	걺
Risw	꺉
risw	갽
Risg	꺊
risg	갾
Rirt	꺇
rirt	갻
Riqt	꺖
riqt	걊
Rifx	꺑
rifx	걅
Rifv	꺒
rifv	걆
Rift	꺐
rift	걄
Rifr	꺍
rifr	걁
Rifq	꺏
rifq	걃
Rifg	꺓
rifg	걇
Rifa	꺎
rifa	걂
Rhsw	꼱
rhsw	곥
Rhsg	꼲
rhsg	곦
Rhrt	꼯
rhrt	곣
Rhqt	꼾
rhqt	곲
Rhoz	꽼
rhoz	괰
Rhox	꽽
rhox	괱
Rhow	꽺
rhow	괮
Rhov	꽾
rhov	괲
RhoT	꽸
Rhot	꽷
rhoT	괬
rhot	괫
Rhos	꽨
rhos	괜
RhoR	꽦
Rhor	꽥
rhoR	괚
rhor	괙
Rhoq	꽵
rhoq	괩
Rhog	꽿
rhog	괳
Rhof	꽬
rhof	괠
Rhoe	꽫
rhoe	괟
Rhod	꽹
rhod	괭
Rhoc	꽻
rhoc	괯
Rhoa	꽴
rhoa	괨
Rhlz	꾘
rhlz	굌
Rhlx	꾙
rhlx	굍
Rhlw	꾖
rhlw	굊
Rhlv	꾚
rhlv	굎
RhlT	꾔
Rhlt	꾓
rhlT	굈
rhlt	굇
Rhls	꾄
rhls	괸
RhlR	꾂
Rhlr	꾁
rhlR	괶
rhlr	괵
Rhlq	꾑
rhlq	굅
Rhlg	꾛
rhlg	굏
Rhlf	꾈
rhlf	괼
Rhle	꾇
rhle	괻
Rhld	꾕
rhld	굉
Rhlc	꾗
rhlc	굋
Rhla	꾐
rhla	굄
Rhkz	꽠
rhkz	괔
Rhkx	꽡
rhkx	괕
Rhkw	꽞
rhkw	괒
Rhkv	꽢
rhkv	괖
RhkT	꽜
Rhkt	꽛
rhkT	괐
rhkt	괏
Rhks	꽌
rhks	관
RhkR	꽊
Rhkr	꽉
rhkR	곾
rhkr	곽
Rhkq	꽙
rhkq	괍
Rhkg	꽣
rhkg	괗
Rhkf	꽐
rhkf	괄
Rhke	꽏
rhke	괃
Rhkd	꽝
rhkd	광
Rhkc	꽟
rhkc	괓
Rhka	꽘
rhka	괌
Rhfx	꼹
rhfx	곭
Rhfv	꼺
rhfv	곮
Rhft	꼸
rhft	곬
Rhfr	꼵
rhfr	곩
Rhfq	꼷
rhfq	곫
Rhfg	꼻
rhfg	곯
Rhfa	꼶
rhfa	곪
Rbsw	뀭
rbsw	귡
Rbsg	뀮
rbsg	귢
Rbrt	뀫
rbrt	귟
Rbqt	뀺
rbqt	귮
Rbfx	뀵
rbfx	귩
Rbfv	뀶
rbfv	귪
Rbft	뀴
rbft	귨
Rbfr	뀱
rbfr	귥
Rbfq	뀳
rbfq	귧
Rbfg	뀷
rbfg	귫
Rbfa	뀲
rbfa	귦
Qysw	뾵
qysw	뵩
Qysg	뾶
qysg	뵪
Qyrt	뾳
qyrt	뵧
Qyqt	뿂
qyqt	뵶
Qyfx	뾽
qyfx	뵱
Qyfv	뾾
qyfv	뵲
Qyft	뾼
qyft	뵰
Qyfr	뾹
qyfr	뵭
Qyfq	뾻
qyfq	뵯
Qyfg	뾿
qyfg	뵳
Qyfa	뾺
qyfa	뵮
Qusw	뼍
qusw	볁
Qusg	뼎
qusg	볂
Qurt	뼋
qurt	벿
Quqt	뼚
quqt	볎
Qufx	뼕
qufx	볉
Qufv	뼖
qufv	볊
Quft	뼔
quft	볈
Qufr	뼑
qufr	볅
Qufq	뼓
qufq	볇
Qufg	뼗
qufg	볋
Qufa	뼒
qufa	볆
QPsw	뼩
Qpsw	뻱
qPsw	볝
qpsw	벥
QPsg	뼪
Qpsg	뻲
qPsg	볞
qpsg	벦
QPrt	뼧
Qprt	뻯
qPrt	볛
qprt	벣
QPqt	뼶
Qpqt	뻾
qPqt	볪
qpqt	벲
QPfx	뼱
Qpfx	뻹
qPfx	볥
qpfx	벭
QPfv	뼲
Qpfv	뻺
qPfv	볦
qpfv	벮
QPft	뼰
Qpft	뻸
qPft	볤
qpft	벬
QPfr	뼭
Qpfr	뻵
qPfr	볡
qpfr	벩
QPfq	뼯
Qpfq	뻷
qPfq	볣
qpfq	벫
QPfg	뼳
Qpfg	뻻
qPfg	볧
qpfg	벯
QPfa	뼮
Qpfa	뻶
qPfa	볢
qpfa	벪
QOsw	뺹
Qosw	뺁
qOsw	뱭
qosw	밵
QOsg	뺺
Qosg	뺂
qOsg	뱮
qosg	밶
QOrt	뺷
Qort	빿
qOrt	뱫
qort	밳
QOqt	뻆
Qoqt	뺎
qOqt	뱺
qoqt	뱂
QOfx	뻁
Qofx	뺉
qOfx	뱵
qofx	밽
QOfv	뻂
Qofv	뺊
qOfv	뱶
qofv	밾
QOft	뻀
Qoft	뺈
qOft	뱴
qoft	밼
QOfr	뺽
Qofr	뺅
qOfr	뱱
qofr	밹
QOfq	뺿
Qofq	뺇
qOfq	뱳
qofq	밻
QOfg	뻃
Qofg	뺋
qOfg	뱷
qofg	밿
QOfa	뺾
Qofa	뺆
qOfa	뱲
qofa	밺
Qnsw	뿑
qnsw	붅
Qnsg	뿒
qnsg	붆
Qnrt	뿏
qnrt	붃
Qnqt	뿞
qnqt	붒
Qnpz	쀜
qnpz	뷐
Qnpx	쀝
qnpx	뷑
Qnpw	쀚
qnpw	뷎
Qnpv	쀞
qnpv	뷒
QnpT	쀘
Qnpt	쀗
qnpT	뷌
qnpt	뷋
Qnps	쀈
qnps	붼
QnpR	쀆
Qnpr	쀅
qnpR	붺
qnpr	붹
Qnpq	쀕
qnpq	뷉
Qnpg	쀟
qnpg	뷓
Qnpf	쀌
qnpf	뷀
Qnpe	쀋
qnpe	붿
Qnpd	쀙
qnpd	뷍
Qnpc	쀛
qnpc	뷏
Qnpa	쀔
qnpa	뷈
Qnlz	쀸
qnlz	뷬
Qnlx	쀹
qnlx	뷭
Qnlw	쀶
qnlw	뷪
Qnlv	쀺
qnlv	뷮
QnlT	쀴
Qnlt	쀳
qnlT	뷨
qnlt	뷧
Qnls	쀤
qnls	뷘
QnlR	쀢
Qnlr	쀡
qnlR	뷖
qnlr	뷕
Qnlq	쀱
qnlq	뷥
Qnlg	쀻
qnlg	뷯
Qnlf	쀨
qnlf	뷜
Qnle	쀧
qnle	뷛
Qnld	쀵
qnld	뷩
Qnlc	쀷
qnlc	뷫
Qnla	쀰
qnla	뷤
Qnjz	쀀
qnjz	붴
Qnjx	쀁
qnjx	붵
Qnjw	뿾
qnjw	붲
Qnjv	쀂
qnjv	붶
QnjT	뿼
Qnjt	뿻
qnjT	붰
qnjt	붯
Qnjs	뿬
qnjs	붠
QnjR	뿪
Qnjr	뿩
qnjR	붞
qnjr	붝
Qnjq	뿹
qnjq	붭
Qnjg	쀃
qnjg	붷
Qnjf	뿰
qnjf	붤
Qnje	뿯
qnje	붣
Qnjd	뿽
qnjd	붱
Qnjc	뿿
qnjc	붳
Qnja	뿸
qnja	붬
Qnfx	뿙
qnfx	붍
Qnfv	뿚
qnfv	붎
Qnft	뿘
qnft	붌
Qnfr	뿕
qnfr	붉
Qnfq	뿗
qnfq	붋
Qnfg	뿛
qnfg	붏
Qnfa	뿖
qnfa	붊
Qmsw	쁝
qmsw	븑
Qmsg	쁞
qmsg	븒
Qmrt	쁛
qmrt	븏
Qmqt	쁪
qmqt	븞
Qmlz	삌
qmlz	빀
Qmlx	삍
qmlx	빁
Qmlw	삊
qmlw	븾
Qmlv	삎
qmlv	빂
QmlT	삈
Qmlt	삇
qmlT	븼
qmlt	븻
Qmls	쁸
qmls	븬
QmlR	쁶
Qmlr	쁵
qmlR	븪
qmlr	븩
Qmlq	삅
qmlq	븹
Qmlg	삏
qmlg	빃
Qmlf	쁼
qmlf	븰
Qmle	쁻
qmle	븯
Qmld	삉
qmld	븽
Qmlc	삋
qmlc	븿
Qmla	삄
qmla	븸
Qmfx	쁥
qmfx	븙
Qmfv	쁦
qmfv	븚
Qmft	쁤
qmft	븘
Qmfr	쁡
qmfr	븕
Qmfq	쁣
qmfq	븗
Qmfg	쁧
qmfg	븛
Qmfa	쁢
qmfa	븖
Qlsw	삕
qlsw	빉
Qlsg	삖
qlsg	빊
Qlrt	삓
qlrt	빇
Qlqt	삢
qlqt	빖
Qlfx	삝
qlfx	빑
Qlfv	삞
qlfv	빒
Qlft	삜
qlft	빐
Qlfr	삙
qlfr	빍
Qlfq	삛
qlfq	빏
Qlfg	삟
qlfg	빓
Qlfa	삚
qlfa	빎
Qksw	빥
qksw	밙
Qksg	빦
qksg	밚
Qkrt	빣
qkrt	밗
Qkqt	빲
qkqt	밦
Qkfx	빭
qkfx	밡
Qkfv	빮
qkfv	밢
Qkft	빬
qkft	밠
Qkfr	빩
qkfr	밝
Qkfq	빫
qkfq	밟
Qkfg	빯
qkfg	밣
Qkfa	빪
qkfa	밞
Qjsw	뻕
qjsw	벉
Qjsg	뻖
qjsg	벊
Qjrt	뻓
qjrt	벇
Qjqt	뻢
qjqt	벖
Qjfx	뻝
qjfx	벑
Qjfv	뻞
qjfv	벒
Qjft	뻜
qjft	벐
Qjfr	뻙
qjfr	벍
Qjfq	뻛
qjfq	벏
Qjfg	뻟
qjfg	벓
Qjfa	뻚
qjfa	벎
Qisw	뺝
qisw	뱑
Qisg	뺞
qisg	뱒
Qirt	뺛
qirt	뱏
Qiqt	뺪
qiqt	뱞
Qifx	뺥
qifx	뱙
Qifv	뺦
qifv	뱚
Qift	뺤
qift	뱘
Qifr	뺡
qifr	뱕
Qifq	뺣
qifq	뱗
Qifg	뺧
qifg	뱛
Qifa	뺢
qifa	뱖
Qhsw	뽅
qhsw	볹
Qhsg	뽆
qhsg	볺
Qhrt	뽃
qhrt	볷
Qhqt	뽒
qhqt	봆
Qhoz	뾐
qhoz	뵄
Qhox	뾑
qhox	뵅
Qhow	뾎
qhow	뵂
Qhov	뾒
qhov	뵆
QhoT	뾌
Qhot	뾋
qhoT	뵀
qhot	봿
Qhos	뽼
qhos	봰
QhoR	뽺
Qhor	뽹
qhoR	봮
qhor	봭
Qhoq	뾉
qhoq	봽
Qhog	뾓
qhog	뵇
Qhof	뾀
qhof	봴
Qhoe	뽿
qhoe	봳
Qhod	뾍
qhod	뵁
Qhoc	뾏
qhoc	뵃
Qhoa	뾈
qhoa	봼
Qhlz	뾬
qhlz	뵠
Qhlx	뾭
qhlx	뵡
Qhlw	뾪
qhlw	뵞
Qhlv	뾮
qhlv	뵢
QhlT	뾨
Qhlt	뾧
qhlT	뵜
qhlt	뵛
Qhls	뾘
qhls	뵌
QhlR	뾖
Qhlr	뾕
qhlR	뵊
qhlr	뵉
Qhlq	뾥
qhlq	뵙
Qhlg	뾯
qhlg	뵣
Qhlf	뾜
qhlf	뵐
Qhle	뾛
qhle	뵏
Qhld	뾩
qhld	뵝
Qhlc	뾫
qhlc	뵟
Qhla	뾤
qhla	뵘
Qhkz	뽴
qhkz	봨
Qhkx	뽵
qhkx	봩
Qhkw	뽲
qhkw	봦
Qhkv	뽶
qhkv	봪
QhkT	뽰
Qhkt	뽯
qhkT	봤
qhkt	봣
Qhks	뽠
qhks	봔
QhkR	뽞
Qhkr	뽝
qhkR	봒
qhkr	봑
Qhkq	뽭
qhkq	봡
Qhkg	뽷
qhkg	봫
Qhkf	뽤
qhkf	봘
Qhke	뽣
qhke	봗
Qhkd	뽱
qhkd	봥
Qhkc	뽳
qhkc	봧
Qhka	뽬
qhka	봠
Qhfx	뽍
qhfx	봁
Qhfv	뽎
qhfv	봂
Qhft	뽌
qhft	봀
Qhfr	뽉
qhfr	볽
Qhfq	뽋
qhfq	볿
Qhfg	뽏
qhfg	봃
Qhfa	뽊
qhfa	볾
Qbsw	쁁
qbsw	뷵
Qbsg	쁂
qbsg	뷶
Qbrt	쀿
qbrt	뷳
Qbqt	쁎
qbqt	븂
Qbfx	쁉
qbfx	뷽
Qbfv	쁊
qbfv	뷾
Qbft	쁈
qbft	뷼
Qbfr	쁅
qbfr	뷹
Qbfq	쁇
qbfq	뷻
Qbfg	쁋
qbfg	뷿
Qbfa	쁆
qbfa	뷺
gysw	횭
gysg	횮
gyrt	횫
gyqt	횺
gyfx	횵
gyfv	횶
gyft	횴
gyfr	횱
gyfq	횳
gyfg	횷
gyfa	횲
gusw	혅
gusg	혆
gurt	혃
guqt	혒
gufx	혍
gufv	혎
guft	혌
gufr	혉
gufq	혋
gufg	혏
gufa	혊
gPsw	혡
gpsw	헩
gPsg	혢
gpsg	헪
gPrt	혟
gprt	헧
gPqt	혮
gpqt	헶
gPfx	혩
gpfx	헱
gPfv	혪
gpfv	헲
gPft	혨
gpft	헰
gPfr	혥
gpfr	헭
gPfq	혧
gpfq	헯
gPfg	혫
gpfg	헳
gPfa	혦
gpfa	헮
gOsw	햱
gosw	핹
gOsg	햲
gosg	핺
gOrt	햯
gort	핷
gOqt	햾
goqt	햆
gOfx	햹
gofx	햁
gOfv	햺
gofv	햂
gOft	햸
goft	햀
gOfr	햵
gofr	핽
gOfq	햷
gofq	핿
gOfg	햻
gofg	햃
gOfa	햶
gofa	핾
gnsw	훉
gnsg	훊
gnrt	훇
gnqt	훖
gnpz	휔
gnpx	휕
gnpw	휒
gnpv	휖
gnpT	휐
gnpt	휏
gnps	휀
gnpR	훾
gnpr	훽
gnpq	휍
gnpg	휗
gnpf	휄
gnpe	휃
gnpd	휑
gnpc	휓
gnpa	휌
gnlz	휰
gnlx	휱
gnlw	휮
gnlv	휲
gnlT	휬
gnlt	휫
gnls	휜
gnlR	휚
gnlr	휙
gnlq	휩
gnlg	휳
gnlf	휠
gnle	휟
gnld	휭
gnlc	휯
gnla	휨
gnjz	훸
gnjx	훹
gnjw	훶
gnjv	훺
gnjT	훴
gnjt	훳
gnjs	훤
gnjR	훢
gnjr	훡
gnjq	훱
gnjg	훻
gnjf	훨
gnje	훧
gnjd	훵
gnjc	훷
gnja	훰
gnfx	훑
gnfv	훒
gnft	훐
gnfr	훍
gnfq	훏
gnfg	훓
gnfa	훎
gmsw	흕
gmsg	흖
gmrt	흓
gmqt	흢
gmlz	힄
gmlx	힅
gmlw	힂
gmlv	힆
gmlT	힀
gmlt	흿
gmls	흰
gmlR	흮
gmlr	흭
gmlq	흽
gmlg	힇
gmlf	흴
gmle	흳
gmld	힁
gmlc	힃
gmla	흼
gmfx	흝
gmfv	흞
gmft	흜
gmfr	흙
gmfq	흛
gmfg	흟
gmfa	흚
glsw	힍
glsg	힎
glrt	힋
glqt	힚
glfx	힕
glfv	힖
glft	힔
glfr	힑
glfq	힓
glfg	힗
glfa	힒
gksw	핝
gksg	핞
gkrt	핛
gkqt	핪
gkfx	핥
gkfv	핦
gkft	핤
gkfr	핡
gkfq	핣
gkfg	핧
gkfa	핢
gjsw	헍
gjsg	헎
gjrt	헋
gjqt	헚
gjfx	헕
gjfv	헖
gjft	헔
gjfr	헑
gjfq	헓
gjfg	헗
gjfa	헒
gisw	햕
gisg	햖
girt	햓
giqt	햢
gifx	햝
gifv	햞
gift	햜
gifr	햙
gifq	햛
gifg	햟
gifa	햚
ghsw	혽
ghsg	혾
ghrt	혻
ghqt	홊
ghoz	횈
ghox	횉
ghow	횆
ghov	횊
ghoT	횄
ghot	횃
ghos	홴
ghoR	홲
ghor	홱
ghoq	횁
ghog	횋
ghof	홸
ghoe	홷
ghod	횅
ghoc	횇
ghoa	횀
ghlz	횤
ghlx	횥
ghlw	횢
ghlv	횦
ghlT	횠
ghlt	횟
ghls	횐
ghlR	횎
ghlr	획
ghlq	횝
ghlg	횧
ghlf	횔
ghle	횓
ghld	횡
ghlc	횣
ghla	횜
ghkz	홬
ghkx	홭
ghkw	홪
ghkv	홮
ghkT	홨
ghkt	홧
ghks	환
ghkR	홖
ghkr	확
ghkq	홥
ghkg	홯
ghkf	활
ghke	홛
ghkd	황
ghkc	홫
ghka	홤
ghfx	홅
ghfv	홆
ghft	홄
ghfr	홁
ghfq	홃
ghfg	홇
ghfa	홂
gbsw	휹
gbsg	휺
gbrt	휷
gbqt	흆
gbfx	흁
gbfv	흂
gbft	흀
gbfr	휽
gbfq	휿
gbfg	흃
gbfa	휾
fysw	룑
fysg	룒
fyrt	룏
fyqt	룞
fyfx	룙
fyfv	룚
fyft	룘
fyfr	룕
fyfq	룗
fyfg	룛
fyfa	룖
fusw	렩
fusg	렪
furt	렧
fuqt	렶
fufx	렱
fufv	렲
fuft	렰
fufr	렭
fufq	렯
fufg	렳
fufa	렮
fPsw	롅
fpsw	렍
fPsg	롆
fpsg	렎
fPrt	롃
fprt	렋
fPqt	롒
fpqt	렚
fPfx	롍
fpfx	렕
fPfv	롎
fpfv	렖
fPft	롌
fpft	렔
fPfr	롉
fpfr	렑
fPfq	롋
fpfq	렓
fPfg	롏
fpfg	렗
fPfa	롊
fpfa	렒
fOsw	럕
fosw	랝
fOsg	럖
fosg	랞
fOrt	럓
fort	랛
fOqt	럢
foqt	랪
fOfx	럝
fofx	랥
fOfv	럞
fofv	랦
fOft	럜
foft	랤
fOfr	럙
fofr	랡
fOfq	럛
fofq	랣
fOfg	럟
fofg	랧
fOfa	럚
fofa	랢
fnsw	룭
fnsg	룮
fnrt	룫
fnqt	룺
fnpz	뤸
fnpx	뤹
fnpw	뤶
fnpv	뤺
fnpT	뤴
fnpt	뤳
fnps	뤤
fnpR	뤢
fnpr	뤡
fnpq	뤱
fnpg	뤻
fnpf	뤨
fnpe	뤧
fnpd	뤵
fnpc	뤷
fnpa	뤰
fnlz	륔
fnlx	륕
fnlw	륒
fnlv	륖
fnlT	륐
fnlt	륏
fnls	륀
fnlR	뤾
fnlr	뤽
fnlq	륍
fnlg	륗
fnlf	륄
fnle	륃
fnld	륑
fnlc	륓
fnla	륌
fnjz	뤜
fnjx	뤝
fnjw	뤚
fnjv	뤞
fnjT	뤘
fnjt	뤗
fnjs	뤈
fnjR	뤆
fnjr	뤅
fnjq	뤕
fnjg	뤟
fnjf	뤌
fnje	뤋
fnjd	뤙
fnjc	뤛
fnja	뤔
fnfx	룵
fnfv	룶
fnft	룴
fnfr	룱
fnfq	룳
fnfg	룷
fnfa	룲
fmsw	륹
fmsg	륺
fmrt	륷
fmqt	릆
fmlz	릨
fmlx	릩
fmlw	릦
fmlv	릪
fmlT	릤
fmlt	릣
fmls	릔
fmlR	릒
fmlr	릑
fmlq	릡
fmlg	릫
fmlf	릘
fmle	릗
fmld	릥
fmlc	릧
fmla	릠
fmfx	릁
fmfv	릂
fmft	릀
fmfr	륽
fmfq	륿
fmfg	릃
fmfa	륾
flsw	릱
flsg	릲
flrt	릯
flqt	릾
flfx	릹
flfv	릺
flft	릸
flfr	릵
flfq	릷
flfg	릻
flfa	릶
fksw	랁
fksg	랂
fkrt	띿
fkqt	랎
fkfx	랉
fkfv	랊
fkft	랈
fkfr	랅
fkfq	랇
fkfg	랋
fkfa	랆
fjsw	럱
fjsg	럲
fjrt	럯
fjqt	럾
fjfx	럹
fjfv	럺
fjft	럸
fjfr	럵
fjfq	럷
fjfg	럻
fjfa	럶
fisw	랹
fisg	랺
firt	랷
fiqt	럆
fifx	럁
fifv	럂
fift	럀
fifr	랽
fifq	랿
fifg	럃
fifa	랾
fhsw	롡
fhsg	롢
fhrt	롟
fhqt	롮
fhoz	뢬
fhox	뢭
fhow	뢪
fhov	뢮
fhoT	뢨
fhot	뢧
fhos	뢘
fhoR	뢖
fhor	뢕
fhoq	뢥
fhog	뢯
fhof	뢜
fhoe	뢛
fhod	뢩
fhoc	뢫
fhoa	뢤
fhlz	룈
fhlx	룉
fhlw	룆
fhlv	룊
fhlT	룄
fhlt	룃
fhls	뢴
fhlR	뢲
fhlr	뢱
fhlq	룁
fhlg	룋
fhlf	뢸
fhle	뢷
fhld	룅
fhlc	룇
fhla	룀
fhkz	뢐
fhkx	뢑
fhkw	뢎
fhkv	뢒
fhkT	뢌
fhkt	뢋
fhks	롼
fhkR	롺
fhkr	롹
fhkq	뢉
fhkg	뢓
fhkf	뢀
fhke	롿
fhkd	뢍
fhkc	뢏
fhka	뢈
fhfx	롩
fhfv	롪
fhft	롨
fhfr	롥
fhfq	롧
fhfg	롫
fhfa	롦
fbsw	륝
fbsg	륞
fbrt	륛
fbqt	륪
fbfx	륥
fbfv	륦
fbft	륤
fbfr	륡
fbfq	륣
fbfg	륧
fbfa	륢
Eysw	뚅
eysw	됹
Eysg	뚆
eysg	됺
Eyrt	뚃
eyrt	됷
Eyqt	뚒
eyqt	둆
Eyfx	뚍
eyfx	둁
Eyfv	뚎
eyfv	둂
Eyft	뚌
eyft	둀
Eyfr	뚉
eyfr	됽
Eyfq	뚋
eyfq	됿
Eyfg	뚏
eyfg	둃
Eyfa	뚊
eyfa	됾
Eusw	뗝
eusw	뎑
Eusg	뗞
eusg	뎒
Eurt	뗛
eurt	뎏
Euqt	뗪
euqt	뎞
Eufx	뗥
eufx	뎙
Eufv	뗦
eufv	뎚
Euft	뗤
euft	뎘
Eufr	뗡
eufr	뎕
Eufq	뗣
eufq	뎗
Eufg	뗧
eufg	뎛
Eufa	뗢
eufa	뎖
EPsw	뗹
Epsw	뗁
ePsw	뎭
epsw	덵
EPsg	뗺
Epsg	뗂
ePsg	뎮
epsg	덶
EPrt	뗷
Eprt	떿
ePrt	뎫
eprt	덳
EPqt	똆
Epqt	뗎
ePqt	뎺
epqt	뎂
EPfx	똁
Epfx	뗉
ePfx	뎵
epfx	덽
EPfv	똂
Epfv	뗊
ePfv	뎶
epfv	덾
EPft	똀
Epft	뗈
ePft	뎴
epft	덼
EPfr	뗽
Epfr	뗅
ePfr	뎱
epfr	덹
EPfq	뗿
Epfq	뗇
ePfq	뎳
epfq	덻
EPfg	똃
Epfg	뗋
ePfg	뎷
epfg	덿
EPfa	뗾
Epfa	뗆
ePfa	뎲
epfa	덺
EOsw	떉
Eosw	땑
eOsw	댽
eosw	댅
EOsg	떊
Eosg	땒
eOsg	댾
eosg	댆
EOrt	떇
Eort	땏
eOrt	댻
eort	댃
EOqt	떖
Eoqt	땞
eOqt	덊
eoqt	댒
EOfx	떑
Eofx	땙
eOfx	덅
eofx	댍
EOfv	떒
Eofv	땚
eOfv	덆
eofv	댎
EOft	떐
Eoft	땘
eOft	덄
eoft	댌
EOfr	떍
Eofr	땕
eOfr	덁
eofr	댉
EOfq	떏
Eofq	땗
eOfq	덃
eofq	댋
EOfg	떓
Eofg	땛
eOfg	덇
eofg	댏
EOfa	떎
Eofa	땖
eOfa	덂
eofa	댊
Ensw	뚡
ensw	둕
Ensg	뚢
ensg	둖
Enrt	뚟
enrt	둓
Enqt	뚮
enqt	둢
Enpz	뛬
enpz	뒠
Enpx	뛭
enpx	뒡
Enpw	뛪
enpw	뒞
Enpv	뛮
enpv	뒢
EnpT	뛨
Enpt	뛧
enpT	뒜
enpt	뒛
Enps	뛘
enps	뒌
EnpR	뛖
Enpr	뛕
enpR	뒊
enpr	뒉
Enpq	뛥
enpq	뒙
Enpg	뛯
enpg	뒣
Enpf	뛜
enpf	뒐
Enpe	뛛
enpe	뒏
Enpd	뛩
enpd	뒝
Enpc	뛫
enpc	뒟
Enpa	뛤
enpa	뒘
Enlz	뜈
enlz	뒼
Enlx	뜉
enlx	뒽
Enlw	뜆
enlw	뒺
Enlv	뜊
enlv	뒾
EnlT	뜄
Enlt	뜃
enlT	뒸
enlt	뒷
Enls	뛴
enls	뒨
EnlR	뛲
Enlr	뛱
enlR	뒦
enlr	뒥
Enlq	뜁
enlq	뒵
Enlg	뜋
enlg	뒿
Enlf	뛸
enlf	뒬
Enle	뛷
enle	뒫
Enld	뜅
enld	뒹
Enlc	뜇
enlc	뒻
Enla	뜀
enla	뒴
Enjz	뛐
enjz	뒄
Enjx	뛑
enjx	뒅
Enjw	뛎
enjw	뒂
Enjv	뛒
enjv	뒆
EnjT	뛌
Enjt	뛋
enjT	뒀
enjt	둿
Enjs	뚼
enjs	둰
EnjR	뚺
Enjr	뚹
enjR	둮
enjr	둭
Enjq	뛉
enjq	둽
Enjg	뛓
enjg	뒇
Enjf	뛀
enjf	둴
Enje	뚿
enje	둳
Enjd	뛍
enjd	뒁
Enjc	뛏
enjc	뒃
Enja	뛈
enja	둼
Enfx	뚩
enfx	둝
Enfv	뚪
enfv	둞
Enft	뚨
enft	둜
Enfr	뚥
enfr	둙
Enfq	뚧
enfq	둛
Enfg	뚫
enfg	둟
Enfa	뚦
enfa	둚
Emsw	뜭
emsw	듡
Emsg	뜮
emsg	듢
Emrt	뜫
emrt	듟
Emqt	뜺
emqt	듮
Emlz	띜
emlz	딐
Emlx	띝
emlx	딑
Emlw	띚
emlw	딎
Emlv	띞
emlv	딒
EmlT	띘
Emlt	띗
emlT	딌
emlt	딋
Emls	띈
emls	듼
EmlR	띆
Emlr	띅
emlR	듺
emlr	듹
Emlq	띕
emlq	딉
Emlg	띟
emlg	딓
Emlf	띌
emlf	딀
Emle	띋
emle	듿
Emld	띙
emld	딍
Emlc	띛
emlc	딏
Emla	띔
emla	딈
Emfx	뜵
emfx	듩
Emfv	뜶
emfv	듪
Emft	뜴
emft	듨
Emfr	뜱
emfr	듥
Emfq	뜳
emfq	듧
Emfg	뜷
emfg	듫
Emfa	뜲
emfa	듦
Elsw	띥
elsw	딙
Elsg	띦
elsg	딚
Elrt	띣
elrt	딗
Elqt	띲
elqt	딦
Elfx	띭
elfx	딡
Elfv	띮
elfv	딢
Elft	띬
elft	딠
Elfr	띩
elfr	딝
Elfq	띫
elfq	딟
Elfg	띯
elfg	딣
Elfa	띪
elfa	딞
Eksw	딵
eksw	닩
Eksg	딶
eksg	닪
Ekrt	딳
ekrt	닧
Ekqt	땂
ekqt	닶
Ekfx	딽
ekfx	닱
Ekfv	딾
ekfv	닲
Ekft	딼
ekft	닰
Ekfr	딹
ekfr	닭
Ekfq	딻
ekfq	닯
Ekfg	딿
ekfg	닳
Ekfa	딺
ekfa	닮
Ejsw	떥
ejsw	덙
Ejsg	떦
ejsg	덚
Ejrt	떣
ejrt	덗
Ejqt	떲
ejqt	덦
Ejfx	떭
ejfx	덡
Ejfv	떮
ejfv	덢
Ejft	떬
ejft	덠
Ejfr	떩
ejfr	덝
Ejfq	떫
ejfq	덟
Ejfg	떯
ejfg	덣
Ejfa	떪
ejfa	덞
Eisw	땭
eisw	댡
Eisg	땮
eisg	댢
Eirt	땫
eirt	댟
Eiqt	땺
eiqt	댮
Eifx	땵
eifx	댩
Eifv	땶
eifv	댪
Eift	땴
eift	댨
Eifr	땱
eifr	댥
Eifq	땳
eifq	댧
Eifg	땷
eifg	댫
Eifa	땲
eifa	댦
Ehsw	똕
ehsw	돉
Ehsg	똖
ehsg	돊
Ehrt	똓
ehrt	돇
Ehqt	똢
ehqt	돖
Ehoz	뙠
ehoz	됔
Ehox	뙡
ehox	됕
Ehow	뙞
ehow	됒
Ehov	뙢
ehov	됖
EhoT	뙜
Ehot	뙛
ehoT	됐
ehot	됏
Ehos	뙌
ehos	됀
EhoR	뙊
Ehor	뙉
ehoR	돾
ehor	돽
Ehoq	뙙
ehoq	됍
Ehog	뙣
ehog	됗
Ehof	뙐
ehof	됄
Ehoe	뙏
ehoe	됃
Ehod	뙝
ehod	됑
Ehoc	뙟
ehoc	됓
Ehoa	뙘
ehoa	됌
Ehlz	뙼
ehlz	됰
Ehlx	뙽
ehlx	됱
Ehlw	뙺
ehlw	됮
Ehlv	뙾
ehlv	됲
EhlT	뙸
Ehlt	뙷
ehlT	됬
ehlt	됫
Ehls	뙨
ehls	된
EhlR	뙦
Ehlr	뙥
ehlR	됚
ehlr	됙
Ehlq	뙵
ehlq	됩
Ehlg	뙿
ehlg	됳
Ehlf	뙬
ehlf	될
Ehle	뙫
ehle	됟
Ehld	뙹
ehld	됭
Ehlc	뙻
ehlc	됯
Ehla	뙴
ehla	됨
Ehkz	뙄
ehkz	돸
Ehkx	뙅
ehkx	돹
Ehkw	뙂
ehkw	돶
Ehkv	뙆
ehkv	돺
EhkT	뙀
Ehkt	똿
ehkT	돴
ehkt	돳
Ehks	똰
ehks	돤
EhkR	똮
Ehkr	똭
ehkR	돢
ehkr	돡
Ehkq	똽
ehkq	돱
Ehkg	뙇
ehkg	돻
Ehkf	똴
ehkf	돨
Ehke	똳
ehke	돧
Ehkd	뙁
ehkd	돵
Ehkc	뙃
ehkc	돷
Ehka	똼
ehka	돰
Ehfx	똝
ehfx	돑
Ehfv	똞
ehfv	돒
Ehft	똜
ehft	돐
Ehfr	똙
ehfr	돍
Ehfq	똛
ehfq	돏
Ehfg	똟
ehfg	돓
Ehfa	똚
ehfa	돎
Ebsw	뜑
ebsw	듅
Ebsg	뜒
ebsg	듆
Ebrt	뜏
ebrt	듃
Ebqt	뜞
ebqt	듒
Ebfx	뜙
ebfx	듍
Ebfv	뜚
ebfv	듎
Ebft	뜘
ebft	듌
Ebfr	뜕
ebfr	듉
Ebfq	뜗
ebfq	듋
Ebfg	뜛
ebfg	듏
Ebfa	뜖
ebfa	듊
dysw	욙
dysg	욚
dyrt	욗
dyqt	욦
dyfx	욡
dyfv	욢
dyft	욠
dyfr	욝
dyfq	욟
dyfg	욣
dyfa	욞
dusw	엱
dusg	엲
durt	엯
duqt	엾
dufx	엹
dufv	엺
duft	엸
dufr	엵
dufq	엷
dufg	엻
dufa	엶
dPsw	옍
dpsw	엕
dPsg	옎
dpsg	엖
dPrt	옋
dprt	엓
dPqt	옚
dpqt	엢
dPfx	옕
dpfx	엝
dPfv	옖
dpfv	엞
dPft	옔
dpft	엜
dPfr	옑
dpfr	엙
dPfq	옓
dpfq	엛
dPfg	옗
dpfg	엟
dPfa	옒
dpfa	엚
dOsw	얝
dosw	앥
dOsg	얞
dosg	앦
dOrt	얛
dort	앣
dOqt	얪
doqt	앲
dOfx	얥
dofx	앭
dOfv	얦
dofv	앮
dOft	얤
doft	앬
dOfr	얡
dofr	앩
dOfq	얣
dofq	앫
dOfg	얧
dofg	앯
dOfa	얢
dofa	앪
dnsw	욵
dnsg	욶
dnrt	욳
dnqt	웂
dnpz	윀
dnpx	윁
dnpw	웾
dnpv	윂
dnpT	웼
dnpt	웻
dnps	웬
dnpR	웪
dnpr	웩
dnpq	웹
dnpg	윃
dnpf	웰
dnpe	웯
dnpd	웽
dnpc	웿
dnpa	웸
dnlz	윜
dnlx	윝
dnlw	윚
dnlv	윞
dnlT	윘
dnlt	윗
dnls	윈
dnlR	윆
dnlr	윅
dnlq	윕
dnlg	윟
dnlf	윌
dnle	윋
dnld	윙
dnlc	윛
dnla	윔
dnjz	웤
dnjx	웥
dnjw	웢
dnjv	웦
dnjT	웠
dnjt	웟
dnjs	원
dnjR	웎
dnjr	웍
dnjq	웝
dnjg	웧
dnjf	월
dnje	웓
dnjd	웡
dnjc	웣
dnja	웜
dnfx	욽
dnfv	욾
dnft	욼
dnfr	욹
dnfq	욻
dnfg	욿
dnfa	욺
dmsw	읁
dmsg	읂
dmrt	윿
dmqt	읎
dmlz	읰
dmlx	읱
dmlw	읮
dmlv	읲
dmlT	읬
dmlt	읫
dmls	읜
dmlR	읚
dmlr	읙
dmlq	읩
dmlg	읳
dmlf	읠
dmle	읟
dmld	읭
dmlc	읯
dmla	읨
dmfx	읉
dmfv	읊
dmft	읈
dmfr	읅
dmfq	읇
dmfg	읋
dmfa	읆
dlsw	읹
dlsg	읺
dlrt	읷
dlqt	잆
dlfx	잁
dlfv	잂
dlft	잀
dlfr	읽
dlfq	읿
dlfg	잃
dlfa	읾
dksw	앉
dksg	않
dkrt	앇
dkqt	앖
dkfx	앑
dkfv	앒
dkft	앐
dkfr	앍
dkfq	앏
dkfg	앓
dkfa	앎
djsw	얹
djsg	얺
djrt	얷
djqt	없
djfx	엁
djfv	엂
djft	엀
djfr	얽
djfq	얿
djfg	엃
djfa	얾
disw	얁
disg	얂
dirt	앿
diqt	얎
difx	얉
difv	얊
dift	얈
difr	얅
difq	얇
difg	얋
difa	얆
dhsw	옩
dhsg	옪
dhrt	옧
dhqt	옶
dhoz	왴
dhox	왵
dhow	왲
dhov	왶
dhoT	왰
dhot	왯
dhos	왠
dhoR	왞
dhor	왝
dhoq	왭
dhog	왷
dhof	왤
dhoe	왣
dhod	왱
dhoc	왳
dhoa	왬
dhlz	욐
dhlx	욑
dhlw	욎
dhlv	욒
dhlT	욌
dhlt	욋
dhls	왼
dhlR	왺
dhlr	왹
dhlq	욉
dhlg	욓
dhlf	욀
dhle	왿
dhld	욍
dhlc	욏
dhla	욈
dhkz	왘
dhkx	왙
dhkw	왖
dhkv	왚
dhkT	왔
dhkt	왓
dhks	완
dhkR	왂
dhkr	왁
dhkq	왑
dhkg	왛
dhkf	왈
dhke	왇
dhkd	왕
dhkc	왗
dhka	왐
dhfx	옱
dhfv	옲
dhft	옰
dhfr	옭
dhfq	옯
dhfg	옳
dhfa	옮
dbsw	윥
dbsg	윦
dbrt	윣
dbqt	윲
dbfx	윭
dbfv	윮
dbft	윬
dbfr	윩
dbfq	윫
dbfg	윯
dbfa	윪
cysw	쵽
cysg	쵾
cyrt	쵻
cyqt	춊
cyfx	춅
cyfv	춆
cyft	춄
cyfr	춁
cyfq	춃
cyfg	춇
cyfa	춂
cusw	쳕
cusg	쳖
curt	쳓
cuqt	쳢
cufx	쳝
cufv	쳞
cuft	쳜
cufr	쳙
cufq	쳛
cufg	쳟
cufa	쳚
cPsw	쳱
cpsw	첹
cPsg	쳲
cpsg	첺
cPrt	쳯
cprt	첷
cPqt	쳾
cpqt	쳆
cPfx	쳹
cpfx	쳁
cPfv	쳺
cpfv	쳂
cPft	쳸
cpft	쳀
cPfr	쳵
cpfr	첽
cPfq	쳷
cpfq	첿
cPfg	쳻
cpfg	쳃
cPfa	쳶
cpfa	첾
cOsw	첁
cosw	챉
cOsg	첂
cosg	챊
cOrt	챿
cort	챇
cOqt	첎
coqt	챖
cOfx	첉
cofx	챑
cOfv	첊
cofv	챒
cOft	첈
coft	챐
cOfr	첅
cofr	챍
cOfq	첇
cofq	챏
cOfg	첋
cofg	챓
cOfa	첆
cofa	챎
cnsw	춙
cnsg	춚
cnrt	춗
cnqt	춦
cnpz	췤
cnpx	췥
cnpw	췢
cnpv	췦
cnpT	췠
cnpt	췟
cnps	췐
cnpR	췎
cnpr	췍
cnpq	췝
cnpg	췧
cnpf	췔
cnpe	췓
cnpd	췡
cnpc	췣
cnpa	췜
cnlz	츀
cnlx	츁
cnlw	췾
cnlv	츂
cnlT	췼
cnlt	췻
cnls	췬
cnlR	췪
cnlr	췩
cnlq	췹
cnlg	츃
cnlf	췰
cnle	췯
cnld	췽
cnlc	췿
cnla	췸
cnjz	췈
cnjx	췉
cnjw	췆
cnjv	췊
cnjT	췄
cnjt	췃
cnjs	춴
cnjR	춲
cnjr	춱
cnjq	췁
cnjg	췋
cnjf	춸
cnje	춷
cnjd	췅
cnjc	췇
cnja	췀
cnfx	춡
cnfv	춢
cnft	춠
cnfr	춝
cnfq	춟
cnfg	춣
cnfa	춞
cmsw	츥
cmsg	츦
cmrt	츣
cmqt	츲
cmlz	칔
cmlx	칕
cmlw	칒
cmlv	칖
cmlT	칐
cmlt	칏
cmls	칀
cmlR	츾
cmlr	츽
cmlq	칍
cmlg	칗
cmlf	칄
cmle	칃
cmld	칑
cmlc	칓
cmla	칌
cmfx	츭
cmfv	츮
cmft	츬
cmfr	츩
cmfq	츫
cmfg	츯
cmfa	츪
clsw	칝
clsg	칞
clrt	칛
clqt	칪
clfx	칥
clfv	칦
clft	칤
clfr	칡
clfq	칣
clfg	칧
clfa	칢
cksw	찭
cksg	찮
ckrt	찫
ckqt	찺
ckfx	찵
ckfv	찶
ckft	찴
ckfr	찱
ckfq	찳
ckfg	찷
ckfa	찲
cjsw	첝
cjsg	첞
cjrt	첛
cjqt	첪
cjfx	첥
cjfv	첦
cjft	첤
cjfr	첡
cjfq	첣
cjfg	첧
cjfa	첢
cisw	챥
cisg	챦
cirt	챣
ciqt	챲
cifx	챭
cifv	챮
cift	챬
cifr	챩
cifq	챫
cifg	챯
cifa	챪
chsw	촍
chsg	촎
chrt	촋
chqt	촚
choz	쵘
chox	쵙
chow	쵖
chov	쵚
choT	쵔
chot	쵓
chos	쵄
choR	쵂
chor	쵁
choq	쵑
chog	쵛
chof	쵈
choe	쵇
chod	쵕
choc	쵗
choa	쵐
chlz	쵴
chlx	쵵
chlw	쵲
chlv	쵶
chlT	쵰
chlt	쵯
chls	쵠
chlR	쵞
chlr	쵝
chlq	쵭
chlg	쵷
chlf	쵤
chle	쵣
chld	쵱
chlc	쵳
chla	쵬
chkz	촼
chkx	촽
chkw	촺
chkv	촾
chkT	촸
chkt	촷
chks	촨
chkR	촦
chkr	촥
chkq	촵
chkg	촿
chkf	촬
chke	촫
chkd	촹
chkc	촻
chka	촴
chfx	촕
chfv	촖
chft	촔
chfr	촑
chfq	촓
chfg	촗
chfa	촒
cbsw	츉
cbsg	츊
cbrt	츇
cbqt	츖
cbfx	츑
cbfv	츒
cbft	츐
cbfr	츍
cbfq	츏
cbfg	츓
cbfa	츎
aysw	묝
aysg	묞
ayrt	묛
ayqt	묪
ayfx	묥
ayfv	묦
ayft	묤
ayfr	묡
ayfq	묣
ayfg	묧
ayfa	묢
ausw	멵
ausg	멶
aurt	멳
auqt	몂
aufx	멽
aufv	멾
auft	멼
aufr	멹
aufq	멻
aufg	멿
aufa	멺
aPsw	몑
apsw	멙
aPsg	몒
apsg	멚
aPrt	몏
aprt	멗
aPqt	몞
apqt	멦
aPfx	몙
apfx	멡
aPfv	몚
apfv	멢
aPft	몘
apft	멠
aPfr	몕
apfr	멝
aPfq	몗
apfq	멟
aPfg	몛
apfg	멣
aPfa	몖
apfa	멞
aOsw	먡
aosw	맩
aOsg	먢
aosg	맪
aOrt	먟
aort	맧
aOqt	먮
aoqt	맶
aOfx	먩
aofx	맱
aOfv	먪
aofv	맲
aOft	먨
aoft	맰
aOfr	먥
aofr	맭
aOfq	먧
aofq	맯
aOfg	먫
aofg	맳
aOfa	먦
aofa	맮
answ	묹
ansg	묺
anrt	묷
anqt	뭆
anpz	뮄
anpx	뮅
anpw	뮂
anpv	뮆
anpT	뮀
anpt	뭿
anps	뭰
anpR	뭮
anpr	뭭
anpq	뭽
anpg	뮇
anpf	뭴
anpe	뭳
anpd	뮁
anpc	뮃
anpa	뭼
anlz	뮠
anlx	뮡
anlw	뮞
anlv	뮢
anlT	뮜
anlt	뮛
anls	뮌
anlR	뮊
anlr	뮉
anlq	뮙
anlg	뮣
anlf	뮐
anle	뮏
anld	뮝
anlc	뮟
anla	뮘
anjz	뭨
anjx	뭩
anjw	뭦
anjv	뭪
anjT	뭤
anjt	뭣
anjs	뭔
anjR	뭒
anjr	뭑
anjq	뭡
anjg	뭫
anjf	뭘
anje	뭗
anjd	뭥
anjc	뭧
anja	뭠
anfx	뭁
anfv	뭂
anft	뭀
anfr	묽
anfq	묿
anfg	뭃
anfa	묾
amsw	믅
amsg	믆
amrt	믃
amqt	믒
amlz	믴
amlx	믵
amlw	믲
amlv	믶
amlT	믰
amlt	믯
amls	믠
amlR	믞
amlr	믝
amlq	믭
amlg	믷
amlf	믤
amle	믣
amld	믱
amlc	믳
amla	믬
amfx	믍
amfv	믎
amft	믌
amfr	믉
amfq	믋
amfg	믏
amfa	믊
alsw	믽
alsg	믾
alrt	믻
alqt	밊
alfx	밅
alfv	밆
alft	밄
alfr	밁
alfq	밃
alfg	밇
alfa	밂
aksw	맍
aksg	많
akrt	맋
akqt	맚
akfx	맕
akfv	맖
akft	맔
akfr	맑
akfq	맓
akfg	맗
akfa	맒
ajsw	먽
ajsg	먾
ajrt	먻
ajqt	멊
ajfx	멅
ajfv	멆
ajft	멄
ajfr	멁
ajfq	멃
ajfg	멇
ajfa	멂
aisw	먅
aisg	먆
airt	먃
aiqt	먒
aifx	먍
aifv	먎
aift	먌
aifr	먉
aifq	먋
aifg	먏
aifa	먊
ahsw	몭
ahsg	몮
ahrt	몫
ahqt	몺
ahoz	뫸
ahox	뫹
ahow	뫶
ahov	뫺
ahoT	뫴
ahot	뫳
ahos	뫤
ahoR	뫢
ahor	뫡
ahoq	뫱
ahog	뫻
ahof	뫨
ahoe	뫧
ahod	뫵
ahoc	뫷
ahoa	뫰
ahlz	묔
ahlx	묕
ahlw	묒
ahlv	묖
ahlT	묐
ahlt	묏
ahls	묀
ahlR	뫾
ahlr	뫽
ahlq	묍
ahlg	묗
ahlf	묄
ahle	묃
ahld	묑
ahlc	묓
ahla	묌
ahkz	뫜
ahkx	뫝
ahkw	뫚
ahkv	뫞
ahkT	뫘
ahkt	뫗
ahks	뫈
ahkR	뫆
ahkr	뫅
ahkq	뫕
ahkg	뫟
ahkf	뫌
ahke	뫋
ahkd	뫙
ahkc	뫛
ahka	뫔
ahfx	몵
ahfv	몶
ahft	몴
ahfr	몱
ahfq	몳
ahfg	몷
ahfa	몲
absw	뮩
absg	뮪
abrt	뮧
abqt	뮶
abfx	뮱
abfv	뮲
abft	뮰
abfr	뮭
abfq	뮯
abfg	뮳
abfa	뮮
zyz	쿜
zyx	쿝
zyw	쿚
zyv	쿞
zyT	쿘
zyt	쿗
zys	쿈
zyR	쿆
zyr	쿅
zyq	쿕
zyg	쿟
zyf	쿌
zye	쿋
zyd	쿙
zyc	쿛
zya	쿔
zuz	켴
zux	켵
zuw	켲
zuv	켶
zuT	켰
zut	켯
zus	켠
zuR	켞
zur	켝
zuq	켭
zug	켷
zuf	켤
zue	켣
zud	켱
zuc	켳
zua	켬
zPz	콐
zpz	켘
zPx	콑
zpx	켙
zPw	콎
zpw	켖
zPv	콒
zpv	켚
zPT	콌
zPt	콋
zpT	켔
zpt	켓
zPs	켼
zps	켄
zPR	켺
zPr	켹
zpR	켂
zpr	켁
zPq	콉
zpq	켑
zPg	콓
zpg	켛
zPf	콀
zpf	켈
zPe	켿
zpe	켇
zPd	콍
zpd	켕
zPc	콏
zpc	켗
zPa	콈
zpa	켐
zOz	컠
zoz	캨
zOx	컡
zox	캩
zOw	컞
zow	캦
zOv	컢
zov	캪
zOT	컜
zOt	컛
zoT	캤
zot	캣
zOs	컌
zos	캔
zOR	컊
zOr	컉
zoR	캒
zor	캑
zOq	컙
zoq	캡
zOg	컣
zog	캫
zOf	컐
zof	캘
zOe	컏
zoe	캗
zOd	컝
zod	캥
zOc	컟
zoc	캧
zOa	컘
zoa	캠
znz	쿸
znx	쿹
znw	쿶
znv	쿺
znT	쿴
znt	쿳
zns	쿤
znR	쿢
znr	쿡
znq	쿱
znp	퀘
znl	퀴
znj	쿼
zng	쿻
znf	쿨
zne	쿧
znd	쿵
znc	쿷
zna	쿰
zmz	킄
zmx	킅
zmw	킂
zmv	킆
zmT	킀
zmt	큿
zms	큰
zmR	큮
zmr	큭
zmq	큽
zml	킈
zmg	킇
zmf	클
zme	큳
zmd	킁
zmc	킃
zma	큼
zlz	킼
zlx	킽
zlw	킺
zlv	킾
zlT	킸
zlt	킷
zls	킨
zlR	킦
zlr	킥
zlq	킵
zlg	킿
zlf	킬
zle	킫
zld	킹
zlc	킻
zla	킴
zkz	캌
zkx	캍
zkw	캊
zkv	캎
zkT	캈
zkt	캇
zks	칸
zkR	칶
zkr	칵
zkq	캅
zkg	캏
zkf	칼
zke	칻
zkd	캉
zkc	캋
zka	캄
zjz	컼
zjx	컽
zjw	컺
zjv	컾
zjT	컸
zjt	컷
zjs	컨
zjR	컦
zjr	컥
zjq	컵
zjg	컿
zjf	컬
zje	컫
zjd	컹
zjc	컻
zja	컴
ziz	컄
zix	컅
ziw	컂
ziv	컆
ziT	컀
zit	캿
zis	캰
ziR	캮
zir	캭
ziq	캽
zig	컇
zif	캴
zie	캳
zid	컁
zic	컃
zia	캼
zhz	콬
zhx	콭
zhw	콪
zhv	콮
zhT	콨
zht	콧
zhs	콘
zhR	콖
zhr	콕
zhq	콥
zho	쾌
zhl	쾨
zhk	콰
zhg	콯
zhf	콜
zhe	콛
zhd	콩
zhc	콫
zha	콤
zbz	큨
zbx	큩
zbw	큦
zbv	큪
zbT	큤
zbt	큣
zbs	큔
zbR	큒
zbr	큑
zbq	큡
zbg	큫
zbf	큘
zbe	큗
zbd	큥
zbc	큧
zba	큠
xyz	툨
xyx	툩
xyw	툦
xyv	툪
xyT	툤
xyt	툣
xys	툔
xyR	툒
xyr	툑
xyq	툡
xyg	툫
xyf	툘
xye	툗
xyd	툥
xyc	툧
xya	툠
xuz	톀
xux	톁
xuw	텾
xuv	톂
xuT	텼
xut	텻
xus	텬
xuR	텪
xur	텩
xuq	텹
xug	톃
xuf	텰
xue	텯
xud	텽
xuc	텿
xua	텸
xPz	톜
xpz	텤
xPx	톝
xpx	텥
xPw	톚
xpw	텢
xPv	톞
xpv	텦
xPT	톘
xPt	톗
xpT	텠
xpt	텟
xPs	톈
xps	텐
xPR	톆
xPr	톅
xpR	텎
xpr	텍
xPq	톕
xpq	텝
xPg	톟
xpg	텧
xPf	톌
xpf	텔
xPe	톋
xpe	텓
xPd	톙
xpd	텡
xPc	톛
xpc	텣
xPa	톔
xpa	템
xOz	턬
xoz	탴
xOx	턭
xox	탵
xOw	턪
xow	탲
xOv	턮
xov	탶
xOT	턨
xOt	턧
xoT	탰
xot	탯
xOs	턘
xos	탠
xOR	턖
xOr	턕
xoR	탞
xor	택
xOq	턥
xoq	탭
xOg	턯
xog	탷
xOf	턜
xof	탤
xOe	턛
xoe	탣
xOd	턩
xod	탱
xOc	턫
xoc	탳
xOa	턤
xoa	탬
xnz	퉄
xnx	퉅
xnw	퉂
xnv	퉆
xnT	퉀
xnt	툿
xns	툰
xnR	툮
xnr	툭
xnq	툽
xnp	퉤
xnl	튀
xnj	퉈
xng	퉇
xnf	툴
xne	툳
xnd	퉁
xnc	퉃
xna	툼
xmz	틐
xmx	틑
xmw	틎
xmv	틒
xmT	틌
xmt	틋
xms	튼
xmR	튺
xmr	특
xmq	틉
xml	틔
xmg	틓
xmf	틀
xme	튿
xmd	틍
xmc	틏
xma	틈
xlz	팈
xlx	팉
xlw	팆
xlv	팊
xlT	팄
xlt	팃
xls	틴
xlR	틲
xlr	틱
xlq	팁
xlg	팋
xlf	틸
xle	틷
xld	팅
xlc	팇
xla	팀
xkz	탘
xkx	탙
xkw	탖
xkv	탚
xkT	탔
xkt	탓
xks	탄
xkR	탂
xkr	탁
xkq	탑
xkg	탛
xkf	탈
xke	탇
xkd	탕
xkc	탗
xka	탐
xjz	텈
xjx	텉
xjw	텆
xjv	텊
xjT	텄
xjt	텃
xjs	턴
xjR	턲
xjr	턱
xjq	텁
xjg	텋
xjf	털
xje	턷
xjd	텅
xjc	텇
xja	텀
xiz	턐
xix	턑
xiw	턎
xiv	턒
xiT	턌
xit	턋
xis	탼
xiR	탺
xir	탹
xiq	턉
xig	턓
xif	턀
xie	탿
xid	턍
xic	턏
xia	턈
xhz	톸
xhx	톹
xhw	톶
xhv	톺
xhT	톴
xht	톳
xhs	톤
xhR	톢
xhr	톡
xhq	톱
xho	퇘
xhl	퇴
xhk	톼
xhg	톻
xhf	톨
xhe	톧
xhd	통
xhc	톷
xha	톰
xbz	튴
xbx	튵
xbw	튲
xbv	튶
xbT	튰
xbt	튯
xbs	튠
xbR	튞
xbr	튝
xbq	튭
xbg	튷
xbf	튤
xbe	튣
xbd	튱
xbc	튳
xba	튬
Wyz	쭄
wyz	죸
Wyx	쭅
wyx	죹
Wyw	쭂
wyw	죶
Wyv	쭆
wyv	죺
WyT	쭀
Wyt	쬿
wyT	죴
wyt	죳
Wys	쬰
wys	죤
WyR	쬮
Wyr	쬭
wyR	죢
wyr	죡
Wyq	쬽
wyq	죱
Wyg	쭇
wyg	죻
Wyf	쬴
wyf	죨
Wye	쬳
wye	죧
Wyd	쭁
wyd	죵
Wyc	쭃
wyc	죷
Wya	쬼
wya	죰
Wuz	쪜
wuz	졐
Wux	쪝
wux	졑
Wuw	쪚
wuw	졎
Wuv	쪞
wuv	졒
WuT	쪘
Wut	쪗
wuT	졌
wut	졋
Wus	쪈
wus	젼
WuR	쪆
Wur	쪅
wuR	젺
wur	젹
Wuq	쪕
wuq	졉
Wug	쪟
wug	졓
Wuf	쪌
wuf	졀
Wue	쪋
wue	젿
Wud	쪙
wud	졍
Wuc	쪛
wuc	졏
Wua	쪔
wua	졈
WPz	쪸
Wpz	쪀
wPz	졬
wpz	젴
WPx	쪹
Wpx	쪁
wPx	졭
wpx	젵
WPw	쪶
Wpw	쩾
wPw	졪
wpw	젲
WPv	쪺
Wpv	쪂
wPv	졮
wpv	젶
WPT	쪴
WPt	쪳
WpT	쩼
Wpt	쩻
wPT	졨
wPt	졧
wpT	젰
wpt	젯
WPs	쪤
Wps	쩬
wPs	졘
wps	젠
WPR	쪢
WPr	쪡
WpR	쩪
Wpr	쩩
wPR	졖
wPr	졕
wpR	젞
wpr	젝
WPq	쪱
Wpq	쩹
wPq	졥
wpq	젭
WPg	쪻
Wpg	쪃
wPg	졯
wpg	젷
WPf	쪨
Wpf	쩰
wPf	졜
wpf	젤
WPe	쪧
Wpe	쩯
wPe	졛
wpe	젣
WPd	쪵
Wpd	쩽
wPd	졩
wpd	젱
WPc	쪷
Wpc	쩿
wPc	졫
wpc	젳
WPa	쪰
Wpa	쩸
wPa	졤
wpa	젬
WOz	쩈
Woz	쨐
wOz	쟼
woz	쟄
WOx	쩉
Wox	쨑
wOx	쟽
wox	쟅
WOw	쩆
Wow	쨎
wOw	쟺
wow	쟂
WOv	쩊
Wov	쨒
wOv	쟾
wov	쟆
WOT	쩄
WOt	쩃
WoT	쨌
Wot	쨋
wOT	쟸
wOt	쟷
woT	쟀
wot	잿
WOs	쨴
Wos	짼
wOs	쟨
wos	잰
WOR	쨲
WOr	쨱
WoR	짺
Wor	짹
wOR	쟦
wOr	쟥
woR	잮
wor	잭
WOq	쩁
Woq	쨉
wOq	쟵
woq	잽
WOg	쩋
Wog	쨓
wOg	쟿
wog	쟇
WOf	쨸
Wof	쨀
wOf	쟬
wof	잴
WOe	쨷
Woe	짿
wOe	쟫
woe	잳
WOd	쩅
Wod	쨍
wOd	쟹
wod	쟁
WOc	쩇
Woc	쨏
wOc	쟻
woc	쟃
WOa	쩀
Woa	쨈
wOa	쟴
woa	잼
Wnz	쭠
wnz	줔
Wnx	쭡
wnx	줕
Wnw	쭞
wnw	줒
Wnv	쭢
wnv	줖
WnT	쭜
Wnt	쭛
wnT	줐
wnt	줏
Wns	쭌
wns	준
WnR	쭊
Wnr	쭉
wnR	죾
wnr	죽
Wnq	쭙
wnq	줍
Wnp	쮀
wnp	줴
Wnl	쮜
wnl	쥐
Wnj	쭤
wnj	줘
Wng	쭣
wng	줗
Wnf	쭐
wnf	줄
Wne	쭏
wne	줃
Wnd	쭝
wnd	중
Wnc	쭟
wnc	줓
Wna	쭘
wna	줌
Wmz	쯬
wmz	즠
Wmx	쯭
wmx	즡
Wmw	쯪
wmw	즞
Wmv	쯮
wmv	즢
WmT	쯨
Wmt	쯧
wmT	즜
wmt	즛
Wms	쯘
wms	즌
WmR	쯖
Wmr	쯕
wmR	즊
wmr	즉
Wmq	쯥
wmq	즙
Wml	쯰
wml	즤
Wmg	쯯
wmg	즣
Wmf	쯜
wmf	즐
Wme	쯛
wme	즏
Wmd	쯩
wmd	증
Wmc	쯫
wmc	즟
Wma	쯤
wma	즘
Wlz	찤
wlz	짘
Wlx	찥
wlx	짙
Wlw	찢
wlw	짖
Wlv	찦
wlv	짚
WlT	찠
Wlt	찟
wlT	짔
wlt	짓
Wls	찐
wls	진
WlR	찎
Wlr	찍
wlR	짂
wlr	직
Wlq	찝
wlq	집
Wlg	찧
wlg	짛
Wlf	찔
wlf	질
Wle	찓
wle	짇
Wld	찡
wld	징
Wlc	찣
wlc	짗
Wla	찜
wla	짐
Wkz	짴
wkz	잨
Wkx	짵
wkx	잩
Wkw	짲
wkw	잦
Wkv	짶
wkv	잪
WkT	짰
Wkt	짯
wkT	잤
wkt	잣
Wks	짠
wks	잔
WkR	짞
Wkr	짝
wkR	잒
wkr	작
Wkq	짭
wkq	잡
Wkg	짷
wkg	잫
Wkf	짤
wkf	잘
Wke	짣
wke	잗
Wkd	짱
wkd	장
Wkc	짳
wkc	잧
Wka	짬
wka	잠
Wjz	쩤
wjz	젘
Wjx	쩥
wjx	젙
Wjw	쩢
wjw	젖
Wjv	쩦
wjv	젚
WjT	쩠
Wjt	쩟
wjT	젔
wjt	젓
Wjs	쩐
wjs	전
WjR	쩎
Wjr	쩍
wjR	젂
wjr	적
Wjq	쩝
wjq	접
Wjg	쩧
wjg	젛
Wjf	쩔
wjf	절
Wje	쩓
wje	젇
Wjd	쩡
wjd	정
Wjc	쩣
wjc	젗
Wja	쩜
wja	점
Wiz	쨬
wiz	쟠
Wix	쨭
wix	쟡
Wiw	쨪
wiw	쟞
Wiv	쨮
wiv	쟢
WiT	쨨
Wit	쨧
wiT	쟜
wit	쟛
Wis	쨘
wis	쟌
WiR	쨖
Wir	쨕
wiR	쟊
wir	쟉
Wiq	쨥
wiq	쟙
Wig	쨯
wig	쟣
Wif	쨜
wif	쟐
Wie	쨛
wie	쟏
Wid	쨩
wid	쟝
Wic	쨫
wic	쟟
Wia	쨤
wia	쟘
Whz	쫔
whz	좈
Whx	쫕
whx	좉
Whw	쫒
whw	좆
Whv	쫖
whv	좊
WhT	쫐
Wht	쫏
whT	좄
wht	좃
Whs	쫀
whs	존
WhR	쪾
Whr	쪽
whR	졲
whr	족
Whq	쫍
whq	좁
Who	쫴
who	좨
Whl	쬐
whl	죄
Whk	쫘
whk	좌
Whg	쫗
whg	좋
Whf	쫄
whf	졸
Whe	쫃
whe	졷
Whd	쫑
whd	종
Whc	쫓
whc	좇
Wha	쫌
wha	좀
Wbz	쯐
wbz	즄
Wbx	쯑
wbx	즅
Wbw	쯎
wbw	즂
Wbv	쯒
wbv	즆
WbT	쯌
Wbt	쯋
wbT	즀
wbt	쥿
Wbs	쮼
wbs	쥰
WbR	쮺
Wbr	쮹
wbR	쥮
wbr	쥭
Wbq	쯉
wbq	쥽
Wbg	쯓
wbg	즇
Wbf	쯀
wbf	쥴
Wbe	쮿
wbe	쥳
Wbd	쯍
wbd	즁
Wbc	쯏
wbc	즃
Wba	쯈
wba	쥼
vyz	푴
vyx	푵
vyw	푲
vyv	푶
vyT	푰
vyt	푯
vys	푠
vyR	푞
vyr	푝
vyq	푭
vyg	푷
vyf	푤
vye	푣
vyd	푱
vyc	푳
vya	푬
vuz	폌
vux	폍
vuw	폊
vuv	폎
vuT	폈
vut	폇
vus	편
vuR	펶
vur	펵
vuq	폅
vug	폏
vuf	펼
vue	펻
vud	평
vuc	폋
vua	폄
vPz	폨
vpz	펰
vPx	폩
vpx	펱
vPw	폦
vpw	펮
vPv	폪
vpv	펲
vPT	폤
vPt	폣
vpT	펬
vpt	펫
vPs	폔
vps	펜
vPR	폒
vPr	폑
vpR	펚
vpr	펙
vPq	폡
vpq	펩
vPg	폫
vpg	펳
vPf	폘
vpf	펠
vPe	폗
vpe	펟
vPd	폥
vpd	펭
vPc	폧
vpc	펯
vPa	폠
vpa	펨
vOz	퍸
voz	퍀
vOx	퍹
vox	퍁
vOw	퍶
vow	팾
vOv	퍺
vov	퍂
vOT	퍴
vOt	퍳
voT	팼
vot	팻
vOs	퍤
vos	팬
vOR	퍢
vOr	퍡
voR	팪
vor	팩
vOq	퍱
voq	팹
vOg	퍻
vog	퍃
vOf	퍨
vof	팰
vOe	퍧
voe	팯
vOd	퍵
vod	팽
vOc	퍷
voc	팿
vOa	퍰
voa	팸
vnz	풐
vnx	풑
vnw	풎
vnv	풒
vnT	풌
vnt	풋
vns	푼
vnR	푺
vnr	푹
vnq	풉
vnp	풰
vnl	퓌
vnj	풔
vng	풓
vnf	풀
vne	푿
vnd	풍
vnc	풏
vna	품
vmz	픜
vmx	픝
vmw	픚
vmv	픞
vmT	픘
vmt	픗
vms	픈
vmR	픆
vmr	픅
vmq	픕
vml	픠
vmg	픟
vmf	플
vme	픋
vmd	픙
vmc	픛
vma	픔
vlz	핔
vlx	핕
vlw	핒
vlv	핖
vlT	핐
vlt	핏
vls	핀
vlR	픾
vlr	픽
vlq	핍
vlg	핗
vlf	필
vle	핃
vld	핑
vlc	핓
vla	핌
vkz	팤
vkx	팥
vkw	팢
vkv	팦
vkT	팠
vkt	팟
vks	판
vkR	팎
vkr	팍
vkq	팝
vkg	팧
vkf	팔
vke	팓
vkd	팡
vkc	팣
vka	팜
vjz	펔
vjx	펕
vjw	펒
vjv	펖
vjT	펐
vjt	펏
vjs	펀
vjR	퍾
vjr	퍽
vjq	펍
vjg	펗
vjf	펄
vje	펃
vjd	펑
vjc	펓
vja	펌
viz	퍜
vix	퍝
viw	퍚
viv	퍞
viT	퍘
vit	퍗
vis	퍈
viR	퍆
vir	퍅
viq	퍕
vig	퍟
vif	퍌
vie	퍋
vid	퍙
vic	퍛
via	퍔
vhz	퐄
vhx	퐅
vhw	퐂
vhv	퐆
vhT	퐀
vht	폿
vhs	폰
vhR	폮
vhr	폭
vhq	폽
vho	퐤
vhl	푀
vhk	퐈
vhg	퐇
vhf	폴
vhe	폳
vhd	퐁
vhc	퐃
vha	폼
vbz	픀
vbx	픁
vbw	퓾
vbv	픂
vbT	퓼
vbt	퓻
vbs	퓬
vbR	퓪
vbr	퓩
vbq	퓹
vbg	픃
vbf	퓰
vbe	퓯
vbd	퓽
vbc	퓿
vba	퓸
Tyz	쑠
tyz	숔
Tyx	쑡
tyx	숕
Tyw	쑞
tyw	숒
Tyv	쑢
tyv	숖
TyT	쑜
Tyt	쑛
tyT	숐
tyt	숏
Tys	쑌
tys	숀
TyR	쑊
Tyr	쑉
tyR	쇾
tyr	쇽
Tyq	쑙
tyq	숍
Tyg	쑣
tyg	숗
Tyf	쑐
tyf	숄
Tye	쑏
tye	숃
Tyd	쑝
tyd	숑
Tyc	쑟
tyc	숓
Tya	쑘
tya	숌
Tuz	쎸
tuz	셬
Tux	쎹
tux	셭
Tuw	쎶
tuw	셪
Tuv	쎺
tuv	셮
TuT	쎴
Tut	쎳
tuT	셨
tut	셧
Tus	쎤
tus	션
TuR	쎢
Tur	쎡
tuR	셖
tur	셕
Tuq	쎱
tuq	셥
Tug	쎻
tug	셯
Tuf	쎨
tuf	셜
Tue	쎧
tue	셛
Tud	쎵
tud	셩
Tuc	쎷
tuc	셫
Tua	쎰
tua	셤
TPz	쏔
Tpz	쎜
tPz	솈
tpz	셐
TPx	쏕
Tpx	쎝
tPx	솉
tpx	셑
TPw	쏒
Tpw	쎚
tPw	솆
tpw	셎
TPv	쏖
Tpv	쎞
tPv	솊
tpv	셒
TPT	쏐
TPt	쏏
TpT	쎘
Tpt	쎗
tPT	솄
tPt	솃
tpT	셌
tpt	셋
TPs	쏀
Tps	쎈
tPs	셴
tps	센
TPR	쎾
TPr	쎽
TpR	쎆
Tpr	쎅
tPR	셲
tPr	셱
tpR	섺
tpr	섹
TPq	쏍
Tpq	쎕
tPq	솁
tpq	셉
TPg	쏗
Tpg	쎟
tPg	솋
tpg	셓
TPf	쏄
Tpf	쎌
tPf	셸
tpf	셀
TPe	쏃
Tpe	쎋
tPe	셷
tpe	섿
TPd	쏑
Tpd	쎙
tPd	솅
tpd	셍
TPc	쏓
Tpc	쎛
tPc	솇
tpc	셏
TPa	쏌
Tpa	쎔
tPa	솀
tpa	셈
TOz	썤
Toz	쌬
tOz	섘
toz	샠
TOx	썥
Tox	쌭
tOx	섙
tox	샡
TOw	썢
Tow	쌪
tOw	섖
tow	샞
TOv	썦
Tov	쌮
tOv	섚
tov	샢
TOT	썠
TOt	썟
ToT	쌨
Tot	쌧
tOT	섔
tOt	섓
toT	샜
tot	샛
TOs	썐
Tos	쌘
tOs	섄
tos	샌
TOR	썎
TOr	썍
ToR	쌖
Tor	쌕
tOR	섂
tOr	섁
toR	샊
tor	색
TOq	썝
Toq	쌥
tOq	섑
toq	샙
TOg	썧
Tog	쌯
tOg	섛
tog	샣
TOf	썔
Tof	쌜
tOf	섈
tof	샐
TOe	썓
Toe	쌛
tOe	섇
toe	샏
TOd	썡
Tod	쌩
tOd	섕
tod	생
TOc	썣
Toc	쌫
tOc	섗
toc	샟
TOa	썜
Toa	쌤
tOa	섐
toa	샘
Tnz	쑼
tnz	숰
Tnx	쑽
tnx	숱
Tnw	쑺
tnw	숮
Tnv	쑾
tnv	숲
TnT	쑸
Tnt	쑷
tnT	숬
tnt	숫
Tns	쑨
tns	순
TnR	쑦
Tnr	쑥
tnR	숚
tnr	숙
Tnq	쑵
tnq	숩
Tnp	쒜
tnp	쉐
Tnl	쒸
tnl	쉬
Tnj	쒀
tnj	숴
Tng	쑿
tng	숳
Tnf	쑬
tnf	술
Tne	쑫
tne	숟
Tnd	쑹
tnd	숭
Tnc	쑻
tnc	숯
Tna	쑴
tna	숨
Tmz	씈
tmz	슼
Tmx	씉
tmx	슽
Tmw	씆
tmw	슺
Tmv	씊
tmv	슾
TmT	씄
Tmt	씃
tmT	슸
tmt	슷
Tms	쓴
tms	슨
TmR	쓲
Tmr	쓱
tmR	슦
tmr	슥
Tmq	씁
tmq	습
Tml	씌
tml	싀
Tmg	씋
tmg	슿
Tmf	쓸
tmf	슬
Tme	쓷
tme	슫
Tmd	씅
tmd	승
Tmc	씇
tmc	슻
Tma	씀
tma	슴
Tlz	앀
tlz	싴
Tlx	앁
tlx	싵
Tlw	씾
tlw	싲
Tlv	앂
tlv	싶
TlT	씼
Tlt	씻
tlT	싰
tlt	싯
Tls	씬
tls	신
TlR	씪
Tlr	씩
tlR	싞
tlr	식
Tlq	씹
tlq	십
Tlg	앃
tlg	싷
Tlf	씰
tlf	실
Tle	씯
tle	싣
Tld	씽
tld	싱
Tlc	씿
tlc	싳
Tla	씸
tla	심
Tkz	쌐
tkz	샄
Tkx	쌑
tkx	샅
Tkw	쌎
tkw	샂
Tkv	쌒
tkv	샆
TkT	쌌
Tkt	쌋
tkT	샀
tkt	삿
Tks	싼
tks	산
TkR	싺
Tkr	싹
tkR	삮
tkr	삭
Tkq	쌉
tkq	삽
Tkg	쌓
tkg	샇
Tkf	쌀
tkf	살
Tke	싿
tke	삳
Tkd	쌍
tkd	상
Tkc	쌏
tkc	샃
Tka	쌈
tka	삼
Tjz	쎀
tjz	섴
Tjx	쎁
tjx	섵
Tjw	썾
tjw	섲
Tjv	쎂
tjv	섶
TjT	썼
Tjt	썻
tjT	섰
tjt	섯
Tjs	썬
tjs	선
TjR	썪
Tjr	썩
tjR	섞
tjr	석
Tjq	썹
tjq	섭
Tjg	쎃
tjg	섷
Tjf	썰
tjf	설
Tje	썯
tje	섣
Tjd	썽
tjd	성
Tjc	썿
tjc	섳
Tja	썸
tja	섬
Tiz	썈
tiz	샼
Tix	썉
tix	샽
Tiw	썆
tiw	샺
Tiv	썊
tiv	샾
TiT	썄
Tit	썃
tiT	샸
tit	샷
Tis	쌴
tis	샨
TiR	쌲
Tir	쌱
tiR	샦
tir	샥
Tiq	썁
tiq	샵
Tig	썋
tig	샿
Tif	쌸
tif	샬
Tie	쌷
tie	샫
Tid	썅
tid	샹
Tic	썇
tic	샻
Tia	썀
tia	샴
Thz	쏰
thz	솤
Thx	쏱
thx	솥
Thw	쏮
thw	솢
Thv	쏲
thv	솦
ThT	쏬
Tht	쏫
thT	솠
tht	솟
Ths	쏜
ths	손
ThR	쏚
Thr	쏙
thR	솎
thr	속
Thq	쏩
thq	솝
Tho	쐐
tho	쇄
Thl	쐬
thl	쇠
Thk	쏴
thk	솨
Thg	쏳
thg	솧
Thf	쏠
thf	솔
The	쏟
the	솓
Thd	쏭
thd	송
Thc	쏯
thc	솣
Tha	쏨
tha	솜
Tbz	쓬
tbz	슠
Tbx	쓭
tbx	슡
Tbw	쓪
tbw	슞
Tbv	쓮
tbv	슢
TbT	쓨
Tbt	쓧
tbT	슜
tbt	슛
Tbs	쓘
tbs	슌
TbR	쓖
Tbr	쓕
tbR	슊
tbr	슉
Tbq	쓥
tbq	슙
Tbg	쓯
tbg	슣
Tbf	쓜
tbf	슐
Tbe	쓛
tbe	슏
Tbd	쓩
tbd	슝
Tbc	쓫
tbc	슟
Tba	쓤
tba	슘
syz	눀
syx	눁
syw	뇾
syv	눂
syT	뇼
syt	뇻
sys	뇬
syR	뇪
syr	뇩
syq	뇹
syg	눃
syf	뇰
sye	뇯
syd	뇽
syc	뇿
sya	뇸
suz	녘
sux	녙
suw	녖
suv	녚
suT	녔
sut	녓
sus	년
suR	녂
sur	녁
suq	녑
sug	녛
suf	녈
sue	녇
sud	녕
suc	녗
sua	념
sPz	녴
spz	넼
sPx	녵
spx	넽
sPw	녲
spw	넺
sPv	녶
spv	넾
sPT	녰
sPt	녯
spT	넸
spt	넷
sPs	녠
sps	넨
sPR	녞
sPr	녝
spR	넦
spr	넥
sPq	녭
spq	넵
sPg	녷
spg	넿
sPf	녤
spf	넬
sPe	녣
spe	넫
sPd	녱
spd	넹
sPc	녳
spc	넻
sPa	녬
spa	넴
sOz	넄
soz	냌
sOx	넅
sox	냍
sOw	넂
sow	냊
sOv	넆
sov	냎
sOT	넀
sOt	냿
soT	냈
sot	냇
sOs	냰
sos	낸
sOR	냮
sOr	냭
soR	낶
sor	낵
sOq	냽
soq	냅
sOg	넇
sog	냏
sOf	냴
sof	낼
sOe	냳
soe	낻
sOd	넁
sod	냉
sOc	넃
soc	냋
sOa	냼
soa	냄
snz	눜
snx	눝
snw	눚
snv	눞
snT	눘
snt	눗
sns	눈
snR	눆
snr	눅
snq	눕
snp	눼
snl	뉘
snj	눠
sng	눟
snf	눌
sne	눋
snd	눙
snc	눛
sna	눔
smz	늨
smx	늩
smw	늦
smv	늪
smT	늤
smt	늣
sms	는
smR	늒
smr	늑
smq	늡
sml	늬
smg	늫
smf	늘
sme	늗
smd	능
smc	늧
sma	늠
slz	닠
slx	닡
slw	닞
slv	닢
slT	닜
slt	닛
sls	닌
slR	닊
slr	닉
slq	닙
slg	닣
slf	닐
sle	닏
sld	닝
slc	닟
sla	님
skz	낰
skx	낱
skw	낮
skv	낲
skT	났
skt	낫
sks	난
skR	낚
skr	낙
skq	납
skg	낳
skf	날
ske	낟
skd	낭
skc	낯
ska	남
sjz	넠
sjx	넡
sjw	넞
sjv	넢
sjT	넜
sjt	넛
sjs	넌
sjR	넊
sjr	넉
sjq	넙
sjg	넣
sjf	널
sje	넏
sjd	넝
sjc	넟
sja	넘
siz	냨
six	냩
siw	냦
siv	냪
siT	냤
sit	냣
sis	냔
siR	냒
sir	냑
siq	냡
sig	냫
sif	냘
sie	냗
sid	냥
sic	냧
sia	냠
shz	놐
shx	놑
shw	놎
shv	높
shT	놌
sht	놋
shs	논
shR	녺
shr	녹
shq	놉
sho	놰
shl	뇌
shk	놔
shg	놓
shf	놀
she	녿
shd	농
shc	놏
sha	놈
sbz	늌
sbx	늍
sbw	늊
sbv	늎
sbT	늈
sbt	늇
sbs	뉸
sbR	뉶
sbr	뉵
sbq	늅
sbg	늏
sbf	뉼
sbe	뉻
sbd	늉
sbc	늋
sba	늄
Ryz	꾴
ryz	굨
Ryx	꾵
ryx	굩
Ryw	꾲
ryw	굦
Ryv	꾶
ryv	굪
RyT	꾰
Ryt	꾯
ryT	굤
ryt	굣
Rys	꾠
rys	굔
RyR	꾞
Ryr	꾝
ryR	굒
ryr	굑
Ryq	꾭
ryq	굡
Ryg	꾷
ryg	굫
Ryf	꾤
ryf	굘
Rye	꾣
rye	굗
Ryd	꾱
ryd	굥
Ryc	꾳
ryc	굧
Rya	꾬
rya	굠
Ruz	꼌
ruz	곀
Rux	꼍
rux	곁
Ruw	꼊
ruw	겾
Ruv	꼎
ruv	곂
RuT	꼈
Rut	꼇
ruT	겼
rut	겻
Rus	껸
rus	견
RuR	껶
Rur	껵
ruR	겪
rur	격
Ruq	꼅
ruq	겹
Rug	꼏
rug	곃
Ruf	껼
ruf	결
Rue	껻
rue	겯
Rud	꼉
rud	경
Ruc	꼋
ruc	겿
Rua	꼄
rua	겸
RPz	꼨
Rpz	껰
rPz	곜
rpz	겤
RPx	꼩
Rpx	껱
rPx	곝
rpx	겥
RPw	꼦
Rpw	껮
rPw	곚
rpw	겢
RPv	꼪
Rpv	껲
rPv	곞
rpv	겦
RPT	꼤
RPt	꼣
RpT	껬
Rpt	껫
rPT	곘
rPt	곗
rpT	겠
rpt	겟
RPs	꼔
Rps	껜
rPs	곈
rps	겐
RPR	꼒
RPr	꼑
RpR	껚
Rpr	껙
rPR	곆
rPr	곅
rpR	겎
rpr	겍
RPq	꼡
Rpq	껩
rPq	곕
rpq	겝
RPg	꼫
Rpg	껳
rPg	곟
rpg	겧
RPf	꼘
Rpf	껠
rPf	곌
rpf	겔
RPe	꼗
Rpe	껟
rPe	곋
rpe	겓
RPd	꼥
Rpd	껭
rPd	곙
rpd	겡
RPc	꼧
Rpc	껯
rPc	곛
rpc	겣
RPa	꼠
Rpa	껨
rPa	곔
rpa	겜
ROz	꺸
Roz	꺀
rOz	걬
roz	갴
ROx	꺹
Rox	꺁
rOx	걭
rox	갵
ROw	꺶
Row	깾
rOw	걪
row	갲
ROv	꺺
Rov	꺂
rOv	걮
rov	갶
ROT	꺴
ROt	꺳
RoT	깼
Rot	깻
rOT	걨
rOt	걧
roT	갰
rot	갯
ROs	꺤
Ros	깬
rOs	걘
ros	갠
ROR	꺢
ROr	꺡
RoR	깪
Ror	깩
rOR	걖
rOr	걕
roR	갞
ror	객
ROq	꺱
Roq	깹
rOq	걥
roq	갭
ROg	꺻
Rog	꺃
rOg	걯
rog	갷
ROf	꺨
Rof	깰
rOf	걜
rof	갤
ROe	꺧
Roe	깯
rOe	걛
roe	갣
ROd	꺵
Rod	깽
rOd	걩
rod	갱
ROc	꺷
Roc	깿
rOc	걫
roc	갳
ROa	꺰
Roa	깸
rOa	걤
roa	갬
Rnz	꿐
rnz	궄
Rnx	꿑
rnx	궅
Rnw	꿎
rnw	궂
Rnv	꿒
rnv	궆
RnT	꿌
Rnt	꿋
rnT	궀
rnt	굿
Rns	꾼
rns	군
RnR	꾺
Rnr	꾹
rnR	굮
rnr	국
Rnq	꿉
rnq	굽
Rnp	꿰
rnp	궤
Rnl	뀌
rnl	귀
Rnj	꿔
rnj	궈
Rng	꿓
rng	궇
Rnf	꿀
rnf	굴
Rne	꾿
rne	굳
Rnd	꿍
rnd	궁
Rnc	꿏
rnc	궃
Rna	꿈
rna	굼
Rmz	끜
rmz	긐
Rmx	끝
rmx	긑
Rmw	끚
rmw	긎
Rmv	끞
rmv	긒
RmT	끘
Rmt	끗
rmT	긌
rmt	긋
Rms	끈
rms	근
RmR	끆
Rmr	끅
rmR	귺
rmr	극
Rmq	끕
rmq	급
Rml	끠
rml	긔
Rmg	끟
rmg	긓
Rmf	끌
rmf	글
Rme	끋
rme	귿
Rmd	끙
rmd	긍
Rmc	끛
rmc	긏
Rma	끔
rma	금
Rlz	낔
rlz	깈
Rlx	낕
rlx	깉
Rlw	낒
rlw	깆
Rlv	낖
rlv	깊
RlT	낐
Rlt	낏
rlT	깄
rlt	깃
Rls	낀
rls	긴
RlR	끾
Rlr	끽
rlR	긲
rlr	긱
Rlq	낍
rlq	깁
Rlg	낗
rlg	깋
Rlf	낄
rlf	길
Rle	낃
rle	긷
Rld	낑
rld	깅
Rlc	낓
rlc	깇
Rla	낌
rla	김
Rkz	깤
rkz	갘
Rkx	깥
rkx	같
Rkw	깢
rkw	갖
Rkv	깦
rkv	갚
RkT	깠
Rkt	깟
rkT	갔
rkt	갓
Rks	깐
rks	간
RkR	깎
Rkr	깍
rkR	갂
rkr	각
Rkq	깝
rkq	갑
Rkg	깧
rkg	갛
Rkf	깔
rkf	갈
Rke	깓
rke	갇
Rkd	깡
rkd	강
Rkc	깣
rkc	갗
Rka	깜
rka	감
Rjz	껔
rjz	겈
Rjx	껕
rjx	겉
Rjw	껒
rjw	겆
Rjv	껖
rjv	겊
RjT	껐
Rjt	껏
rjT	겄
rjt	것
Rjs	껀
rjs	건
RjR	꺾
Rjr	꺽
rjR	걲
rjr	걱
Rjq	껍
rjq	겁
Rjg	껗
rjg	겋
Rjf	껄
rjf	걸
Rje	껃
rje	걷
Rjd	껑
rjd	겅
Rjc	껓
rjc	겇
Rja	껌
rja	검
Riz	꺜
riz	걐
Rix	꺝
rix	걑
Riw	꺚
riw	걎
Riv	꺞
riv	걒
RiT	꺘
Rit	꺗
riT	걌
rit	걋
Ris	꺈
ris	갼
RiR	꺆
Rir	꺅
riR	갺
rir	갹
Riq	꺕
riq	걉
Rig	꺟
rig	걓
Rif	꺌
rif	걀
Rie	꺋
rie	갿
Rid	꺙
rid	걍
Ric	꺛
ric	걏
Ria	꺔
ria	걈
Rhz	꽄
rhz	곸
Rhx	꽅
rhx	곹
Rhw	꽂
rhw	곶
Rhv	꽆
rhv	곺
RhT	꽀
Rht	꼿
rhT	곴
rht	곳
Rhs	꼰
rhs	곤
RhR	꼮
Rhr	꼭
rhR	곢
rhr	곡
Rhq	꼽
rhq	곱
Rho	꽤
rho	괘
Rhl	꾀
rhl	괴
Rhk	꽈
rhk	과
Rhg	꽇
rhg	곻
Rhf	꼴
rhf	골
Rhe	꼳
rhe	곧
Rhd	꽁
rhd	공
Rhc	꽃
rhc	곷
Rha	꼼
rha	곰
Rbz	끀
rbz	귴
Rbx	끁
rbx	귵
Rbw	뀾
rbw	귲
Rbv	끂
rbv	귶
RbT	뀼
Rbt	뀻
rbT	귰
rbt	귯
Rbs	뀬
rbs	균
RbR	뀪
Rbr	뀩
rbR	귞
rbr	귝
Rbq	뀹
rbq	귭
Rbg	끃
rbg	귷
Rbf	뀰
rbf	귤
Rbe	뀯
rbe	귣
Rbd	뀽
rbd	귱
Rbc	뀿
rbc	귳
Rba	뀸
rba	귬
Qyz	뿈
qyz	뵼
Qyx	뿉
qyx	뵽
Qyw	뿆
qyw	뵺
Qyv	뿊
qyv	뵾
QyT	뿄
Qyt	뿃
qyT	뵸
qyt	뵷
Qys	뾴
qys	뵨
QyR	뾲
Qyr	뾱
qyR	뵦
qyr	뵥
Qyq	뿁
qyq	뵵
Qyg	뿋
qyg	뵿
Qyf	뾸
qyf	뵬
Qye	뾷
qye	뵫
Qyd	뿅
qyd	뵹
Qyc	뿇
qyc	뵻
Qya	뿀
qya	뵴
Quz	뼠
quz	볔
Qux	뼡
qux	볕
Quw	뼞
quw	볒
Quv	뼢
quv	볖
QuT	뼜
Qut	뼛
quT	볐
qut	볏
Qus	뼌
qus	변
QuR	뼊
Qur	뼉
quR	벾
qur	벽
Quq	뼙
quq	볍
Qug	뼣
qug	볗
Quf	뼐
quf	별
Que	뼏
que	볃
Qud	뼝
qud	병
Quc	뼟
quc	볓
Qua	뼘
qua	볌
QPz	뼼
Qpz	뼄
qPz	볰
qpz	벸
QPx	뼽
Qpx	뼅
qPx	볱
qpx	벹
QPw	뼺
Qpw	뼂
qPw	볮
qpw	벶
QPv	뼾
Qpv	뼆
qPv	볲
qpv	벺
QPT	뼸
QPt	뼷
QpT	뼀
Qpt	뻿
qPT	볬
qPt	볫
qpT	벴
qpt	벳
QPs	뼨
Qps	뻰
qPs	볜
qps	벤
QPR	뼦
QPr	뼥
QpR	뻮
Qpr	뻭
qPR	볚
qPr	볙
qpR	벢
qpr	벡
QPq	뼵
Qpq	뻽
qPq	볩
qpq	벱
QPg	뼿
Qpg	뼇
qPg	볳
qpg	벻
QPf	뼬
Qpf	뻴
qPf	볠
qpf	벨
QPe	뼫
Qpe	뻳
qPe	볟
qpe	벧
QPd	뼹
Qpd	뼁
qPd	볭
qpd	벵
QPc	뼻
Qpc	뼃
qPc	볯
qpc	벷
QPa	뼴
Qpa	뻼
qPa	볨
qpa	벰
QOz	뻌
Qoz	뺔
qOz	벀
qoz	뱈
QOx	뻍
Qox	뺕
qOx	벁
qox	뱉
QOw	뻊
Qow	뺒
qOw	뱾
qow	뱆
QOv	뻎
Qov	뺖
qOv	벂
qov	뱊
QOT	뻈
QOt	뻇
QoT	뺐
Qot	뺏
qOT	뱼
qOt	뱻
qoT	뱄
qot	뱃
QOs	뺸
Qos	뺀
qOs	뱬
qos	밴
QOR	뺶
QOr	뺵
QoR	빾
Qor	빽
qOR	뱪
qOr	뱩
qoR	밲
qor	백
QOq	뻅
Qoq	뺍
qOq	뱹
qoq	뱁
QOg	뻏
Qog	뺗
qOg	벃
qog	뱋
QOf	뺼
Qof	뺄
qOf	뱰
qof	밸
QOe	뺻
Qoe	뺃
qOe	뱯
qoe	밷
QOd	뻉
Qod	뺑
qOd	뱽
qod	뱅
QOc	뻋
Qoc	뺓
qOc	뱿
qoc	뱇
QOa	뻄
Qoa	뺌
qOa	뱸
qoa	뱀
Qnz	뿤
qnz	붘
Qnx	뿥
qnx	붙
Qnw	뿢
qnw	붖
Qnv	뿦
qnv	붚
QnT	뿠
Qnt	뿟
qnT	붔
qnt	붓
Qns	뿐
qns	분
QnR	뿎
Qnr	뿍
qnR	붂
qnr	북
Qnq	뿝
qnq	붑
Qnp	쀄
qnp	붸
Qnl	쀠
qnl	뷔
Qnj	뿨
qnj	붜
Qng	뿧
qng	붛
Qnf	뿔
qnf	불
Qne	뿓
qne	붇
Qnd	뿡
qnd	붕
Qnc	뿣
qnc	붗
Qna	뿜
qna	붐
Qmz	쁰
qmz	븤
Qmx	쁱
qmx	븥
Qmw	쁮
qmw	븢
Qmv	쁲
qmv	븦
QmT	쁬
Qmt	쁫
qmT	븠
qmt	븟
Qms	쁜
qms	븐
QmR	쁚
Qmr	쁙
qmR	븎
qmr	븍
Qmq	쁩
qmq	븝
Qml	쁴
qml	븨
Qmg	쁳
qmg	븧
Qmf	쁠
qmf	블
Qme	쁟
qme	븓
Qmd	쁭
qmd	븡
Qmc	쁯
qmc	븣
Qma	쁨
qma	븜
Qlz	삨
qlz	빜
Qlx	삩
qlx	빝
Qlw	삦
qlw	빚
Qlv	삪
qlv	빞
QlT	삤
Qlt	삣
qlT	빘
qlt	빗
Qls	삔
qls	빈
QlR	삒
Qlr	삑
qlR	빆
qlr	빅
Qlq	삡
qlq	빕
Qlg	삫
qlg	빟
Qlf	삘
qlf	빌
Qle	삗
qle	빋
Qld	삥
qld	빙
Qlc	삧
qlc	빛
Qla	삠
qla	빔
Qkz	빸
qkz	밬
Qkx	빹
qkx	밭
Qkw	빶
qkw	밪
Qkv	빺
qkv	밮
QkT	빴
Qkt	빳
qkT	밨
qkt	밧
Qks	빤
qks	반
QkR	빢
Qkr	빡
qkR	밖
qkr	박
Qkq	빱
qkq	밥
Qkg	빻
qkg	밯
Qkf	빨
qkf	발
Qke	빧
qke	받
Qkd	빵
qkd	방
Qkc	빷
qkc	밫
Qka	빰
qka	밤
Qjz	뻨
qjz	벜
Qjx	뻩
qjx	벝
Qjw	뻦
qjw	벚
Qjv	뻪
qjv	벞
QjT	뻤
Qjt	뻣
qjT	벘
qjt	벗
Qjs	뻔
qjs	번
QjR	뻒
Qjr	뻑
qjR	벆
qjr	벅
Qjq	뻡
qjq	법
Qjg	뻫
qjg	벟
Qjf	뻘
qjf	벌
Qje	뻗
qje	벋
Qjd	뻥
qjd	벙
Qjc	뻧
qjc	벛
Qja	뻠
qja	범
Qiz	뺰
qiz	뱤
Qix	뺱
qix	뱥
Qiw	뺮
qiw	뱢
Qiv	뺲
qiv	뱦
QiT	뺬
Qit	뺫
qiT	뱠
qit	뱟
Qis	뺜
qis	뱐
QiR	뺚
Qir	뺙
qiR	뱎
qir	뱍
Qiq	뺩
qiq	뱝
Qig	뺳
qig	뱧
Qif	뺠
qif	뱔
Qie	뺟
qie	뱓
Qid	뺭
qid	뱡
Qic	뺯
qic	뱣
Qia	뺨
qia	뱜
Qhz	뽘
qhz	봌
Qhx	뽙
qhx	봍
Qhw	뽖
qhw	봊
Qhv	뽚
qhv	봎
QhT	뽔
Qht	뽓
qhT	봈
qht	봇
Qhs	뽄
qhs	본
QhR	뽂
Qhr	뽁
qhR	볶
qhr	복
Qhq	뽑
qhq	봅
Qho	뽸
qho	봬
Qhl	뾔
qhl	뵈
Qhk	뽜
qhk	봐
Qhg	뽛
qhg	봏
Qhf	뽈
qhf	볼
Qhe	뽇
qhe	볻
Qhd	뽕
qhd	봉
Qhc	뽗
qhc	봋
Qha	뽐
qha	봄
Qbz	쁔
qbz	븈
Qbx	쁕
qbx	븉
Qbw	쁒
qbw	븆
Qbv	쁖
qbv	븊
QbT	쁐
Qbt	쁏
qbT	븄
qbt	븃
Qbs	쁀
qbs	뷴
QbR	쀾
Qbr	쀽
qbR	뷲
qbr	뷱
Qbq	쁍
qbq	븁
Qbg	쁗
qbg	븋
Qbf	쁄
qbf	뷸
Qbe	쁃
qbe	뷷
Qbd	쁑
qbd	븅
Qbc	쁓
qbc	븇
Qba	쁌
qba	븀
gyz	훀
gyx	훁
gyw	횾
gyv	훂
gyT	횼
gyt	횻
gys	횬
gyR	횪
gyr	횩
gyq	횹
gyg	훃
gyf	횰
gye	횯
gyd	횽
gyc	횿
gya	횸
guz	혘
gux	혙
guw	혖
guv	혚
guT	혔
gut	혓
gus	현
guR	혂
gur	혁
guq	협
gug	혛
guf	혈
gue	혇
gud	형
guc	혗
gua	혐
gPz	혴
gpz	헼
gPx	혵
gpx	헽
gPw	혲
gpw	헺
gPv	혶
gpv	헾
gPT	혰
gPt	혯
gpT	헸
gpt	헷
gPs	혠
gps	헨
gPR	혞
gPr	혝
gpR	헦
gpr	헥
gPq	혭
gpq	헵
gPg	혷
gpg	헿
gPf	혤
gpf	헬
gPe	혣
gpe	헫
gPd	혱
gpd	헹
gPc	혳
gpc	헻
gPa	혬
gpa	헴
gOz	헄
goz	햌
gOx	헅
gox	햍
gOw	헂
gow	햊
gOv	헆
gov	햎
gOT	헀
gOt	햿
goT	했
got	햇
gOs	햰
gos	핸
gOR	햮
gOr	햭
goR	핶
gor	핵
gOq	햽
goq	햅
gOg	헇
gog	햏
gOf	햴
gof	핼
gOe	햳
goe	핻
gOd	헁
god	행
gOc	헃
goc	햋
gOa	햼
goa	햄
gnz	훜
gnx	훝
gnw	훚
gnv	훞
gnT	훘
gnt	훗
gns	훈
gnR	훆
gnr	훅
gnq	훕
gnp	훼
gnl	휘
gnj	훠
gng	훟
gnf	훌
gne	훋
gnd	훙
gnc	훛
gna	훔
gmz	흨
gmx	흩
gmw	흦
gmv	흪
gmT	흤
gmt	흣
gms	흔
gmR	흒
gmr	흑
gmq	흡
gml	희
gmg	흫
gmf	흘
gme	흗
gmd	흥
gmc	흧
gma	흠
glz	힠
glx	힡
glw	힞
glv	힢
glT	힜
glt	힛
gls	힌
glR	힊
glr	힉
glq	힙
glg	힣
glf	힐
gle	힏
gld	힝
glc	힟
gla	힘
gkz	핰
gkx	핱
gkw	핮
gkv	핲
gkT	핬
gkt	핫
gks	한
gkR	핚
gkr	학
gkq	합
gkg	핳
gkf	할
gke	핟
gkd	항
gkc	핯
gka	함
gjz	헠
gjx	헡
gjw	헞
gjv	헢
gjT	헜
gjt	헛
gjs	헌
gjR	헊
gjr	헉
gjq	헙
gjg	헣
gjf	헐
gje	헏
gjd	헝
gjc	헟
gja	험
giz	햨
gix	햩
giw	햦
giv	햪
giT	햤
git	햣
gis	햔
giR	햒
gir	햑
giq	햡
gig	햫
gif	햘
gie	햗
gid	향
gic	햧
gia	햠
ghz	홐
ghx	홑
ghw	홎
ghv	홒
ghT	홌
ght	홋
ghs	혼
ghR	혺
ghr	혹
ghq	홉
gho	홰
ghl	회
ghk	화
ghg	홓
ghf	홀
ghe	혿
ghd	홍
ghc	홏
gha	홈
gbz	흌
gbx	흍
gbw	흊
gbv	흎
gbT	흈
gbt	흇
gbs	휸
gbR	휶
gbr	휵
gbq	흅
gbg	흏
gbf	휼
gbe	휻
gbd	흉
gbc	흋
gba	흄
fyz	룤
fyx	룥
fyw	룢
fyv	룦
fyT	룠
fyt	룟
fys	룐
fyR	룎
fyr	룍
fyq	룝
fyg	룧
fyf	룔
fye	룓
fyd	룡
fyc	룣
fya	룜
fuz	렼
fux	렽
fuw	렺
fuv	렾
fuT	렸
fut	렷
fus	련
fuR	렦
fur	력
fuq	렵
fug	렿
fuf	렬
fue	렫
fud	령
fuc	렻
fua	렴
fPz	롘
fpz	렠
fPx	롙
fpx	렡
fPw	롖
fpw	렞
fPv	롚
fpv	렢
fPT	롔
fPt	롓
fpT	렜
fpt	렛
fPs	롄
fps	렌
fPR	롂
fPr	롁
fpR	렊
fpr	렉
fPq	롑
fpq	렙
fPg	롛
fpg	렣
fPf	롈
fpf	렐
fPe	롇
fpe	렏
fPd	롕
fpd	렝
fPc	롗
fpc	렟
fPa	롐
fpa	렘
fOz	럨
foz	랰
fOx	럩
fox	랱
fOw	럦
fow	랮
fOv	럪
fov	랲
fOT	럤
fOt	럣
foT	랬
fot	랫
fOs	럔
fos	랜
fOR	럒
fOr	럑
foR	랚
for	랙
fOq	럡
foq	랩
fOg	럫
fog	랳
fOf	럘
fof	랠
fOe	럗
foe	랟
fOd	럥
fod	랭
fOc	럧
foc	랯
fOa	럠
foa	램
fnz	뤀
fnx	뤁
fnw	룾
fnv	뤂
fnT	룼
fnt	룻
fns	룬
fnR	룪
fnr	룩
fnq	룹
fnp	뤠
fnl	뤼
fnj	뤄
fng	뤃
fnf	룰
fne	룯
fnd	룽
fnc	룿
fna	룸
fmz	릌
fmx	릍
fmw	릊
fmv	릎
fmT	릈
fmt	릇
fms	른
fmR	륶
fmr	륵
fmq	릅
fml	릐
fmg	릏
fmf	를
fme	륻
fmd	릉
fmc	릋
fma	름
flz	맄
flx	맅
flw	맂
flv	맆
flT	맀
flt	릿
fls	린
flR	릮
flr	릭
flq	립
flg	맇
flf	릴
fle	릳
fld	링
flc	맃
fla	림
fkz	랔
fkx	랕
fkw	랒
fkv	랖
fkT	랐
fkt	랏
fks	란
fkR	띾
fkr	락
fkq	랍
fkg	랗
fkf	랄
fke	랃
fkd	랑
fkc	랓
fka	람
fjz	렄
fjx	렅
fjw	렂
fjv	렆
fjT	렀
fjt	럿
fjs	런
fjR	럮
fjr	럭
fjq	럽
fjg	렇
fjf	럴
fje	럳
fjd	렁
fjc	렃
fja	럼
fiz	럌
fix	럍
fiw	럊
fiv	럎
fiT	럈
fit	럇
fis	랸
fiR	랶
fir	략
fiq	럅
fig	럏
fif	랼
fie	랻
fid	량
fic	럋
fia	럄
fhz	롴
fhx	롵
fhw	롲
fhv	롶
fhT	롰
fht	롯
fhs	론
fhR	롞
fhr	록
fhq	롭
fho	뢔
fhl	뢰
fhk	롸
fhg	롷
fhf	롤
fhe	롣
fhd	롱
fhc	롳
fha	롬
fbz	륰
fbx	륱
fbw	륮
fbv	륲
fbT	륬
fbt	륫
fbs	륜
fbR	륚
fbr	륙
fbq	륩
fbg	륳
fbf	률
fbe	륟
fbd	륭
fbc	륯
fba	륨
Eyz	뚘
eyz	둌
Eyx	뚙
eyx	둍
Eyw	뚖
eyw	둊
Eyv	뚚
eyv	둎
EyT	뚔
Eyt	뚓
eyT	둈
eyt	둇
Eys	뚄
eys	됸
EyR	뚂
Eyr	뚁
eyR	됶
eyr	됵
Eyq	뚑
eyq	둅
Eyg	뚛
eyg	둏
Eyf	뚈
eyf	됼
Eye	뚇
eye	됻
Eyd	뚕
eyd	둉
Eyc	뚗
eyc	둋
Eya	뚐
eya	둄
Euz	뗰
euz	뎤
Eux	뗱
eux	뎥
Euw	뗮
euw	뎢
Euv	뗲
euv	뎦
EuT	뗬
Eut	뗫
euT	뎠
eut	뎟
Eus	뗜
eus	뎐
EuR	뗚
Eur	뗙
euR	뎎
eur	뎍
Euq	뗩
euq	뎝
Eug	뗳
eug	뎧
Euf	뗠
euf	뎔
Eue	뗟
eue	뎓
Eud	뗭
eud	뎡
Euc	뗯
euc	뎣
Eua	뗨
eua	뎜
EPz	똌
Epz	뗔
ePz	돀
epz	뎈
EPx	똍
Epx	뗕
ePx	돁
epx	뎉
EPw	똊
Epw	뗒
ePw	뎾
epw	뎆
EPv	똎
Epv	뗖
ePv	돂
epv	뎊
EPT	똈
EPt	똇
EpT	뗐
Ept	뗏
ePT	뎼
ePt	뎻
epT	뎄
ept	뎃
EPs	뗸
Eps	뗀
ePs	뎬
eps	덴
EPR	뗶
EPr	뗵
EpR	떾
Epr	떽
ePR	뎪
ePr	뎩
epR	덲
epr	덱
EPq	똅
Epq	뗍
ePq	뎹
epq	뎁
EPg	똏
Epg	뗗
ePg	돃
epg	뎋
EPf	뗼
Epf	뗄
ePf	뎰
epf	델
EPe	뗻
Epe	뗃
ePe	뎯
epe	덷
EPd	똉
Epd	뗑
ePd	뎽
epd	뎅
EPc	똋
Epc	뗓
ePc	뎿
epc	뎇
EPa	똄
Epa	뗌
ePa	뎸
epa	뎀
EOz	떜
Eoz	땤
eOz	덐
eoz	댘
EOx	떝
Eox	땥
eOx	덑
eox	댙
EOw	떚
Eow	땢
eOw	덎
eow	댖
EOv	떞
Eov	땦
eOv	덒
eov	댚
EOT	떘
EOt	떗
EoT	땠
Eot	땟
eOT	덌
eOt	덋
eoT	댔
eot	댓
EOs	떈
Eos	땐
eOs	댼
eos	댄
EOR	떆
EOr	떅
EoR	땎
Eor	땍
eOR	댺
eOr	댹
eoR	댂
eor	댁
EOq	떕
Eoq	땝
eOq	덉
eoq	댑
EOg	떟
Eog	땧
eOg	덓
eog	댛
EOf	떌
Eof	땔
eOf	덀
eof	댈
EOe	떋
Eoe	땓
eOe	댿
eoe	댇
EOd	떙
Eod	땡
eOd	덍
eod	댕
EOc	떛
Eoc	땣
eOc	덏
eoc	댗
EOa	떔
Eoa	땜
eOa	덈
eoa	댐
Enz	뚴
enz	둨
Enx	뚵
enx	둩
Enw	뚲
enw	둦
Env	뚶
env	둪
EnT	뚰
Ent	뚯
enT	둤
ent	둣
Ens	뚠
ens	둔
EnR	뚞
Enr	뚝
enR	둒
enr	둑
Enq	뚭
enq	둡
Enp	뛔
enp	뒈
Enl	뛰
enl	뒤
Enj	뚸
enj	둬
Eng	뚷
eng	둫
Enf	뚤
enf	둘
Ene	뚣
ene	둗
End	뚱
end	둥
Enc	뚳
enc	둧
Ena	뚬
ena	둠
Emz	띀
emz	듴
Emx	띁
emx	듵
Emw	뜾
emw	듲
Emv	띂
emv	듶
EmT	뜼
Emt	뜻
emT	듰
emt	듯
Ems	뜬
ems	든
EmR	뜪
Emr	뜩
emR	듞
emr	득
Emq	뜹
emq	듭
Eml	띄
eml	듸
Emg	띃
emg	듷
Emf	뜰
emf	들
Eme	뜯
eme	듣
Emd	뜽
emd	등
Emc	뜿
emc	듳
Ema	뜸
ema	듬
Elz	띸
elz	딬
Elx	띹
elx	딭
Elw	띶
elw	딪
Elv	띺
elv	딮
ElT	띴
Elt	띳
elT	딨
elt	딧
Els	띤
els	딘
ElR	띢
Elr	띡
elR	딖
elr	딕
Elq	띱
elq	딥
Elg	띻
elg	딯
Elf	띨
elf	딜
Ele	띧
ele	딛
Eld	띵
eld	딩
Elc	띷
elc	딫
Ela	띰
ela	딤
Ekz	땈
ekz	닼
Ekx	땉
ekx	닽
Ekw	땆
ekw	닺
Ekv	땊
ekv	닾
EkT	땄
Ekt	땃
ekT	닸
ekt	닷
Eks	딴
eks	단
EkR	딲
Ekr	딱
ekR	닦
ekr	닥
Ekq	땁
ekq	답
Ekg	땋
ekg	닿
Ekf	딸
ekf	달
Eke	딷
eke	닫
Ekd	땅
ekd	당
Ekc	땇
ekc	닻
Eka	땀
eka	담
Ejz	떸
ejz	덬
Ejx	떹
ejx	덭
Ejw	떶
ejw	덪
Ejv	떺
ejv	덮
EjT	떴
Ejt	떳
ejT	덨
ejt	덧
Ejs	떤
ejs	던
EjR	떢
Ejr	떡
ejR	덖
ejr	덕
Ejq	떱
ejq	덥
Ejg	떻
ejg	덯
Ejf	떨
ejf	덜
Eje	떧
eje	덛
Ejd	떵
ejd	덩
Ejc	떷
ejc	덫
Eja	떰
eja	덤
Eiz	떀
eiz	댴
Eix	떁
eix	댵
Eiw	땾
eiw	댲
Eiv	떂
eiv	댶
EiT	땼
Eit	땻
eiT	댰
eit	댯
Eis	땬
eis	댠
EiR	땪
Eir	땩
eiR	댞
eir	댝
Eiq	땹
eiq	댭
Eig	떃
eig	댷
Eif	땰
eif	댤
Eie	땯
eie	댣
Eid	땽
eid	댱
Eic	땿
eic	댳
Eia	땸
eia	댬
Ehz	똨
ehz	돜
Ehx	똩
ehx	돝
Ehw	똦
ehw	돚
Ehv	똪
ehv	돞
EhT	똤
Eht	똣
ehT	돘
eht	돗
Ehs	똔
ehs	돈
EhR	똒
Ehr	똑
ehR	돆
ehr	독
Ehq	똡
ehq	돕
Eho	뙈
eho	돼
Ehl	뙤
ehl	되
Ehk	똬
ehk	돠
Ehg	똫
ehg	돟
Ehf	똘
ehf	돌
Ehe	똗
ehe	돋
Ehd	똥
ehd	동
Ehc	똧
ehc	돛
Eha	똠
eha	돔
Ebz	뜤
ebz	듘
Ebx	뜥
ebx	듙
Ebw	뜢
ebw	듖
Ebv	뜦
ebv	듚
EbT	뜠
Ebt	뜟
ebT	듔
ebt	듓
Ebs	뜐
ebs	듄
EbR	뜎
Ebr	뜍
ebR	듂
ebr	듁
Ebq	뜝
ebq	듑
Ebg	뜧
ebg	듛
Ebf	뜔
ebf	듈
Ebe	뜓
ebe	듇
Ebd	뜡
ebd	듕
Ebc	뜣
ebc	듗
Eba	뜜
eba	듐
dyz	욬
dyx	욭
dyw	욪
dyv	욮
dyT	욨
dyt	욧
dys	욘
dyR	욖
dyr	욕
dyq	욥
dyg	욯
dyf	욜
dye	욛
dyd	용
dyc	욫
dya	욤
duz	옄
dux	옅
duw	옂
duv	옆
duT	였
dut	엿
dus	연
duR	엮
dur	역
duq	엽
dug	옇
duf	열
due	엳
dud	영
duc	옃
dua	염
dPz	옠
dpz	엨
dPx	옡
dpx	엩
dPw	옞
dpw	엦
dPv	옢
dpv	엪
dPT	옜
dPt	옛
dpT	엤
dpt	엣
dPs	옌
dps	엔
dPR	옊
dPr	옉
dpR	엒
dpr	엑
dPq	옙
dpq	엡
dPg	옣
dpg	엫
dPf	옐
dpf	엘
dPe	옏
dpe	엗
dPd	옝
dpd	엥
dPc	옟
dpc	엧
dPa	옘
dpa	엠
dOz	얰
doz	앸
dOx	얱
dox	앹
dOw	얮
dow	앶
dOv	얲
dov	앺
dOT	얬
dOt	얫
doT	앴
dot	앳
dOs	얜
dos	앤
dOR	얚
dOr	얙
doR	앢
dor	액
dOq	얩
doq	앱
dOg	얳
dog	앻
dOf	얠
dof	앨
dOe	얟
doe	앧
dOd	얭
dod	앵
dOc	얯
doc	앷
dOa	얨
doa	앰
dnz	웈
dnx	웉
dnw	웆
dnv	웊
dnT	웄
dnt	웃
dns	운
dnR	욲
dnr	욱
dnq	웁
dnp	웨
dnl	위
dnj	워
dng	웋
dnf	울
dne	욷
dnd	웅
dnc	웇
dna	움
dmz	읔
dmx	읕
dmw	읒
dmv	읖
dmT	읐
dmt	읏
dms	은
dmR	윾
dmr	윽
dmq	읍
dml	의
dmg	읗
dmf	을
dme	읃
dmd	응
dmc	읓
dma	음
dlz	잌
dlx	잍
dlw	잊
dlv	잎
dlT	있
dlt	잇
dls	인
dlR	읶
dlr	익
dlq	입
dlg	잏
dlf	일
dle	읻
dld	잉
dlc	잋
dla	임
dkz	앜
dkx	앝
dkw	앚
dkv	앞
dkT	았
dkt	앗
dks	안
dkR	앆
dkr	악
dkq	압
dkg	앟
dkf	알
dke	앋
dkd	앙
dkc	앛
dka	암
djz	엌
djx	엍
djw	엊
djv	엎
djT	었
djt	엇
djs	언
djR	얶
djr	억
djq	업
djg	엏
djf	얼
dje	얻
djd	엉
djc	엋
dja	엄
diz	얔
dix	얕
diw	얒
div	얖
diT	얐
dit	얏
dis	얀
diR	앾
dir	약
diq	얍
dig	얗
dif	얄
die	얃
did	양
dic	얓
dia	얌
dhz	옼
dhx	옽
dhw	옺
dhv	옾
dhT	옸
dht	옷
dhs	온
dhR	옦
dhr	옥
dhq	옵
dho	왜
dhl	외
dhk	와
dhg	옿
dhf	올
dhe	옫
dhd	옹
dhc	옻
dha	옴
dbz	윸
dbx	윹
dbw	윶
dbv	윺
dbT	윴
dbt	윳
dbs	윤
dbR	윢
dbr	육
dbq	윱
dbg	윻
dbf	율
dbe	윧
dbd	융
dbc	윷
dba	윰
cyz	춐
cyx	춑
cyw	춎
cyv	춒
cyT	춌
cyt	춋
cys	쵼
cyR	쵺
cyr	쵹
cyq	춉
cyg	춓
cyf	춀
cye	쵿
cyd	춍
cyc	춏
cya	춈
cuz	쳨
cux	쳩
cuw	쳦
cuv	쳪
cuT	쳤
cut	쳣
cus	쳔
cuR	쳒
cur	쳑
cuq	쳡
cug	쳫
cuf	쳘
cue	쳗
cud	쳥
cuc	쳧
cua	쳠
cPz	촄
cpz	쳌
cPx	촅
cpx	쳍
cPw	촂
cpw	쳊
cPv	촆
cpv	쳎
cPT	촀
cPt	쳿
cpT	쳈
cpt	쳇
cPs	쳰
cps	첸
cPR	쳮
cPr	쳭
cpR	첶
cpr	첵
cPq	쳽
cpq	쳅
cPg	촇
cpg	쳏
cPf	쳴
cpf	첼
cPe	쳳
cpe	첻
cPd	촁
cpd	쳉
cPc	촃
cpc	쳋
cPa	쳼
cpa	쳄
cOz	첔
coz	챜
cOx	첕
cox	챝
cOw	첒
cow	챚
cOv	첖
cov	챞
cOT	첐
cOt	첏
coT	챘
cot	챗
cOs	첀
cos	챈
cOR	챾
cOr	챽
coR	챆
cor	책
cOq	첍
coq	챕
cOg	첗
cog	챟
cOf	첄
cof	챌
cOe	첃
coe	챋
cOd	첑
cod	챙
cOc	첓
coc	챛
cOa	첌
coa	챔
cnz	춬
cnx	춭
cnw	춪
cnv	춮
cnT	춨
cnt	춧
cns	춘
cnR	춖
cnr	축
cnq	춥
cnp	췌
cnl	취
cnj	춰
cng	춯
cnf	출
cne	춛
cnd	충
cnc	춫
cna	춤
cmz	츸
cmx	츹
cmw	츶
cmv	츺
cmT	츴
cmt	츳
cms	츤
cmR	츢
cmr	측
cmq	츱
cml	츼
cmg	츻
cmf	츨
cme	츧
cmd	층
cmc	츷
cma	츰
clz	칰
clx	칱
clw	칮
clv	칲
clT	칬
clt	칫
cls	친
clR	칚
clr	칙
clq	칩
clg	칳
clf	칠
cle	칟
cld	칭
clc	칯
cla	침
ckz	챀
ckx	챁
ckw	찾
ckv	챂
ckT	찼
ckt	찻
cks	찬
ckR	찪
ckr	착
ckq	찹
ckg	챃
ckf	찰
cke	찯
ckd	창
ckc	찿
cka	참
cjz	첰
cjx	첱
cjw	첮
cjv	첲
cjT	첬
cjt	첫
cjs	천
cjR	첚
cjr	척
cjq	첩
cjg	첳
cjf	철
cje	첟
cjd	청
cjc	첯
cja	첨
ciz	챸
cix	챹
ciw	챶
civ	챺
ciT	챴
cit	챳
cis	챤
ciR	챢
cir	챡
ciq	챱
cig	챻
cif	챨
cie	챧
cid	챵
cic	챷
cia	챰
chz	촠
chx	촡
chw	촞
chv	촢
chT	촜
cht	촛
chs	촌
chR	촊
chr	촉
chq	촙
cho	쵀
chl	최
chk	촤
chg	촣
chf	촐
che	촏
chd	총
chc	촟
cha	촘
cbz	츜
cbx	츝
cbw	츚
cbv	츞
cbT	츘
cbt	츗
cbs	츈
cbR	츆
cbr	츅
cbq	츕
cbg	츟
cbf	츌
cbe	츋
cbd	츙
cbc	츛
cba	츔
ayz	묰
ayx	묱
ayw	묮
ayv	묲
ayT	묬
ayt	묫
ays	묜
ayR	묚
ayr	묙
ayq	묩
ayg	묳
ayf	묠
aye	묟
ayd	묭
ayc	묯
aya	묨
auz	몈
aux	몉
auw	몆
auv	몊
auT	몄
aut	몃
aus	면
auR	멲
aur	멱
auq	몁
aug	몋
auf	멸
aue	멷
aud	명
auc	몇
aua	몀
aPz	몤
apz	멬
aPx	몥
apx	멭
aPw	몢
apw	멪
aPv	몦
apv	멮
aPT	몠
aPt	몟
apT	멨
apt	멧
aPs	몐
aps	멘
aPR	몎
aPr	몍
apR	멖
apr	멕
aPq	몝
apq	멥
aPg	몧
apg	멯
aPf	몔
apf	멜
aPe	몓
ape	멛
aPd	몡
apd	멩
aPc	몣
apc	멫
aPa	몜
apa	멤
aOz	먴
aoz	맼
aOx	먵
aox	맽
aOw	먲
aow	맺
aOv	먶
aov	맾
aOT	먰
aOt	먯
aoT	맸
aot	맷
aOs	먠
aos	맨
aOR	먞
aOr	먝
aoR	맦
aor	맥
aOq	먭
aoq	맵
aOg	먷
aog	맿
aOf	먤
aof	맬
aOe	먣
aoe	맫
aOd	먱
aod	맹
aOc	먳
aoc	맻
aOa	먬
aoa	맴
anz	뭌
anx	뭍
anw	뭊
anv	뭎
anT	뭈
ant	뭇
ans	문
anR	묶
anr	묵
anq	뭅
anp	뭬
anl	뮈
anj	뭐
ang	뭏
anf	물
ane	묻
and	뭉
anc	뭋
ana	뭄
amz	믘
amx	믙
amw	믖
amv	믚
amT	믔
amt	믓
ams	믄
amR	믂
amr	믁
amq	믑
aml	믜
amg	믛
amf	믈
ame	믇
amd	믕
amc	믗
ama	믐
alz	밐
alx	밑
alw	밎
alv	밒
alT	밌
alt	밋
als	민
alR	믺
alr	믹
alq	밉
alg	밓
alf	밀
ale	믿
ald	밍
alc	및
ala	밈
akz	맠
akx	맡
akw	맞
akv	맢
akT	맜
akt	맛
aks	만
akR	맊
akr	막
akq	맙
akg	맣
akf	말
ake	맏
akd	망
akc	맟
aka	맘
ajz	멐
ajx	멑
ajw	멎
ajv	멒
ajT	멌
ajt	멋
ajs	먼
ajR	먺
ajr	먹
ajq	멉
ajg	멓
ajf	멀
aje	먿
ajd	멍
ajc	멏
aja	멈
aiz	먘
aix	먙
aiw	먖
aiv	먚
aiT	먔
ait	먓
ais	먄
aiR	먂
air	먁
aiq	먑
aig	먛
aif	먈
aie	먇
aid	먕
aic	먗
aia	먐
ahz	뫀
ahx	뫁
ahw	몾
ahv	뫂
ahT	몼
aht	못
ahs	몬
ahR	몪
ahr	목
ahq	몹
aho	뫠
ahl	뫼
ahk	뫄
ahg	뫃
ahf	몰
ahe	몯
ahd	몽
ahc	몿
aha	몸
abz	뮼
abx	뮽
abw	뮺
abv	뮾
abT	뮸
abt	뮷
abs	뮨
abR	뮦
abr	뮥
abq	뮵
abg	뮿
abf	뮬
abe	뮫
abd	뮹
abc	뮻
aba	뮴
zy	쿄
zu	켜
zP	켸
zp	케
zO	컈
zo	캐
zn	쿠
zm	크
zl	키
zk	카
zj	커
zi	캬
zh	코
zb	큐
xy	툐
xu	텨
xP	톄
xp	테
xO	턔
xo	태
xn	투
xm	트
xl	티
xk	타
xj	터
xi	탸
xh	토
xb	튜
Wy	쬬
wy	죠
Wu	쪄
wu	져
WP	쪠
Wp	쩨
wP	졔
wp	제
WO	쨰
Wo	째
wO	쟤
wo	재
Wn	쭈
wn	주
Wm	쯔
wm	즈
Wl	찌
wl	지
Wk	짜
wk	자
Wj	쩌
wj	저
Wi	쨔
wi	쟈
Wh	쪼
wh	조
Wb	쮸
wb	쥬
vy	표
vu	펴
vP	폐
vp	페
vO	퍠
vo	패
vn	푸
vm	프
vl	피
vk	파
vj	퍼
vi	퍄
vh	포
vb	퓨
Ty	쑈
ty	쇼
Tu	쎠
tu	셔
TP	쎼
Tp	쎄
tP	셰
tp	세
TO	썌
To	쌔
tO	섀
to	새
Tn	쑤
tn	수
Tm	쓰
tm	스
Tl	씨
tl	시
Tk	싸
tk	사
Tj	써
tj	서
Ti	쌰
ti	샤
Th	쏘
th	소
Tb	쓔
tb	슈
sy	뇨
su	녀
sP	녜
sp	네
sO	냬
so	내
sn	누
sm	느
sl	니
sk	나
sj	너
si	냐
sh	노
sb	뉴
Ry	꾜
ry	교
Ru	껴
ru	겨
RP	꼐
Rp	께
rP	계
rp	게
RO	꺠
Ro	깨
rO	걔
ro	개
Rn	꾸
rn	구
Rm	끄
rm	그
Rl	끼
rl	기
Rk	까
rk	가
Rj	꺼
rj	거
Ri	꺄
ri	갸
Rh	꼬
rh	고
Rb	뀨
rb	규
Qy	뾰
qy	뵤
Qu	뼈
qu	벼
QP	뼤
Qp	뻬
qP	볘
qp	베
QO	뺴
Qo	빼
qO	뱨
qo	배
Qn	뿌
qn	부
Qm	쁘
qm	브
Ql	삐
ql	비
Qk	빠
qk	바
Qj	뻐
qj	버
Qi	뺘
qi	뱌
Qh	뽀
qh	보
Qb	쀼
qb	뷰
np	ㅞ
nl	ㅟ
nj	ㅝ
ml	ㅢ
ho	ㅙ
hl	ㅚ
hk	ㅘ
gy	효
gu	혀
gP	혜
gp	헤
gO	햬
go	해
gn	후
gm	흐
gl	히
gk	하
gj	허
gi	햐
gh	호
gb	휴
fy	료
fu	려
fP	례
fp	레
fO	럐
fo	래
fn	루
fm	르
fl	리
fk	라
fj	러
fi	랴
fh	로
fb	류
Ey	뚀
ey	됴
Eu	뗘
eu	뎌
EP	뗴
Ep	떼
eP	뎨
ep	데
EO	떄
Eo	때
eO	댸
eo	대
En	뚜
en	두
Em	뜨
em	드
El	띠
el	디
Ek	따
ek	다
Ej	떠
ej	더
Ei	땨
ei	댜
Eh	또
eh	도
Eb	뜌
eb	듀
dy	요
du	여
dP	예
dp	에
dO	얘
do	애
dn	우
dm	으
dl	이
dk	아
dj	어
di	야
dh	오
db	유
cy	쵸
cu	쳐
cP	쳬
cp	체
cO	챼
co	채
cn	추
cm	츠
cl	치
ck	차
cj	처
ci	챠
ch	초
cb	츄
ay	묘
au	며
aP	몌
ap	메
aO	먜
ao	매
an	무
am	므
al	미
ak	마
aj	머
ai	먀
ah	모
ab	뮤
z	ㅋ
y	ㅛ
x	ㅌ
W	ㅉ
w	ㅈ
v	ㅍ
u	ㅕ
T	ㅆ
t	ㅅ
s	ㄴ
R	ㄲ
r	ㄱ
Q	ㅃ
q	ㅂ
p	ㅖ
p	ㅔ
O	ㅒ
o	ㅐ
n	ㅜ
m	ㅡ
l	ㅣ
k	ㅏ
j	ㅓ
i	ㅑ
h	ㅗ
g	ㅎ
f	ㄹ
E	ㄸ
e	ㄷ
d	ㅇ
c	ㅊ
b	ㅠ
a	ㅁ
